Archive member included because of file (symbol)

contiki-sky.a(uart1-putchar.o)
                              obj_sky/contiki-main.o (putchar)
contiki-sky.a(platform.o)     obj_sky/contiki-main.o (platform_init_stage_one)
contiki-sky.a(msp430.o)       contiki-sky.a(platform.o) (msp430_dco_required)
contiki-sky.a(clock.o)        obj_sky/contiki-main.o (clock_init)
contiki-sky.a(leds.o)         contiki-sky.a(platform.o) (leds_init)
contiki-sky.a(leds-arch.o)    contiki-sky.a(leds.o) (leds_arch_init)
contiki-sky.a(watchdog.o)     obj_sky/contiki-main.o (watchdog_start)
contiki-sky.a(master-net.o)   obj_sky/contiki-main.o (masternet_driver)
contiki-sky.a(master-routing.)
                              master-neighbor-discovery.o (master_routing_configured)
contiki-sky.a(autostart.o)    obj_sky/contiki-main.o (autostart_start)
contiki-sky.a(ctimer.o)       obj_sky/contiki-main.o (ctimer_init)
contiki-sky.a(energest.o)     obj_sky/contiki-main.o (energest_init)
contiki-sky.a(etimer.o)       contiki-sky.a(clock.o) (etimer_request_poll)
contiki-sky.a(log.o)          obj_sky/contiki-main.o (log_lladdr)
contiki-sky.a(process.o)      contiki-sky.a(ctimer.o) (process_current)
contiki-sky.a(rtimer.o)       obj_sky/contiki-main.o (rtimer_init)
contiki-sky.a(timer.o)        contiki-sky.a(etimer.o) (timer_set)
contiki-sky.a(serial-line.o)  contiki-sky.a(platform.o) (serial_line_input_byte)
contiki-sky.a(list.o)         contiki-sky.a(ctimer.o) (list_init)
contiki-sky.a(random.o)       contiki-sky.a(platform.o) (random_init)
contiki-sky.a(ringbuf.o)      contiki-sky.a(serial-line.o) (ringbuf_init)
contiki-sky.a(linkaddr.o)     contiki-sky.a(platform.o) (linkaddr_copy)
contiki-sky.a(netstack.o)     obj_sky/contiki-main.o (netstack_init)
contiki-sky.a(packetbuf.o)    contiki-sky.a(master-net.o) (packetbuf_datalen)
contiki-sky.a(framer-802154.o)
                              contiki-sky.a(master-net.o) (framer_802154)
contiki-sky.a(tsch-schedule.o)
                              contiki-sky.a(master-routing.) (tsch_schedule_get_slotframe_by_handle)
contiki-sky.a(tsch-slot-opera)
                              contiki-sky.a(tsch-schedule.o) (tsch_is_locked)
contiki-sky.a(tsch.o)         contiki-sky.a(tsch-slot-opera) (tsch_is_associated)
contiki-sky.a(contiki-sky-pla)
                              contiki-sky.a(platform.o) (init_platform)
contiki-sky.a(button-sensor.o)
                              contiki-sky.a(contiki-sky-pla) (button_sensor)
contiki-sky.a(ds2411.o)       contiki-sky.a(platform.o) (ds2411_init)
contiki-sky.a(xmem.o)         contiki-sky.a(platform.o) (xmem_init)
contiki-sky.a(node-id.o)      contiki-sky.a(platform.o) (node_id_restore)
contiki-sky.a(sensors.o)      contiki-sky.a(contiki-sky-pla) (sensors_process)
contiki-sky.a(cc2420.o)       contiki-sky.a(platform.o) (cc2420_set_pan_addr)
contiki-sky.a(cc2420-arch.o)  contiki-sky.a(cc2420.o) (cc2420_arch_init)
contiki-sky.a(cc2420-arch-sfd)
                              contiki-sky.a(cc2420-arch.o) (cc2420_arch_sfd_init)
contiki-sky.a(uart1.o)        contiki-sky.a(platform.o) (uart1_active)
contiki-sky.a(rtimer-arch.o)  contiki-sky.a(rtimer.o) (rtimer_arch_init)
contiki-sky.a(memb.o)         contiki-sky.a(tsch-schedule.o) (memb_init)
contiki-sky.a(ringbufindex.o)
                              contiki-sky.a(tsch.o) (ringbufindex_init)
contiki-sky.a(link-stats.o)   contiki-sky.a(tsch.o) (link_stats_packet_sent)
contiki-sky.a(nbr-table.o)    contiki-sky.a(link-stats.o) (nbr_table_register)
contiki-sky.a(queuebuf.o)     contiki-sky.a(tsch.o) (queuebuf_init)
contiki-sky.a(mac-sequence.o)
                              contiki-sky.a(tsch.o) (mac_sequence_is_duplicate)
contiki-sky.a(mac.o)          contiki-sky.a(tsch.o) (mac_call_sent_callback)
contiki-sky.a(frame802154.o)  contiki-sky.a(framer-802154.o) (frame802154_get_pan_id)
contiki-sky.a(tsch-adaptive-t)
                              contiki-sky.a(tsch-slot-opera) (tsch_timesync_update)
contiki-sky.a(tsch-packet.o)  contiki-sky.a(tsch-slot-opera) (tsch_packet_create_eack)
contiki-sky.a(tsch-queue.o)   contiki-sky.a(tsch-slot-opera) (tsch_queue_get_nbr)
contiki-sky.a(spi.o)          contiki-sky.a(xmem.o) (spi_init)
contiki-sky.a(frame802154e-ie)
                              contiki-sky.a(tsch-packet.o) (frame80215e_create_ie_header_ack_nack_time_correction)
/usr/local/bin/../lib/gcc/msp430/4.7.2/mmpy-16/libgcc.a(_mulsi3.o)
                              contiki-sky.a(tsch-slot-opera) (__mulsi3)
/usr/local/bin/../lib/gcc/msp430/4.7.2/mmpy-16/libgcc.a(_mulsidi3.o)
                              contiki-sky.a(tsch-adaptive-t) (__mulsidi3)
/usr/local/bin/../lib/gcc/msp430/4.7.2/mmpy-16/libgcc.a(_muldi3.o)
                              contiki-sky.a(tsch-adaptive-t) (__muldi3)
/usr/local/bin/../lib/gcc/msp430/4.7.2/mmpy-16/libgcc.a(_udivmod16.o)
                              contiki-sky.a(tsch-slot-opera) (__udivhi3)
/usr/local/bin/../lib/gcc/msp430/4.7.2/mmpy-16/libgcc.a(_divmod16.o)
[...]
Memory Configuration

Name             Origin             Length             Attributes
sfr              0x00000000         0x00000010
peripheral_8bit  0x00000010         0x000000f0
peripheral_16bit 0x00000100         0x00000100
ram_mirror       0x00000200         0x00000800         xw
infomem          0x00001000         0x00000100
infob            0x00001000         0x00000080
infoa            0x00001080         0x00000080
ram              0x00001100         0x00002800         xw
rom              0x00004000         0x0000bfe0         xr
vectors          0x0000ffe0         0x00000020
bsl              0x00000000         0x00000000
infoc            0x00000000         0x00000000
infod            0x00000000         0x00000000
ram2             0x00000000         0x00000000         xw
usbram           0x00000000         0x00000000         xw
far_rom          0x00000000         0x00000000
*default*        0x00000000         0xffffffff

Linker script and memory map

LOAD /usr/local/bin/../lib/gcc/msp430/4.7.2/mmpy-16/crt0ivtbl16.o
                0x000023b2                _stack = _end
LOAD master-neighbor-discovery.o
LOAD obj_sky/contiki-main.o
LOAD contiki-sky.a
LOAD /usr/local/bin/../lib/gcc/msp430/4.7.2/mmpy-16/libgcc.a
LOAD /usr/local/bin/../lib/gcc/msp430/4.7.2/../../../../msp430/lib/mmpy-16/libc.a
LOAD /usr/local/bin/../lib/gcc/msp430/4.7.2/mmpy-16/libgcc.a
LOAD /usr/local/bin/../lib/gcc/msp430/4.7.2/mmpy-16/libcrt0.a
                0x00000080                PROVIDE (__info_segment_size, 0x80)
                0x00001000                PROVIDE (__infob, 0x1000)
                0x00001080                PROVIDE (__infoa, 0x1080)
                0x00000000                __IE1 = 0x0
                0x00000002                __IFG1 = 0x2
                0x00000004                __ME1 = 0x4
                0x00000001                __IE2 = 0x1
                0x00000003                __IFG2 = 0x3
                0x00000005                __ME2 = 0x5
                0x00000120                __WDTCTL = 0x120
                0x00000130                __MPY = 0x130
                0x00000132                __MPYS = 0x132
                0x00000134                __MAC = 0x134
                0x00000136                __MACS = 0x136
                0x00000138                __OP2 = 0x138
                0x0000013a                __RESLO = 0x13a
                0x0000013c                __RESHI = 0x13c
                0x0000013e                __SUMEXT = 0x13e
                0x00000020                __P1IN = 0x20
                0x00000021                __P1OUT = 0x21
                0x00000022                __P1DIR = 0x22
                0x00000023                __P1IFG = 0x23
                0x00000024                __P1IES = 0x24
                0x00000025                __P1IE = 0x25
                0x00000026                __P1SEL = 0x26
                0x00000028                __P2IN = 0x28
                0x00000029                __P2OUT = 0x29
                0x0000002a                __P2DIR = 0x2a
                0x0000002b                __P2IFG = 0x2b
                0x0000002c                __P2IES = 0x2c
                0x0000002d                __P2IE = 0x2d
                0x0000002e                __P2SEL = 0x2e
                0x00000018                __P3IN = 0x18
                0x00000019                __P3OUT = 0x19
                0x0000001a                __P3DIR = 0x1a
                0x0000001b                __P3SEL = 0x1b
                0x0000001c                __P4IN = 0x1c
                0x0000001d                __P4OUT = 0x1d
                0x0000001e                __P4DIR = 0x1e
                0x0000001f                __P4SEL = 0x1f
                0x00000030                __P5IN = 0x30
                0x00000031                __P5OUT = 0x31
                0x00000032                __P5DIR = 0x32
                0x00000033                __P5SEL = 0x33
                0x00000034                __P6IN = 0x34
                0x00000035                __P6OUT = 0x35
                0x00000036                __P6DIR = 0x36
                0x00000037                __P6SEL = 0x37
                0x00000070                __U0CTL = 0x70
                0x00000071                __U0TCTL = 0x71
                0x00000072                __U0RCTL = 0x72
                0x00000073                __U0MCTL = 0x73
                0x00000074                __U0BR0 = 0x74
                0x00000075                __U0BR1 = 0x75
                0x00000076                __U0RXBUF = 0x76
                0x00000077                __U0TXBUF = 0x77
                0x00000078                __U1CTL = 0x78
                0x00000079                __U1TCTL = 0x79
                0x0000007a                __U1RCTL = 0x7a
                0x0000007b                __U1MCTL = 0x7b
                0x0000007c                __U1BR0 = 0x7c
                0x0000007d                __U1BR1 = 0x7d
                0x0000007e                __U1RXBUF = 0x7e
                0x0000007f                __U1TXBUF = 0x7f
                0x00000050                __I2CIE = 0x50
                0x00000051                __I2CIFG = 0x51
                0x00000052                __I2CNDAT = 0x52
                0x00000071                __I2CTCTL = 0x71
                0x00000072                __I2CDCTL = 0x72
                0x00000073                __I2CPSC = 0x73
                0x00000074                __I2CSCLH = 0x74
                0x00000075                __I2CSCLL = 0x75
                0x00000076                __I2CDRB = 0x76
                0x00000076                __I2CDRW = 0x76
                0x00000118                __I2COA = 0x118
                0x0000011a                __I2CSA = 0x11a
                0x0000011c                __I2CIV = 0x11c
                0x0000012e                __TAIV = 0x12e
                0x00000160                __TACTL = 0x160
                0x00000162                __TACCTL0 = 0x162
                0x00000164                __TACCTL1 = 0x164
                0x00000166                __TACCTL2 = 0x166
                0x00000170                __TAR = 0x170
                0x00000172                __TACCR0 = 0x172
                0x00000174                __TACCR1 = 0x174
                0x00000176                __TACCR2 = 0x176
                0x0000011e                __TBIV = 0x11e
                0x00000180                __TBCTL = 0x180
                0x00000182                __TBCCTL0 = 0x182
                0x00000184                __TBCCTL1 = 0x184
                0x00000186                __TBCCTL2 = 0x186
                0x00000188                __TBCCTL3 = 0x188
                0x0000018a                __TBCCTL4 = 0x18a
                0x0000018c                __TBCCTL5 = 0x18c
                0x0000018e                __TBCCTL6 = 0x18e
                0x00000190                __TBR = 0x190
                0x00000192                __TBCCR0 = 0x192
                0x00000194                __TBCCR1 = 0x194
                0x00000196                __TBCCR2 = 0x196
                0x00000198                __TBCCR3 = 0x198
                0x0000019a                __TBCCR4 = 0x19a
                0x0000019c                __TBCCR5 = 0x19c
                0x0000019e                __TBCCR6 = 0x19e
                0x00000056                __DCOCTL = 0x56
                0x00000057                __BCSCTL1 = 0x57
                0x00000058                __BCSCTL2 = 0x58
                0x00000055                __SVSCTL = 0x55
                0x00000128                __FCTL1 = 0x128
                0x0000012a                __FCTL2 = 0x12a
                0x0000012c                __FCTL3 = 0x12c
                0x00000059                __CACTL1 = 0x59
                0x0000005a                __CACTL2 = 0x5a
                0x0000005b                __CAPD = 0x5b
                0x000001a0                __ADC12CTL0 = 0x1a0
                0x000001a2                __ADC12CTL1 = 0x1a2
                0x000001a4                __ADC12IFG = 0x1a4
                0x000001a6                __ADC12IE = 0x1a6
                0x000001a8                __ADC12IV = 0x1a8
                0x00000140                __ADC12MEM0 = 0x140
                0x00000142                __ADC12MEM1 = 0x142
                0x00000144                __ADC12MEM2 = 0x144
                0x00000146                __ADC12MEM3 = 0x146
                0x00000148                __ADC12MEM4 = 0x148
                0x0000014a                __ADC12MEM5 = 0x14a
                0x0000014c                __ADC12MEM6 = 0x14c
                0x0000014e                __ADC12MEM7 = 0x14e
                0x00000150                __ADC12MEM8 = 0x150
                0x00000152                __ADC12MEM9 = 0x152
                0x00000154                __ADC12MEM10 = 0x154
                0x00000156                __ADC12MEM11 = 0x156
                0x00000158                __ADC12MEM12 = 0x158
                0x0000015a                __ADC12MEM13 = 0x15a
                0x0000015c                __ADC12MEM14 = 0x15c
                0x0000015e                __ADC12MEM15 = 0x15e
                0x00000080                __ADC12MCTL0 = 0x80
                0x00000081                __ADC12MCTL1 = 0x81
                0x00000082                __ADC12MCTL2 = 0x82
                0x00000083                __ADC12MCTL3 = 0x83
                0x00000084                __ADC12MCTL4 = 0x84
                0x00000085                __ADC12MCTL5 = 0x85
                0x00000086                __ADC12MCTL6 = 0x86
                0x00000087                __ADC12MCTL7 = 0x87
                0x00000088                __ADC12MCTL8 = 0x88
                0x00000089                __ADC12MCTL9 = 0x89
                0x0000008a                __ADC12MCTL10 = 0x8a
                0x0000008b                __ADC12MCTL11 = 0x8b
                0x0000008c                __ADC12MCTL12 = 0x8c
                0x0000008d                __ADC12MCTL13 = 0x8d
                0x0000008e                __ADC12MCTL14 = 0x8e
                0x0000008f                __ADC12MCTL15 = 0x8f
                0x000001c0                __DAC12_0CTL = 0x1c0
                0x000001c2                __DAC12_1CTL = 0x1c2
                0x000001c8                __DAC12_0DAT = 0x1c8
                0x000001ca                __DAC12_1DAT = 0x1ca
                0x00000122                __DMACTL0 = 0x122
                0x00000124                __DMACTL1 = 0x124
                0x000001e0                __DMA0CTL = 0x1e0
                0x000001e8                __DMA1CTL = 0x1e8
                0x000001f0                __DMA2CTL = 0x1f0
                0x000001e2                __DMA0SA = 0x1e2
                0x000001e4                __DMA0DA = 0x1e4
                0x000001e6                __DMA0SZ = 0x1e6
                0x000001ea                __DMA1SA = 0x1ea
                0x000001ec                __DMA1DA = 0x1ec
                0x000001ee                __DMA1SZ = 0x1ee
                0x000001f2                __DMA2SA = 0x1f2
                0x000001f4                __DMA2DA = 0x1f4
                0x000001f6                __DMA2SZ = 0x1f6

.hash
 *(.hash)

.dynsym
 *(.dynsym)

.dynstr
 *(.dynstr)

.gnu.version
 *(.gnu.version)

.gnu.version_d
 *(.gnu.version_d)

.gnu.version_r
 *(.gnu.version_r)

.rel.init
 *(.rel.init)

.rela.init
 *(.rela.init)

.rel.fini
 *(.rel.fini)

.rela.fini
 *(.rela.fini)

.rel.text
 *(.rel.text .rel.text.* .rel.gnu.linkonce.t.*)

.rela.text
 *(.rela.text .rela.text.* .rela.gnu.linkonce.t.*)

.rel.rodata
 *(.rel.rodata .rel.rodata.* .rel.gnu.linkonce.r.*)

.rela.rodata
 *(.rela.rodata .rela.rodata.* .rela.gnu.linkonce.r.*)

.rel.data
 *(.rel.data .rel.data.* .rel.gnu.linkonce.d.*)

.rela.data
 *(.rela.data .rela.data.* .rela.gnu.linkonce.d.*)

.rel.bss
 *(.rel.bss .rel.bss.* .rel.gnu.linkonce.b.*)

.rela.bss
 *(.rela.bss .rela.bss.* .rela.gnu.linkonce.b.*)

.rel.ctors
 *(.rel.ctors)

.rela.ctors
 *(.rela.ctors)

.rel.dtors
 *(.rel.dtors)

.rela.dtors
 *(.rela.dtors)

.rel.got
 *(.rel.got)

.rela.got
 *(.rela.got)

.rel.plt
 *(.rel.plt)

.rela.plt
 *(.rela.plt)

.text           0x00004000     0x741a
                0x00004000                . = ALIGN (0x2)
 *(.init .init.*)
 *(.init0)
 .init0         0x00004000        0x0 /usr/local/bin/../lib/gcc/msp430/4.7.2/mmpy-16/libcrt0.a(_reset_vector__.o)
                0x00004000                _reset_vector__
 *(.init1)
 .init1         0x00004000        0xc /usr/local/bin/../lib/gcc/msp430/4.7.2/mmpy-16/libcrt0.a(__watchdog_support.o)
                0x00004000                __watchdog_support
 *(.init2)
 .init2         0x0000400c        0x4 /usr/local/bin/../lib/gcc/msp430/4.7.2/mmpy-16/libcrt0.a(__init_stack.o)
                0x0000400c                __init_stack
 *(.init3)
 .init3         0x00004010        0x0 /usr/local/bin/../lib/gcc/msp430/4.7.2/mmpy-16/libcrt0.a(__low_level_init.o)
                0x00004010                __low_level_init
 *(.init4)
 .init4         0x00004010       0x18 /usr/local/bin/../lib/gcc/msp430/4.7.2/mmpy-16/libcrt0.a(_copy_data.o)
                0x00004010                __do_copy_data
 .init4         0x00004028       0x16 /usr/local/bin/../lib/gcc/msp430/4.7.2/mmpy-16/libcrt0.a(_clear_bss.o)
                0x00004028                __do_clear_bss
 *(.init5)
 *(.init6)
 *(.init7)
 *(.init8)
 *(.init9)
 .init9         0x0000403e      0x110 obj_sky/contiki-main.o
                0x0000403e                main
 *(.fini9)
 .fini9         0x0000414e        0x0 /usr/local/bin/../lib/gcc/msp430/4.7.2/mmpy-16/libcrt0.a(__stop_progExec__.o)
                0x0000414e                __stop_progExec__
 *(.fini8)
 *(.fini7)
 *(.fini6)
 *(.fini5)
 *(.fini4)
 *(.fini3)
 *(.fini2)
 *(.fini1)
 *(.fini0)
 .fini0         0x0000414e        0x6 /usr/local/bin/../lib/gcc/msp430/4.7.2/mmpy-16/libcrt0.a(_endless_loop__.o)
                0x0000414e                _endless_loop__
 *(.fini .fini.*)
                0x00004154                . = ALIGN (0x2)
                0x00004154                __ctors_start = .
 *(.ctors)
                0x00004154                __ctors_end = .
                0x00004154                __dtors_start = .
 *(.dtors)
                0x00004154                __dtors_end = .
                0x00004154                . = ALIGN (0x2)
 *(.text .text.* .gnu.linkonce.t.*)
 .text          0x00004154        0x4 /usr/local/bin/../lib/gcc/msp430/4.7.2/mmpy-16/crt0ivtbl16.o
                0x00004154                __isr_14
                0x00004154                __isr_11
                0x00004154                __isr_2
                0x00004154                __isr_7
                0x00004154                __isr_0
                0x00004154                __isr_8
                0x00004154                __isr_3
                0x00004154                __isr_13
                0x00004154                __isr_9
                0x00004154                __isr_1
 .text.process_thread_master_neighbor_discovery_process
                0x00004158       0x88 master-neighbor-discovery.o
 .text.putchar  0x000041e0       0x10 contiki-sky.a(uart1-putchar.o)
                0x000041e0                putchar
 .text.platform_init_stage_one
                0x000041f0       0x10 contiki-sky.a(platform.o)
                0x000041f0                platform_init_stage_one
 .text.platform_init_stage_two
                0x00004200       0x80 contiki-sky.a(platform.o)
                0x00004200                platform_init_stage_two
 .text.platform_init_stage_three
                0x00004280       0xd2 contiki-sky.a(platform.o)
                0x00004280                platform_init_stage_three
 .text.platform_idle
                0x00004352       0x38 contiki-sky.a(platform.o)
                0x00004352                platform_idle
 .text.msp430_init_dco
                0x0000438a       0x82 contiki-sky.a(msp430.o)
                0x0000438a                msp430_init_dco
 .text.msp430_add_lpm_req
                0x0000440c        0xc contiki-sky.a(msp430.o)
                0x0000440c                msp430_add_lpm_req
 .text.msp430_cpu_init
                0x00004418       0x2a contiki-sky.a(msp430.o)
                0x00004418                msp430_cpu_init
 .text.splhigh_
                0x00004442        0x8 contiki-sky.a(msp430.o)
                0x00004442                splhigh_
 .text.timera1  0x0000444a       0xdc contiki-sky.a(clock.o)
                0x0000444a                __isr_5
                0x0000444a                timera1
 .text.clock_time
                0x00004526       0x1a contiki-sky.a(clock.o)
                0x00004526                clock_time
 .text.clock_init
                0x00004540       0x28 contiki-sky.a(clock.o)
                0x00004540                clock_init
 .text.clock_delay
                0x00004568        0xc contiki-sky.a(clock.o)
                0x00004568                clock_delay
 .text.leds_init
                0x00004574        0x6 contiki-sky.a(leds.o)
                0x00004574                leds_init
 .text.leds_on  0x0000457a       0x12 contiki-sky.a(leds.o)
                0x0000457a                leds_on
 .text.leds_off
                0x0000458c       0x12 contiki-sky.a(leds.o)
                0x0000458c                leds_off
 .text.leds_arch_init
                0x0000459e        0xe contiki-sky.a(leds-arch.o)
                0x0000459e                leds_arch_init
 .text.leds_arch_get
                0x000045ac       0x3e contiki-sky.a(leds-arch.o)
                0x000045ac                leds_arch_get
 .text.leds_arch_set
                0x000045ea       0x38 contiki-sky.a(leds-arch.o)
                0x000045ea                leds_arch_set
 .text.watchdog_interrupt
                0x00004622        0x6 contiki-sky.a(watchdog.o)
                0x00004622                __isr_10
                0x00004622                watchdog_interrupt
 .text.watchdog_start
                0x00004628       0x14 contiki-sky.a(watchdog.o)
                0x00004628                watchdog_start
 .text.watchdog_periodic
                0x0000463c       0x12 contiki-sky.a(watchdog.o)
                0x0000463c                watchdog_periodic
 .text.watchdog_stop
                0x0000464e       0x16 contiki-sky.a(watchdog.o)
                0x0000464e                watchdog_stop
 .text.watchdog_init
                0x00004664       0x12 contiki-sky.a(watchdog.o)
                0x00004664                watchdog_init
 .text.output   0x00004676       0xc2 contiki-sky.a(master-net.o)
 .text.input    0x00004738       0x40 contiki-sky.a(master-net.o)
 .text.init     0x00004778       0x22 contiki-sky.a(master-net.o)
 .text.masternet_set_input_callback
                0x0000479a        0x6 contiki-sky.a(master-net.o)
                0x0000479a                masternet_set_input_callback
 .text.masternet_set_config_callback
                0x000047a0        0x6 contiki-sky.a(master-net.o)
                0x000047a0                masternet_set_config_callback
 .text.master_routing_sent_configuration
                0x000047a6        0x6 contiki-sky.a(master-routing.)
                0x000047a6                master_routing_sent_configuration
 .text.master_install_schedule
                0x000047ac      0x10c contiki-sky.a(master-routing.)
 .text.master_routing_input
                0x000048b8       0xaa contiki-sky.a(master-routing.)
                0x000048b8                master_routing_input
 .text.master_routing_configured
                0x00004962        0x6 contiki-sky.a(master-routing.)
                0x00004962                master_routing_configured
 .text.neighbor_discovery_send
                0x00004968       0x98 contiki-sky.a(master-routing.)
                0x00004968                neighbor_discovery_send
 .text.master_routing_sendto
                0x00004a00       0x38 contiki-sky.a(master-routing.)
                0x00004a00                master_routing_sendto
 .text.init_master_routing
                0x00004a38       0xa2 contiki-sky.a(master-routing.)
                0x00004a38                init_master_routing
 .text.autostart_start
                0x00004ada       0x16 contiki-sky.a(autostart.o)
                0x00004ada                autostart_start
 .text.process_thread_ctimer_process
                0x00004af0       0xa8 contiki-sky.a(ctimer.o)
 .text.ctimer_init
                0x00004b98       0x18 contiki-sky.a(ctimer.o)
                0x00004b98                ctimer_init
 .text.ctimer_set_with_process
                0x00004bb0       0x4e contiki-sky.a(ctimer.o)
                0x00004bb0                ctimer_set_with_process
 .text.ctimer_set
                0x00004bfe       0x10 contiki-sky.a(ctimer.o)
                0x00004bfe                ctimer_set
 .text.ctimer_reset
                0x00004c0e       0x30 contiki-sky.a(ctimer.o)
                0x00004c0e                ctimer_reset
 .text.ctimer_stop
                0x00004c3e       0x28 contiki-sky.a(ctimer.o)
                0x00004c3e                ctimer_stop
 .text.energest_init
                0x00004c66        0x2 contiki-sky.a(energest.o)
                0x00004c66                energest_init
 .text.energest_flush
                0x00004c68        0x2 contiki-sky.a(energest.o)
                0x00004c68                energest_flush
 .text.update_time
                0x00004c6a       0x78 contiki-sky.a(etimer.o)
 .text.etimer_request_poll
                0x00004ce2        0xa contiki-sky.a(etimer.o)
                0x00004ce2                etimer_request_poll
 .text.process_thread_etimer_process
                0x00004cec       0xcc contiki-sky.a(etimer.o)
 .text.add_timer
                0x00004db8       0x40 contiki-sky.a(etimer.o)
 .text.etimer_set
                0x00004df8       0x12 contiki-sky.a(etimer.o)
                0x00004df8                etimer_set
 .text.etimer_reset
                0x00004e0a       0x12 contiki-sky.a(etimer.o)
                0x00004e0a                etimer_reset
 .text.etimer_expired
                0x00004e1c        0xe contiki-sky.a(etimer.o)
                0x00004e1c                etimer_expired
 .text.etimer_pending
                0x00004e2a        0xc contiki-sky.a(etimer.o)
                0x00004e2a                etimer_pending
 .text.etimer_next_expiration_time
                0x00004e36       0x16 contiki-sky.a(etimer.o)
                0x00004e36                etimer_next_expiration_time
 .text.etimer_stop
                0x00004e4c       0x3e contiki-sky.a(etimer.o)
                0x00004e4c                etimer_stop
 .text.log_lladdr
                0x00004e8a       0x4a contiki-sky.a(log.o)
                0x00004e8a                log_lladdr
 .text.call_process
                0x00004ed4       0x46 contiki-sky.a(process.o)
 .text.exit_process
                0x00004f1a       0x96 contiki-sky.a(process.o)
 .text.do_poll  0x00004fb0       0x30 contiki-sky.a(process.o)
 .text.process_alloc_event
                0x00004fe0        0xe contiki-sky.a(process.o)
                0x00004fe0                process_alloc_event
 .text.process_init
                0x00004fee       0x18 contiki-sky.a(process.o)
                0x00004fee                process_init
 .text.process_run
                0x00005006       0x92 contiki-sky.a(process.o)
                0x00005006                process_run
 .text.process_nevents
                0x00005098        0xe contiki-sky.a(process.o)
                0x00005098                process_nevents
 .text.process_post
                0x000050a6       0x42 contiki-sky.a(process.o)
                0x000050a6                process_post
 .text.process_post_synch
                0x000050e8       0x12 contiki-sky.a(process.o)
                0x000050e8                process_post_synch
 .text.process_start
                0x000050fa       0x36 contiki-sky.a(process.o)
                0x000050fa                process_start
 .text.process_poll
                0x00005130       0x18 contiki-sky.a(process.o)
                0x00005130                process_poll
 .text.rtimer_init
                0x00005148        0x6 contiki-sky.a(rtimer.o)
                0x00005148                rtimer_init
 .text.rtimer_set
                0x0000514e       0x24 contiki-sky.a(rtimer.o)
                0x0000514e                rtimer_set
 .text.rtimer_run_next
                0x00005172       0x26 contiki-sky.a(rtimer.o)
                0x00005172                rtimer_run_next
 .text.timer_set
                0x00005198       0x1c contiki-sky.a(timer.o)
                0x00005198                timer_set
 .text.timer_reset
                0x000051b4        0xe contiki-sky.a(timer.o)
                0x000051b4                timer_reset
 .text.timer_expired
                0x000051c2       0x2a contiki-sky.a(timer.o)
                0x000051c2                timer_expired
 .text.process_thread_serial_line_process
                0x000051ec       0x9e contiki-sky.a(serial-line.o)
 .text.serial_line_input_byte
                0x0000528a       0x4a contiki-sky.a(serial-line.o)
                0x0000528a                serial_line_input_byte
 .text.serial_line_init
                0x000052d4       0x1c contiki-sky.a(serial-line.o)
                0x000052d4                serial_line_init
 .text.list_init
                0x000052f0        0x6 contiki-sky.a(list.o)
                0x000052f0                list_init
 .text.list_head
                0x000052f6        0x4 contiki-sky.a(list.o)
                0x000052f6                list_head
 .text.list_tail
                0x000052fa       0x12 contiki-sky.a(list.o)
                0x000052fa                list_tail
 .text.list_remove
                0x0000530c       0x34 contiki-sky.a(list.o)
                0x0000530c                list_remove
 .text.list_add
                0x00005340       0x2a contiki-sky.a(list.o)
                0x00005340                list_add
 .text.list_item_next
                0x0000536a        0xc contiki-sky.a(list.o)
                0x0000536a                list_item_next
 .text.random_init
                0x00005376        0x6 contiki-sky.a(random.o)
                0x00005376                random_init
 .text.random_rand
                0x0000537c        0x6 contiki-sky.a(random.o)
                0x0000537c                random_rand
 .text.ringbuf_init
                0x00005382       0x14 contiki-sky.a(ringbuf.o)
                0x00005382                ringbuf_init
 .text.ringbuf_put
                0x00005396       0x38 contiki-sky.a(ringbuf.o)
                0x00005396                ringbuf_put
 .text.ringbuf_get
                0x000053ce       0x32 contiki-sky.a(ringbuf.o)
                0x000053ce                ringbuf_get
 .text.linkaddr_copy
                0x00005400        0x8 contiki-sky.a(linkaddr.o)
                0x00005400                linkaddr_copy
 .text.linkaddr_cmp
                0x00005408       0x12 contiki-sky.a(linkaddr.o)
                0x00005408                linkaddr_cmp
 .text.linkaddr_set_node_addr
                0x0000541a        0xc contiki-sky.a(linkaddr.o)
                0x0000541a                linkaddr_set_node_addr
 .text.netstack_init
                0x00005426        0xe contiki-sky.a(netstack.o)
                0x00005426                netstack_init
 .text.packetbuf_hdrreduce
                0x00005434       0x1a contiki-sky.a(packetbuf.o)
                0x00005434                packetbuf_hdrreduce
 .text.packetbuf_set_datalen
                0x0000544e        0x6 contiki-sky.a(packetbuf.o)
                0x0000544e                packetbuf_set_datalen
 .text.packetbuf_hdrptr
                0x00005454        0x6 contiki-sky.a(packetbuf.o)
                0x00005454                packetbuf_hdrptr
 .text.packetbuf_datalen
                0x0000545a        0x6 contiki-sky.a(packetbuf.o)
                0x0000545a                packetbuf_datalen
 .text.packetbuf_hdrlen
                0x00005460        0xa contiki-sky.a(packetbuf.o)
                0x00005460                packetbuf_hdrlen
 .text.packetbuf_dataptr
                0x0000546a        0xc contiki-sky.a(packetbuf.o)
                0x0000546a                packetbuf_dataptr
 .text.packetbuf_copyto
                0x00005476       0x46 contiki-sky.a(packetbuf.o)
                0x00005476                packetbuf_copyto
 .text.packetbuf_totlen
                0x000054bc        0xc contiki-sky.a(packetbuf.o)
                0x000054bc                packetbuf_totlen
 .text.packetbuf_hdralloc
                0x000054c8       0x3c contiki-sky.a(packetbuf.o)
                0x000054c8                packetbuf_hdralloc
 .text.packetbuf_remaininglen
                0x00005504        0xe contiki-sky.a(packetbuf.o)
                0x00005504                packetbuf_remaininglen
 .text.packetbuf_attr_clear
                0x00005512       0x28 contiki-sky.a(packetbuf.o)
                0x00005512                packetbuf_attr_clear
 .text.packetbuf_clear
                0x0000553a       0x12 contiki-sky.a(packetbuf.o)
                0x0000553a                packetbuf_clear
 .text.packetbuf_copyfrom
                0x0000554c       0x2e contiki-sky.a(packetbuf.o)
                0x0000554c                packetbuf_copyfrom
 .text.packetbuf_attr_copyto
                0x0000557a       0x22 contiki-sky.a(packetbuf.o)
                0x0000557a                packetbuf_attr_copyto
 .text.packetbuf_attr_copyfrom
                0x0000559c       0x24 contiki-sky.a(packetbuf.o)
                0x0000559c                packetbuf_attr_copyfrom
 .text.packetbuf_set_attr
                0x000055c0        0xc contiki-sky.a(packetbuf.o)
                0x000055c0                packetbuf_set_attr
 .text.packetbuf_attr
                0x000055cc        0xa contiki-sky.a(packetbuf.o)
                0x000055cc                packetbuf_attr
 .text.packetbuf_set_addr
                0x000055d6       0x18 contiki-sky.a(packetbuf.o)
                0x000055d6                packetbuf_set_addr
 .text.packetbuf_addr
                0x000055ee       0x12 contiki-sky.a(packetbuf.o)
                0x000055ee                packetbuf_addr
 .text.packetbuf_holds_broadcast
                0x00005600        0xe contiki-sky.a(packetbuf.o)
                0x00005600                packetbuf_holds_broadcast
 .text.parse    0x0000560e       0x96 contiki-sky.a(framer-802154.o)
 .text.framer_802154_setup_params
                0x000056a4       0xbc contiki-sky.a(framer-802154.o)
                0x000056a4                framer_802154_setup_params
 .text.create_frame
                0x00005760       0xde contiki-sky.a(framer-802154.o)
 .text.create   0x0000583e        0x8 contiki-sky.a(framer-802154.o)
 .text.hdr_length
                0x00005846        0x8 contiki-sky.a(framer-802154.o)
 .text.tsch_schedule_get_slotframe_by_handle
                0x0000584e       0x2e contiki-sky.a(tsch-schedule.o)
                0x0000584e                tsch_schedule_get_slotframe_by_handle
 .text.tsch_schedule_add_slotframe
                0x0000587c       0x7c contiki-sky.a(tsch-schedule.o)
                0x0000587c                tsch_schedule_add_slotframe
 .text.tsch_schedule_remove_link
                0x000058f8       0x7e contiki-sky.a(tsch-schedule.o)
                0x000058f8                tsch_schedule_remove_link
 .text.tsch_schedule_remove_slotframe
                0x00005976       0x46 contiki-sky.a(tsch-schedule.o)
                0x00005976                tsch_schedule_remove_slotframe
 .text.tsch_schedule_remove_all_slotframes
                0x000059bc       0x1e contiki-sky.a(tsch-schedule.o)
                0x000059bc                tsch_schedule_remove_all_slotframes
 .text.tsch_schedule_get_link_by_timeslot
                0x000059da       0x38 contiki-sky.a(tsch-schedule.o)
                0x000059da                tsch_schedule_get_link_by_timeslot
 .text.tsch_schedule_remove_link_by_timeslot
                0x00005a12       0x26 contiki-sky.a(tsch-schedule.o)
                0x00005a12                tsch_schedule_remove_link_by_timeslot
 .text.tsch_schedule_add_link
                0x00005a38       0xce contiki-sky.a(tsch-schedule.o)
                0x00005a38                tsch_schedule_add_link
 .text.tsch_schedule_get_next_active_link
                0x00005b06      0x132 contiki-sky.a(tsch-schedule.o)
                0x00005b06                tsch_schedule_get_next_active_link
 .text.tsch_schedule_init
                0x00005c38       0x2c contiki-sky.a(tsch-schedule.o)
                0x00005c38                tsch_schedule_init
 .text.tsch_radio_on.part.0
                0x00005c64        0x6 contiki-sky.a(tsch-slot-opera)
 .text.tsch_radio_off.part.1
                0x00005c6a        0x6 contiki-sky.a(tsch-slot-opera)
 .text.tsch_schedule_slot_operation.isra.2
                0x00005c70       0x5e contiki-sky.a(tsch-slot-opera)
 .text.get_packet_and_neighbor_for_link.constprop.6
                0x00005cce       0x68 contiki-sky.a(tsch-slot-opera)
 .text.tsch_is_locked
                0x00005d36        0x6 contiki-sky.a(tsch-slot-opera)
                0x00005d36                tsch_is_locked
 .text.tsch_get_lock
                0x00005d3c       0x3c contiki-sky.a(tsch-slot-opera)
                0x00005d3c                tsch_get_lock
 .text.tsch_release_lock
                0x00005d78        0x6 contiki-sky.a(tsch-slot-opera)
                0x00005d78                tsch_release_lock
 .text.tsch_calculate_channel
                0x00005d7e       0x62 contiki-sky.a(tsch-slot-opera)
                0x00005d7e                tsch_calculate_channel
 .text.tsch_slot_operation
                0x00005de0      0x9e0 contiki-sky.a(tsch-slot-opera)
 .text.tsch_slot_operation_start
                0x000067c0       0x84 contiki-sky.a(tsch-slot-opera)
                0x000067c0                tsch_slot_operation_start
 .text.tsch_slot_operation_sync
                0x00006844       0x36 contiki-sky.a(tsch-slot-opera)
                0x00006844                tsch_slot_operation_sync
 .text.turn_off
                0x0000687a        0x8 contiki-sky.a(tsch.o)
 .text.send_packet
                0x00006882       0xc8 contiki-sky.a(tsch.o)
 .text.tsch_reset
                0x0000694a       0x90 contiki-sky.a(tsch.o)
 .text.process_thread_tsch_send_eb_process
                0x000069da      0x156 contiki-sky.a(tsch.o)
 .text.turn_on  0x00006b30       0x36 contiki-sky.a(tsch.o)
 .text.tsch_init
                0x00006b66       0xaa contiki-sky.a(tsch.o)
 .text.packet_input
                0x00006c10       0x26 contiki-sky.a(tsch.o)
 .text.keepalive_send
                0x00006c36       0x30 contiki-sky.a(tsch.o)
 .text.tsch_set_coordinator
                0x00006c66       0x1a contiki-sky.a(tsch.o)
                0x00006c66                tsch_set_coordinator
 .text.tsch_set_eb_period
                0x00006c80       0x1a contiki-sky.a(tsch.o)
                0x00006c80                tsch_set_eb_period
 .text.tsch_schedule_keepalive
                0x00006c9a       0x78 contiki-sky.a(tsch.o)
                0x00006c9a                tsch_schedule_keepalive
 .text.tsch_set_ka_timeout
                0x00006d12       0x20 contiki-sky.a(tsch.o)
                0x00006d12                tsch_set_ka_timeout
 .text.tsch_schedule_keepalive_immediately
                0x00006d32       0x22 contiki-sky.a(tsch.o)
                0x00006d32                tsch_schedule_keepalive_immediately
 .text.tsch_disassociate
                0x00006d54       0x1a contiki-sky.a(tsch.o)
                0x00006d54                tsch_disassociate
 .text.process_thread_tsch_pending_events_process
                0x00006d6e      0x190 contiki-sky.a(tsch.o)
 .text.keepalive_packet_sent
                0x00006efe       0x62 contiki-sky.a(tsch.o)
 .text.tsch_scan
                0x00006f60      0x364 contiki-sky.a(tsch.o)
                0x00006f60                tsch_scan
 .text.process_thread_tsch_process
                0x000072c4       0xae contiki-sky.a(tsch.o)
 .text.init_platform
                0x00007372        0xc contiki-sky.a(contiki-sky-pla)
                0x00007372                init_platform
 .text.status   0x0000737e       0x18 contiki-sky.a(button-sensor.o)
 .text.value    0x00007396       0x20 contiki-sky.a(button-sensor.o)
 .text.configure
                0x000073b6       0x4c contiki-sky.a(button-sensor.o)
 .text.owreadb  0x00007402       0x50 contiki-sky.a(ds2411.o)
 .text.ds2411_init
                0x00007452      0x120 contiki-sky.a(ds2411.o)
                0x00007452                ds2411_init
 .text.wait_ready
                0x00007572       0x4a contiki-sky.a(xmem.o)
 .text.xmem_init
                0x000075bc       0x3c contiki-sky.a(xmem.o)
                0x000075bc                xmem_init
 .text.xmem_pread
                0x000075f8       0xa4 contiki-sky.a(xmem.o)
                0x000075f8                xmem_pread
 .text.node_id_restore
                0x0000769c       0x38 contiki-sky.a(node-id.o)
                0x0000769c                node_id_restore
 .text.process_thread_sensors_process
                0x000076d4       0xc2 contiki-sky.a(sensors.o)
 .text.set_object
                0x00007796        0x4 contiki-sky.a(cc2420.o)
 .text.strobe   0x0000779a       0x1c contiki-sky.a(cc2420.o)
 .text.getreg   0x000077b6       0x4c contiki-sky.a(cc2420.o)
 .text.setreg   0x00007802       0x4c contiki-sky.a(cc2420.o)
 .text.write_ram
                0x0000784e       0x7c contiki-sky.a(cc2420.o)
 .text.write_fifo_buf
                0x000078ca       0x3c contiki-sky.a(cc2420.o)
 .text.get_status
                0x00007906       0x20 contiki-sky.a(cc2420.o)
 .text.on       0x00007926       0x1a contiki-sky.a(cc2420.o)
 .text.cc2420_receiving_packet
                0x00007940        0xc contiki-sky.a(cc2420.o)
 .text.pending_packet
                0x0000794c        0x8 contiki-sky.a(cc2420.o)
 .text.wait_for_transmission
                0x00007954       0x22 contiki-sky.a(cc2420.o)
 .text.wait_for_status
                0x00007976       0x28 contiki-sky.a(cc2420.o)
 .text.getrxdata
                0x0000799e       0x50 contiki-sky.a(cc2420.o)
 .text.flushrx  0x000079ee       0x1a contiki-sky.a(cc2420.o)
 .text.off      0x00007a08       0x28 contiki-sky.a(cc2420.o)
 .text.RELEASE_LOCK
                0x00007a30       0x28 contiki-sky.a(cc2420.o)
 .text.set_key  0x00007a58       0x18 contiki-sky.a(cc2420.o)
 .text.set_frame_filtering
                0x00007a70       0x30 contiki-sky.a(cc2420.o)
 .text.set_auto_ack
                0x00007aa0       0x30 contiki-sky.a(cc2420.o)
 .text.set_poll_mode
                0x00007ad0       0x2c contiki-sky.a(cc2420.o)
 .text.cc2420_prepare
                0x00007afc       0x3c contiki-sky.a(cc2420.o)
 .text.get_object
                0x00007b38       0x20 contiki-sky.a(cc2420.o)
 .text.cc2420_on
                0x00007b58       0x22 contiki-sky.a(cc2420.o)
                0x00007b58                cc2420_on
 .text.cc2420_transmit
                0x00007b7a       0x5a contiki-sky.a(cc2420.o)
 .text.cc2420_send
                0x00007bd4       0x12 contiki-sky.a(cc2420.o)
 .text.cc2420_off
                0x00007be6       0x30 contiki-sky.a(cc2420.o)
                0x00007be6                cc2420_off
 .text.cc2420_cca
                0x00007c16       0x68 contiki-sky.a(cc2420.o)
 .text.cc2420_read
                0x00007c7e       0xbe contiki-sky.a(cc2420.o)
 .text.process_thread_cc2420_process
                0x00007d3c       0x62 contiki-sky.a(cc2420.o)
 .text.encrypt  0x00007d9e       0x88 contiki-sky.a(cc2420.o)
 .text.cc2420_set_channel
                0x00007e26       0x3c contiki-sky.a(cc2420.o)
                0x00007e26                cc2420_set_channel
 .text.cc2420_set_pan_addr
                0x00007e62       0x4c contiki-sky.a(cc2420.o)
                0x00007e62                cc2420_set_pan_addr
 .text.cc2420_interrupt
                0x00007eae       0x16 contiki-sky.a(cc2420.o)
                0x00007eae                cc2420_interrupt
 .text.cc2420_set_txpower
                0x00007ec4       0x2c contiki-sky.a(cc2420.o)
                0x00007ec4                cc2420_set_txpower
 .text.cc2420_get_txpower
                0x00007ef0       0x1e contiki-sky.a(cc2420.o)
                0x00007ef0                cc2420_get_txpower
 .text.cc2420_rssi
                0x00007f0e       0x4c contiki-sky.a(cc2420.o)
                0x00007f0e                cc2420_rssi
 .text.get_value
                0x00007f5a      0x104 contiki-sky.a(cc2420.o)
 .text.cc2420_set_cca_threshold
                0x0000805e       0x16 contiki-sky.a(cc2420.o)
                0x0000805e                cc2420_set_cca_threshold
 .text.set_value
                0x00008074       0xb8 contiki-sky.a(cc2420.o)
 .text.cc2420_init
                0x0000812c       0xea contiki-sky.a(cc2420.o)
                0x0000812c                cc2420_init
 .text.cc2420_port1_interrupt
                0x00008216       0x20 contiki-sky.a(cc2420-arch.o)
                0x00008216                __isr_4
                0x00008216                cc2420_port1_interrupt
 .text.cc2420_arch_init
                0x00008236       0x1e contiki-sky.a(cc2420-arch.o)
                0x00008236                cc2420_arch_init
 .text.cc2420_timerb1_interrupt
                0x00008254       0x26 contiki-sky.a(cc2420-arch-sfd)
                0x00008254                cc2420_timerb1_interrupt
                0x00008254                __isr_12
 .text.cc2420_arch_sfd_init
                0x0000827a       0x26 contiki-sky.a(cc2420-arch-sfd)
                0x0000827a                cc2420_arch_sfd_init
 .text.handle_rxdma_timer
                0x000082a0       0x3a contiki-sky.a(uart1.o)
 .text.uart1_active
                0x000082da       0x18 contiki-sky.a(uart1.o)
                0x000082da                uart1_active
 .text.uart1_set_input
                0x000082f2       0x20 contiki-sky.a(uart1.o)
                0x000082f2                uart1_set_input
 .text.uart1_writeb
                0x00008312       0x18 contiki-sky.a(uart1.o)
                0x00008312                uart1_writeb
 .text.uart1_init
                0x0000832a       0xf4 contiki-sky.a(uart1.o)
                0x0000832a                uart1_init
 .text.timera0  0x0000841e       0x2e contiki-sky.a(rtimer-arch.o)
                0x0000841e                __isr_6
                0x0000841e                timera0
 .text.rtimer_arch_init
                0x0000844c        0xe contiki-sky.a(rtimer-arch.o)
                0x0000844c                rtimer_arch_init
 .text.rtimer_arch_now
                0x0000845a        0xe contiki-sky.a(rtimer-arch.o)
                0x0000845a                rtimer_arch_now
 .text.rtimer_arch_schedule
                0x00008468        0x6 contiki-sky.a(rtimer-arch.o)
                0x00008468                rtimer_arch_schedule
 .text.memb_init
                0x0000846e       0x36 contiki-sky.a(memb.o)
                0x0000846e                memb_init
 .text.memb_alloc
                0x000084a4       0x3e contiki-sky.a(memb.o)
                0x000084a4                memb_alloc
 .text.memb_free
                0x000084e2       0x3a contiki-sky.a(memb.o)
                0x000084e2                memb_free
 .text.memb_inmemb
                0x0000851c       0x2a contiki-sky.a(memb.o)
                0x0000851c                memb_inmemb
 .text.ringbufindex_init
                0x00008546       0x10 contiki-sky.a(ringbufindex.o)
                0x00008546                ringbufindex_init
 .text.ringbufindex_put
                0x00008556       0x28 contiki-sky.a(ringbufindex.o)
                0x00008556                ringbufindex_put
 .text.ringbufindex_peek_put
                0x0000857e       0x1c contiki-sky.a(ringbufindex.o)
                0x0000857e                ringbufindex_peek_put
 .text.ringbufindex_get
                0x0000859a       0x2c contiki-sky.a(ringbufindex.o)
                0x0000859a                ringbufindex_get
 .text.ringbufindex_peek_get
                0x000085c6       0x16 contiki-sky.a(ringbufindex.o)
                0x000085c6                ringbufindex_peek_get
 .text.ringbufindex_elements
                0x000085dc       0x10 contiki-sky.a(ringbufindex.o)
                0x000085dc                ringbufindex_elements
 .text.ringbufindex_empty
                0x000085ec       0x10 contiki-sky.a(ringbufindex.o)
                0x000085ec                ringbufindex_empty
 .text.link_stats_is_fresh
                0x000085fc       0x30 contiki-sky.a(link-stats.o)
                0x000085fc                link_stats_is_fresh
 .text.guess_etx_from_rssi
                0x0000862c       0x42 contiki-sky.a(link-stats.o)
                0x0000862c                guess_etx_from_rssi
 .text.link_stats_packet_sent
                0x0000866e       0xdc contiki-sky.a(link-stats.o)
                0x0000866e                link_stats_packet_sent
 .text.item_from_index
                0x0000874a       0x2a contiki-sky.a(nbr-table.o)
 .text.index_from_key
                0x00008774       0x26 contiki-sky.a(nbr-table.o)
 .text.index_from_item
                0x0000879a       0x1e contiki-sky.a(nbr-table.o)
 .text.nbr_set_bit
                0x000087b8       0x58 contiki-sky.a(nbr-table.o)
 .text.index_from_lladdr
                0x00008810       0x42 contiki-sky.a(nbr-table.o)
 .text.nbr_get_bit.constprop.1
                0x00008852       0x2e contiki-sky.a(nbr-table.o)
 .text.remove_key
                0x00008880       0x66 contiki-sky.a(nbr-table.o)
 .text.nbr_table_add_lladdr
                0x000088e6       0xd8 contiki-sky.a(nbr-table.o)
                0x000088e6                nbr_table_add_lladdr
 .text.nbr_table_get_from_lladdr
                0x000089be       0x2c contiki-sky.a(nbr-table.o)
                0x000089be                nbr_table_get_from_lladdr
 .text.queuebuf_init
                0x000089ea       0x12 contiki-sky.a(queuebuf.o)
                0x000089ea                queuebuf_init
 .text.queuebuf_new_from_packetbuf
                0x000089fc       0x52 contiki-sky.a(queuebuf.o)
                0x000089fc                queuebuf_new_from_packetbuf
 .text.queuebuf_free
                0x00008a4e       0x2a contiki-sky.a(queuebuf.o)
                0x00008a4e                queuebuf_free
 .text.queuebuf_to_packetbuf
                0x00008a78       0x32 contiki-sky.a(queuebuf.o)
                0x00008a78                queuebuf_to_packetbuf
 .text.queuebuf_dataptr
                0x00008aaa       0x1c contiki-sky.a(queuebuf.o)
                0x00008aaa                queuebuf_dataptr
 .text.queuebuf_datalen
                0x00008ac6        0x8 contiki-sky.a(queuebuf.o)
                0x00008ac6                queuebuf_datalen
 .text.mac_sequence_is_duplicate
                0x00008ace       0x84 contiki-sky.a(mac-sequence.o)
                0x00008ace                mac_sequence_is_duplicate
 .text.mac_sequence_register_seqno
                0x00008b52       0x90 contiki-sky.a(mac-sequence.o)
                0x00008b52                mac_sequence_register_seqno
 .text.mac_call_sent_callback
                0x00008be2       0x14 contiki-sky.a(mac.o)
                0x00008be2                mac_call_sent_callback
 .text.frame802154_get_pan_id
                0x00008bf6        0x6 contiki-sky.a(frame802154.o)
                0x00008bf6                frame802154_get_pan_id
 .text.frame802154_set_pan_id
                0x00008bfc        0x6 contiki-sky.a(frame802154.o)
                0x00008bfc                frame802154_set_pan_id
 .text.frame802154_has_panid
                0x00008c02       0xe0 contiki-sky.a(frame802154.o)
                0x00008c02                frame802154_has_panid
 .text.field_len
                0x00008ce2       0xac contiki-sky.a(frame802154.o)
 .text.frame802154_check_dest_panid
                0x00008d8e       0x3a contiki-sky.a(frame802154.o)
                0x00008d8e                frame802154_check_dest_panid
 .text.frame802154_is_broadcast_addr
                0x00008dc8       0x28 contiki-sky.a(frame802154.o)
                0x00008dc8                frame802154_is_broadcast_addr
 .text.frame802154_extract_linkaddr
                0x00008df0       0x9c contiki-sky.a(frame802154.o)
                0x00008df0                frame802154_extract_linkaddr
 .text.frame802154_hdrlen
                0x00008e8c       0x32 contiki-sky.a(frame802154.o)
                0x00008e8c                frame802154_hdrlen
 .text.frame802154_create_fcf
                0x00008ebe       0x96 contiki-sky.a(frame802154.o)
                0x00008ebe                frame802154_create_fcf
 .text.frame802154_create
                0x00008f54       0xe4 contiki-sky.a(frame802154.o)
                0x00008f54                frame802154_create
 .text.frame802154_parse_fcf
                0x00009038       0xbc contiki-sky.a(frame802154.o)
                0x00009038                frame802154_parse_fcf
 .text.frame802154_parse
                0x000090f4      0x168 contiki-sky.a(frame802154.o)
                0x000090f4                frame802154_parse
 .text.tsch_timesync_update
                0x0000925c      0x138 contiki-sky.a(tsch-adaptive-t)
                0x0000925c                tsch_timesync_update
 .text.tsch_timesync_adaptive_compensate
                0x00009394      0x22e contiki-sky.a(tsch-adaptive-t)
                0x00009394                tsch_timesync_adaptive_compensate
 .text.tsch_packet_eackbuf_attr
                0x000095c2        0xa contiki-sky.a(tsch-packet.o)
                0x000095c2                tsch_packet_eackbuf_attr
 .text.tsch_packet_create_eack
                0x000095cc       0xc2 contiki-sky.a(tsch-packet.o)
                0x000095cc                tsch_packet_create_eack
 .text.tsch_packet_parse_eack
                0x0000968e       0xce contiki-sky.a(tsch-packet.o)
                0x0000968e                tsch_packet_parse_eack
 .text.tsch_packet_create_eb
                0x0000975c      0x166 contiki-sky.a(tsch-packet.o)
                0x0000975c                tsch_packet_create_eb
 .text.tsch_packet_update_eb
                0x000098c2       0x42 contiki-sky.a(tsch-packet.o)
                0x000098c2                tsch_packet_update_eb
 .text.tsch_packet_parse_eb
                0x00009904       0x94 contiki-sky.a(tsch-packet.o)
                0x00009904                tsch_packet_parse_eb
 .text.tsch_queue_get_nbr
                0x00009998       0x40 contiki-sky.a(tsch-queue.o)
                0x00009998                tsch_queue_get_nbr
 .text.tsch_queue_add_nbr
                0x000099d8       0x8c contiki-sky.a(tsch-queue.o)
                0x000099d8                tsch_queue_add_nbr
 .text.tsch_queue_get_time_source
                0x00009a64       0x28 contiki-sky.a(tsch-queue.o)
                0x00009a64                tsch_queue_get_time_source
 .text.tsch_queue_update_time_source
                0x00009a8c       0x74 contiki-sky.a(tsch-queue.o)
                0x00009a8c                tsch_queue_update_time_source
 .text.tsch_queue_add_packet
                0x00009b00       0xe0 contiki-sky.a(tsch-queue.o)
                0x00009b00                tsch_queue_add_packet
 .text.tsch_queue_packet_count
                0x00009be0       0x26 contiki-sky.a(tsch-queue.o)
                0x00009be0                tsch_queue_packet_count
 .text.tsch_queue_remove_packet_from_queue
                0x00009c06       0x3a contiki-sky.a(tsch-queue.o)
                0x00009c06                tsch_queue_remove_packet_from_queue
 .text.tsch_queue_free_packet
                0x00009c40       0x1c contiki-sky.a(tsch-queue.o)
                0x00009c40                tsch_queue_free_packet
 .text.tsch_queue_is_empty
                0x00009c5c       0x2c contiki-sky.a(tsch-queue.o)
                0x00009c5c                tsch_queue_is_empty
 .text.tsch_queue_flush_nbr_queue
                0x00009c88       0x40 contiki-sky.a(tsch-queue.o)
 .text.tsch_queue_reset
                0x00009cc8       0x3a contiki-sky.a(tsch-queue.o)
                0x00009cc8                tsch_queue_reset
 .text.tsch_queue_free_unused_neighbors
                0x00009d02       0x68 contiki-sky.a(tsch-queue.o)
                0x00009d02                tsch_queue_free_unused_neighbors
 .text.tsch_queue_get_packet_for_nbr
                0x00009d6a       0x58 contiki-sky.a(tsch-queue.o)
                0x00009d6a                tsch_queue_get_packet_for_nbr
 .text.tsch_queue_get_unicast_packet_for_any
                0x00009dc2       0x58 contiki-sky.a(tsch-queue.o)
                0x00009dc2                tsch_queue_get_unicast_packet_for_any
 .text.tsch_queue_backoff_inc
                0x00009e1a       0x4e contiki-sky.a(tsch-queue.o)
                0x00009e1a                tsch_queue_backoff_inc
 .text.tsch_queue_packet_sent
                0x00009e68       0x76 contiki-sky.a(tsch-queue.o)
                0x00009e68                tsch_queue_packet_sent
 .text.tsch_queue_update_all_backoff_windows
                0x00009ede       0x5e contiki-sky.a(tsch-queue.o)
                0x00009ede                tsch_queue_update_all_backoff_windows
 .text.tsch_queue_init
                0x00009f3c       0x32 contiki-sky.a(tsch-queue.o)
                0x00009f3c                tsch_queue_init
 .text.spi_init
                0x00009f6e       0x30 contiki-sky.a(spi.o)
                0x00009f6e                spi_init
 .text.frame80215e_create_ie_header_ack_nack_time_correction
                0x00009f9e       0x38 contiki-sky.a(frame802154e-ie)
                0x00009f9e                frame80215e_create_ie_header_ack_nack_time_correction
 .text.frame80215e_create_ie_header_list_termination_1
                0x00009fd6       0x1c contiki-sky.a(frame802154e-ie)
                0x00009fd6                frame80215e_create_ie_header_list_termination_1
 .text.frame80215e_create_ie_mlme
                0x00009ff2       0x28 contiki-sky.a(frame802154e-ie)
                0x00009ff2                frame80215e_create_ie_mlme
 .text.frame80215e_create_ie_tsch_synchronization
                0x0000a01a       0x56 contiki-sky.a(frame802154e-ie)
                0x0000a01a                frame80215e_create_ie_tsch_synchronization
 .text.frame80215e_create_ie_tsch_slotframe_and_link
                0x0000a070       0xd4 contiki-sky.a(frame802154e-ie)
                0x0000a070                frame80215e_create_ie_tsch_slotframe_and_link
 .text.frame80215e_create_ie_tsch_timeslot
                0x0000a144       0x6a contiki-sky.a(frame802154e-ie)
                0x0000a144                frame80215e_create_ie_tsch_timeslot
 .text.frame80215e_create_ie_tsch_channel_hopping_sequence
                0x0000a1ae       0xa2 contiki-sky.a(frame802154e-ie)
                0x0000a1ae                frame80215e_create_ie_tsch_channel_hopping_sequence
 .text.frame802154e_parse_information_elements
                0x0000a250      0x38a contiki-sky.a(frame802154e-ie)
                0x0000a250                frame802154e_parse_information_elements
 .text.libgcc   0x0000a5da       0x2c /usr/local/bin/../lib/gcc/msp430/4.7.2/mmpy-16/libgcc.a(_mulsi3.o)
                0x0000a5da                __mulsi3
 .text.libgcc   0x0000a606       0x42 /usr/local/bin/../lib/gcc/msp430/4.7.2/mmpy-16/libgcc.a(_mulsidi3.o)
                0x0000a606                __mulsidi3
 .text.libgcc   0x0000a648       0x76 /usr/local/bin/../lib/gcc/msp430/4.7.2/mmpy-16/libgcc.a(_muldi3.o)
                0x0000a648                __muldi3
                0x0000a67e                __xabi_muldi3
 .text.libgcc   0x0000a6be       0x22 /usr/local/bin/../lib/gcc/msp430/4.7.2/mmpy-16/libgcc.a(_udivmod16.o)
                0x0000a6be                __udivhi3
                0x0000a6be                __ext_udivmod16
                0x0000a6d8                __umodhi3
 .text.libgcc   0x0000a6e0       0x3a /usr/local/bin/../lib/gcc/msp430/4.7.2/mmpy-16/libgcc.a(_divmod16.o)
                0x0000a6e0                __ext_divmod16
                0x0000a6e0                __divhi3
                0x0000a712                __modhi3
 .text.libgcc   0x0000a71a       0x40 /usr/local/bin/../lib/gcc/msp430/4.7.2/mmpy-16/libgcc.a(_udivmod32.o)
                0x0000a71a                __udivsi3
                0x0000a71a                __ext_udivmod32
                0x0000a750                __umodsi3
 .text.libgcc   0x0000a75a       0x4c /usr/local/bin/../lib/gcc/msp430/4.7.2/mmpy-16/libgcc.a(_divmod32.o)
                0x0000a75a                __ext_divmod32
                0x0000a75a                __divsi3
                0x0000a79c                __modsi3
 .text.libgcc   0x0000a7a6       0xb6 /usr/local/bin/../lib/gcc/msp430/4.7.2/mmpy-16/libgcc.a(_divmod64.o)
                0x0000a7a6                __xabi_divmod64
                0x0000a808                __divdi3
                0x0000a82e                __moddi3
 .text.libgcc   0x0000a85c       0xf0 /usr/local/bin/../lib/gcc/msp430/4.7.2/mmpy-16/libgcc.a(_udivmod64.o)
                0x0000a85c                __xabi_udivmod64
                0x0000a8ba                __udivdi3
                0x0000a8e0                __umoddi3
                0x0000a90e                __udivmoddi4
 .text.printf   0x0000a94c       0x10 /usr/local/bin/../lib/gcc/msp430/4.7.2/../../../../msp430/lib/mmpy-16/libc.a(printf.o)
                0x0000a94c                printf
 .text.print_field
                0x0000a95c      0x194 /usr/local/bin/../lib/gcc/msp430/4.7.2/../../../../msp430/lib/mmpy-16/libc.a(vuprintf.o)
 .text.vuprintf
                0x0000aaf0      0x63e /usr/local/bin/../lib/gcc/msp430/4.7.2/../../../../msp430/lib/mmpy-16/libc.a(vuprintf.o)
                0x0000aaf0                vuprintf
 .text.puts     0x0000b12e       0x2c /usr/local/bin/../lib/gcc/msp430/4.7.2/../../../../msp430/lib/mmpy-16/libc.a(puts.o)
                0x0000b12e                puts
 .text.rand     0x0000b15a       0x26 /usr/local/bin/../lib/gcc/msp430/4.7.2/../../../../msp430/lib/mmpy-16/libc.a(rand.o)
                0x0000b15a                rand
 .text.srand    0x0000b180        0xa /usr/local/bin/../lib/gcc/msp430/4.7.2/../../../../msp430/lib/mmpy-16/libc.a(rand.o)
                0x0000b180                srand
 .text.memcmp   0x0000b18a       0x30 /usr/local/bin/../lib/gcc/msp430/4.7.2/../../../../msp430/lib/mmpy-16/libc.a(memcmp.o)
                0x0000b18a                memcmp
 .text.memcpy   0x0000b1ba       0xfa /usr/local/bin/../lib/gcc/msp430/4.7.2/../../../../msp430/lib/mmpy-16/libc.a(memcpy.o)
                0x0000b1ba                memcpy
 .text.memmove  0x0000b2b4       0xfa /usr/local/bin/../lib/gcc/msp430/4.7.2/../../../../msp430/lib/mmpy-16/libc.a(memmove.o)
                0x0000b2b4                memmove
 .text.memset   0x0000b3ae       0x6a /usr/local/bin/../lib/gcc/msp430/4.7.2/../../../../msp430/lib/mmpy-16/libc.a(memset.o)
                0x0000b3ae                memset
 .text.crt0     0x0000b418        0x2 /usr/local/bin/../lib/gcc/msp430/4.7.2/mmpy-16/libcrt0.a(_unexpected_.o)
                0x0000b418                _unexpected_
 *(.near.text .near.text.*)

.rodata         0x0000b41c      0x483
                0x0000b41c                . = ALIGN (0x2)
 *(.rodata .rodata.* .gnu.linkonce.r.*)
 .rodata        0x0000b41c       0x26 master-neighbor-discovery.o
                0x0000b41c                autostart_processes
 .rodata        0x0000b442       0x63 obj_sky/contiki-main.o
 .rodata        0x0000b4a5       0x45 contiki-sky.a(platform.o)
 .rodata        0x0000b4ea       0x6a contiki-sky.a(master-net.o)
                0x0000b54c                masternet_driver
 .rodata        0x0000b554      0x10c contiki-sky.a(master-routing.)
 .rodata        0x0000b660        0xf contiki-sky.a(ctimer.o)
 .rodata        0x0000b66f        0xc contiki-sky.a(etimer.o)
 *fill*         0x0000b67b        0x1 00
 .rodata        0x0000b67c       0x6e contiki-sky.a(log.o)
 .rodata        0x0000b6ea        0xe contiki-sky.a(serial-line.o)
 .rodata        0x0000b6f8        0x8 contiki-sky.a(linkaddr.o)
                0x0000b6f8                linkaddr_null
 .rodata        0x0000b700        0x6 contiki-sky.a(framer-802154.o)
                0x0000b700                framer_802154
 .rodata        0x0000b706       0xae contiki-sky.a(tsch.o)
                0x0000b74c                tschmac_driver
                0x0000b78c                tsch_eb_address
                0x0000b794                tsch_broadcast_address
 .rodata        0x0000b7b4       0x10 contiki-sky.a(button-sensor.o)
                0x0000b7bc                button_sensor
 .rodata        0x0000b7c4        0x8 contiki-sky.a(sensors.o)
 .rodata.get_value
                0x0000b7cc       0x24 contiki-sky.a(cc2420.o)
 .rodata.set_value
                0x0000b7f0       0x10 contiki-sky.a(cc2420.o)
 .rodata        0x0000b800       0x3e contiki-sky.a(cc2420.o)
                0x0000b800                cc2420_aes_128_driver
                0x0000b804                cc2420_driver
 .rodata        0x0000b83e        0x2 contiki-sky.a(frame802154.o)
 .rodata        0x0000b840       0x58 contiki-sky.a(tsch-queue.o)
 .rodata.vuprintf
                0x0000b898        0x7 /usr/local/bin/../lib/gcc/msp430/4.7.2/../../../../msp430/lib/mmpy-16/libc.a(vuprintf.o)
 *(.near.rodata .near.rodata.*)
                0x0000b8a0                . = ALIGN (0x2)
                0x0000b8a0                _etext = .

.data           0x00001100       0xd2 load address 0x0000b8a0
                0x00001100                . = ALIGN (0x2)
                0x00001100                __data_start = .
 *(.data .data.* .gnu.linkonce.d.*)
 .data          0x00001100        0xa master-neighbor-discovery.o
                0x00001100                master_neighbor_discovery_process
 .data          0x0000110a        0x2 contiki-sky.a(msp430.o)
 .data          0x0000110c        0x8 contiki-sky.a(master-routing.)
 .data          0x00001114        0xa contiki-sky.a(ctimer.o)
                0x00001114                ctimer_process
 .data          0x0000111e        0xa contiki-sky.a(etimer.o)
                0x0000111e                etimer_process
 .data          0x00001128       0x20 contiki-sky.a(log.o)
                0x00001128                all_modules
                0x00001146                curr_log_level_main
 .data          0x00001148        0xa contiki-sky.a(serial-line.o)
                0x00001148                serial_line_process
 .data          0x00001152       0x10 contiki-sky.a(tsch-schedule.o)
 .data          0x00001162        0x2 contiki-sky.a(tsch-slot-opera)
 .data          0x00001164       0x1e contiki-sky.a(tsch.o)
                0x00001164                tsch_pending_events_process
                0x0000116e                tsch_send_eb_process
                0x00001178                tsch_process
 .data          0x00001182        0x4 contiki-sky.a(contiki-sky-pla)
                0x00001182                sensors
 .data          0x00001186        0xa contiki-sky.a(sensors.o)
                0x00001186                sensors_process
 .data          0x00001190        0xc contiki-sky.a(cc2420.o)
                0x00001190                cc2420_process
 .data          0x0000119c        0x8 contiki-sky.a(link-stats.o)
 .data          0x000011a4        0x8 contiki-sky.a(nbr-table.o)
 .data          0x000011ac       0x10 contiki-sky.a(queuebuf.o)
 .data          0x000011bc        0x2 contiki-sky.a(frame802154.o)
 .data          0x000011be       0x10 contiki-sky.a(tsch-queue.o)
 .data.next     0x000011ce        0x4 /usr/local/bin/../lib/gcc/msp430/4.7.2/../../../../msp430/lib/mmpy-16/libc.a(rand.o)
 *(.near.data .near.data.*)
                0x000011d2                . = ALIGN (0x2)
                0x000011d2                _edata = .
                0x0000b8a0                __data_load_start = LOADADDR (.data)
                0x000000d2                __data_size = SIZEOF (.data)

.bss            0x000011d2     0x11de load address 0x0000b972
                0x000011d2                __bss_start = .
 *(.bss .bss.*)
 .bss           0x000011d2        0xc master-neighbor-discovery.o
 .bss           0x000011de        0xa contiki-sky.a(clock.o)
 .bss           0x000011e8        0x2 contiki-sky.a(watchdog.o)
 .bss           0x000011ea        0x4 contiki-sky.a(master-net.o)
 .bss           0x000011ee       0x6e contiki-sky.a(master-routing.)
                0x000011ee                highestNodeID
                0x000011f0                highestSequence
                0x000011f2                debug_purpose
 .bss           0x0000125c        0x4 contiki-sky.a(ctimer.o)
 .bss           0x00001260        0x6 contiki-sky.a(etimer.o)
 .bss           0x00001266        0x6 contiki-sky.a(log.o)
                0x00001266                curr_log_level_framer
                0x00001268                curr_log_level_mac
                0x0000126a                curr_log_level_nullnet
 .bss           0x0000126c       0xc8 contiki-sky.a(process.o)
                0x0000126c                process_current
                0x0000126e                process_list
 .bss           0x00001334        0x2 contiki-sky.a(rtimer.o)
 .bss           0x00001336      0x10a contiki-sky.a(serial-line.o)
 .bss           0x00001440       0x66 contiki-sky.a(packetbuf.o)
 .bss           0x000014a6        0x2 contiki-sky.a(framer-802154.o)
 .bss           0x000014a8      0x126 contiki-sky.a(tsch-schedule.o)
 .bss           0x000015ce       0xf8 contiki-sky.a(tsch-slot-opera)
                0x000015ce                current_link
                0x000015d0                last_timesource_neighbor
 .bss           0x000016c6       0xbe contiki-sky.a(tsch.o)
                0x000016c6                tsch_is_pan_secured
                0x000016c8                tsch_association_count
                0x000016ca                tsch_is_associated
                0x000016cc                tsch_is_coordinator
                0x000016ce                tsch_is_initialized
                0x000016d0                tsch_is_started
 .bss           0x00001784        0x8 contiki-sky.a(button-sensor.o)
 .bss           0x0000178c        0x2 contiki-sky.a(node-id.o)
                0x0000178c                node_id
 .bss           0x0000178e        0x6 contiki-sky.a(sensors.o)
 .bss           0x00001794        0xa contiki-sky.a(cc2420.o)
 .bss           0x0000179e       0x9a contiki-sky.a(uart1.o)
 .bss           0x00001838       0x64 contiki-sky.a(link-stats.o)
 .bss           0x0000189c       0x96 contiki-sky.a(nbr-table.o)
 .bss           0x00001932      0x480 contiki-sky.a(queuebuf.o)
 .bss           0x00001db2       0xe0 contiki-sky.a(mac-sequence.o)
 .bss           0x00001e92       0x36 contiki-sky.a(tsch-adaptive-t)
 .bss           0x00001ec8       0x1a contiki-sky.a(tsch-packet.o)
 .bss           0x00001ee2      0x240 contiki-sky.a(tsch-queue.o)
                0x00001ee2                num_eb_packets
 *(.near.bss .near.bss.*)
 *(COMMON)
 COMMON         0x00002122       0x34 obj_sky/contiki-main.o
                0x00002122                sync_count
                0x00002126                unicast_per_neighbor_rpl_storing
                0x00002130                unicast_per_neighbor_rpl_ns
                0x0000213a                default_common
                0x00002144                eb_per_time_source
                0x0000214e                rx_count
                0x00002152                tx_count
 COMMON         0x00002156        0x2 contiki-sky.a(msp430.o)
                0x00002156                msp430_dco_required
 COMMON         0x00002158        0x4 contiki-sky.a(master-net.o)
                0x00002158                masternet_buf
                0x0000215a                masternet_len
 COMMON         0x0000215c        0x1 contiki-sky.a(serial-line.o)
                0x0000215c                serial_line_event_message
 *fill*         0x0000215d        0x1 00
 COMMON         0x0000215e        0x8 contiki-sky.a(linkaddr.o)
                0x0000215e                linkaddr_node_addr
 COMMON         0x00002166       0x2a contiki-sky.a(packetbuf.o)
                0x00002166                packetbuf_addrs
                0x00002176                packetbuf_attrs
 COMMON         0x00002190      0x1cc contiki-sky.a(tsch-slot-opera)
                0x00002190                dequeued_array
                0x000021a0                input_ringbuf
                0x000021a4                dequeued_ringbuf
                0x000021a8                last_sync_time
                0x000021ac                input_array
 COMMON         0x0000235c       0x34 contiki-sky.a(tsch.o)
                0x0000235c                tsch_join_priority
                0x0000235e                tsch_timing
                0x00002376                tsch_hopping_sequence
                0x00002386                tsch_current_asn
                0x0000238c                tsch_hopping_sequence_length
 COMMON         0x00002390        0x2 contiki-sky.a(contiki-sky-pla)
                0x00002390                sensors_flags
 COMMON         0x00002392        0x8 contiki-sky.a(ds2411.o)
                0x00002392                ds2411_id
 COMMON         0x0000239a        0x1 contiki-sky.a(sensors.o)
                0x0000239a                sensors_event
 *fill*         0x0000239b        0x1 00
 COMMON         0x0000239c       0x10 contiki-sky.a(cc2420.o)
                0x0000239c                cc2420_last_rssi
                0x0000239e                cc2420_sfd_start_time
                0x000023a0                cc2420_time_of_departure
                0x000023a2                cc2420_time_of_arrival
                0x000023a4                cc2420_last_correlation
                0x000023a6                cc2420_authority_level_of_sender
                0x000023a8                cc2420_sfd_counter
                0x000023aa                cc2420_sfd_end_time
 COMMON         0x000023ac        0x4 contiki-sky.a(tsch-queue.o)
                0x000023ac                n_broadcast
                0x000023ae                n_eb
                0x000023b0                . = ALIGN (0x2)
                0x000023b0                __bss_end = .
                0x000011de                __bss_size = SIZEOF (.bss)

.noinit         0x000023b0        0x2 load address 0x0000b972
                0x000023b0                . = ALIGN (0x2)
                0x000023b0                __noinit_start = .
 *(.noinit .noinit.*)
 .noinit.crt0   0x000023b0        0x2 /usr/local/bin/../lib/gcc/msp430/4.7.2/mmpy-16/libcrt0.a(__watchdog_support.o)
                0x000023b0                __wdt_clear_value
                0x000023b2                . = ALIGN (0x2)
                0x000023b2                __noinit_end = .
                0x000023b2                . = ALIGN (0x2)
                0x000023b2                _end = .

.infomem        0x00001000        0x0
                0x00001000                . = ALIGN (0x2)
 *(.infomem .infomem.*)

.infomemnobits  0x00001000        0x0
                0x00001000                . = ALIGN (0x2)
 *(.infomemnobits .infomemnobits.*)

.infoa          0x00001080        0x0
                0x00001080                . = ALIGN (0x2)
 *(.infoa .infoa.*)

.infob          0x00001000        0x0
                0x00001000                . = ALIGN (0x2)
 *(.infob .infob.*)

.infoc          0x00000000        0x0
                0x00000000                . = ALIGN (0x2)
 *(.infoc .infoc.*)

.infod          0x00000000        0x0
                0x00000000                . = ALIGN (0x2)
 *(.infod .infod.*)
                0x0000ffff                PROVIDE (__vte_0, 0xffff)
                0x0000ffff                PROVIDE (__vte_1, 0xffff)
                0x0000ffff                PROVIDE (__vte_2, 0xffff)
                0x0000ffff                PROVIDE (__vte_3, 0xffff)
                0x0000ffff                PROVIDE (__vte_4, 0xffff)
                0x0000ffff                PROVIDE (__vte_5, 0xffff)
                0x0000ffff                PROVIDE (__vte_6, 0xffff)
                0x0000ffff                PROVIDE (__vte_7, 0xffff)
                0x0000ffff                PROVIDE (__vte_8, 0xffff)
                0x0000ffff                PROVIDE (__vte_9, 0xffff)
                0x0000ffff                PROVIDE (__vte_10, 0xffff)
                0x0000ffff                PROVIDE (__vte_11, 0xffff)
                0x0000ffff                PROVIDE (__vte_12, 0xffff)
                0x0000ffff                PROVIDE (__vte_13, 0xffff)
                0x0000ffff                PROVIDE (__vte_14, 0xffff)
                0x0000ffff                PROVIDE (__vte_15, 0xffff)
                0x0000ffff                PROVIDE (__vte_16, 0xffff)
                0x0000ffff                PROVIDE (__vte_17, 0xffff)
                0x0000ffff                PROVIDE (__vte_18, 0xffff)
                0x0000ffff                PROVIDE (__vte_19, 0xffff)
                0x0000ffff                PROVIDE (__vte_20, 0xffff)
                0x0000ffff                PROVIDE (__vte_21, 0xffff)
                0x0000ffff                PROVIDE (__vte_22, 0xffff)
                0x0000ffff                PROVIDE (__vte_23, 0xffff)
                0x0000ffff                PROVIDE (__vte_24, 0xffff)
                0x0000ffff                PROVIDE (__vte_25, 0xffff)
                0x0000ffff                PROVIDE (__vte_26, 0xffff)
                0x0000ffff                PROVIDE (__vte_27, 0xffff)
                0x0000ffff                PROVIDE (__vte_28, 0xffff)
                0x0000ffff                PROVIDE (__vte_29, 0xffff)
                0x0000ffff                PROVIDE (__vte_30, 0xffff)
                0x0000ffff                PROVIDE (__vte_31, 0xffff)

.vectors        0x0000ffe0       0x20
                0x0000ffe0                __vectors_start = .
 *(.vectors*)
 .vectors       0x0000ffe0       0x20 /usr/local/bin/../lib/gcc/msp430/4.7.2/mmpy-16/crt0ivtbl16.o
                0x0000ffe0                __ivtbl_16
                0x00010000                _vectors_end = .

.fartext        0x00000000        0x0
                0x00000000                . = ALIGN (0x2)
 *(.fartext .fartext.*)

.far.text       0x00000000        0x0
                0x00000000                . = ALIGN (0x2)
 *(.far.text .far.text.*)

.far.rodata     0x00000000        0x0
                0x00000000                . = ALIGN (0x2)
 *(.far.rodata .far.rodata.*)
                0x00000000                . = ALIGN (0x2)
                0x00000000                _efartext = .

.far.data       0x00000000        0x0
                0x00000000                . = ALIGN (0x2)
                0x00000000                __far_data_start = .
 *(.far.data .far.data.*)
                0x00000000                . = ALIGN (0x2)
                0x00000000                _efardata = .
                0x00000000                __far_data_load_start = LOADADDR (.far.data)
                0x00000000                __far_data_size = SIZEOF (.far.data)

.far.bss        0x00000000        0x0
                0x00000000                . = ALIGN (0x2)
                0x00000000                __far_bss_start = .
 *(.far.bss .far.bss.*)
                0x00000000                . = ALIGN (0x2)
                0x00000000                __far_bss_end = .
                0x00000000                __far_bss_size = SIZEOF (.far.bss)
                0x00000000                . = ALIGN (0x2)
                0x00000000                _far_end = .

.profiler
 *(.profiler)

.stab           0x00000000    0x1e9d8
 *(.stab)
 .stab          0x00000000      0x8a0 master-neighbor-discovery.o
 .stab          0x000008a0      0xf0c obj_sky/contiki-main.o
                               0x1428 (size before relaxing)
 .stab          0x000017ac      0x228 contiki-sky.a(uart1-putchar.o)
                                0x6fc (size before relaxing)
 .stab          0x000019d4      0xa80 contiki-sky.a(platform.o)
                                0xe10 (size before relaxing)
 .stab          0x00002454      0x5d0 contiki-sky.a(msp430.o)
                                0x8f4 (size before relaxing)
 .stab          0x00002a24      0x900 contiki-sky.a(clock.o)
                                0xc48 (size before relaxing)
 .stab          0x00003324      0x468 contiki-sky.a(leds.o)
                                0x78c (size before relaxing)
 .stab          0x0000378c      0x360 contiki-sky.a(leds-arch.o)
                                0x684 (size before relaxing)
 .stab          0x00003aec      0x3b4 contiki-sky.a(watchdog.o)
                                0x6d8 (size before relaxing)
 .stab          0x00003ea0      0x924 contiki-sky.a(master-net.o)
                                0xf54 (size before relaxing)
 .stab          0x000047c4     0x19ec contiki-sky.a(master-routing.)
                               0x2034 (size before relaxing)
 .stab          0x000061b0      0x2ac contiki-sky.a(autostart.o)
                                0x5d0 (size before relaxing)
 .stab          0x0000645c      0x804 contiki-sky.a(ctimer.o)
                                0xb40 (size before relaxing)
 .stab          0x00006c60      0x270 contiki-sky.a(energest.o)
                                0x5b8 (size before relaxing)
 .stab          0x00006ed0      0xa98 contiki-sky.a(etimer.o)
                                0xdbc (size before relaxing)
 .stab          0x00007968      0x810 contiki-sky.a(log.o)
                                0xdb0 (size before relaxing)
 .stab          0x00008178      0xb88 contiki-sky.a(process.o)
                               0x1098 (size before relaxing)
 .stab          0x00008d00      0x348 contiki-sky.a(rtimer.o)
                                0x66c (size before relaxing)
 .stab          0x00009048      0x39c contiki-sky.a(timer.o)
                                0x6c0 (size before relaxing)
 .stab          0x000093e4      0x51c contiki-sky.a(serial-line.o)
                                0x9f0 (size before relaxing)
 .stab          0x00009900      0x8ac contiki-sky.a(list.o)
                                0xd98 (size before relaxing)
 .stab          0x0000a1ac      0x288 contiki-sky.a(random.o)
                                0x774 (size before relaxing)
 .stab          0x0000a434      0x450 contiki-sky.a(ringbuf.o)
                                0x78c (size before relaxing)
 .stab          0x0000a884      0x30c contiki-sky.a(linkaddr.o)
                                0x804 (size before relaxing)
 .stab          0x0000ab90      0x42c contiki-sky.a(netstack.o)
                                0x8b8 (size before relaxing)
 .stab          0x0000afbc      0xba0 contiki-sky.a(packetbuf.o)
                               0x15fc (size before relaxing)
 .stab          0x0000bb5c      0x7a4 contiki-sky.a(framer-802154.o)
                               0x1020 (size before relaxing)
 .stab          0x0000c300     0x18b4 contiki-sky.a(tsch-schedule.o)
                               0x1f80 (size before relaxing)
 .stab          0x0000dbb4     0x15b4 contiki-sky.a(tsch-slot-opera)
                               0x204c (size before relaxing)
 .stab          0x0000f168     0x1bcc contiki-sky.a(tsch.o)
                               0x26b8 (size before relaxing)
 .stab          0x00010d34      0x240 contiki-sky.a(contiki-sky-pla)
                                0x564 (size before relaxing)
 .stab          0x00010f74      0x390 contiki-sky.a(button-sensor.o)
                                0x6cc (size before relaxing)
 .stab          0x00011304      0x600 contiki-sky.a(ds2411.o)
                                0xaec (size before relaxing)
 .stab          0x00011904      0x990 contiki-sky.a(xmem.o)
                                0xe88 (size before relaxing)
 .stab          0x00012294      0x318 contiki-sky.a(node-id.o)
                                0x63c (size before relaxing)
 .stab          0x000125ac      0x684 contiki-sky.a(sensors.o)
                                0xb70 (size before relaxing)
 .stab          0x00012c30     0x2694 contiki-sky.a(cc2420.o)
                               0x2dfc (size before relaxing)
 .stab          0x000152c4      0x39c contiki-sky.a(cc2420-arch.o)
                                0xda4 (size before relaxing)
 .stab          0x00015660      0x2f4 contiki-sky.a(cc2420-arch-sfd)
                                0x720 (size before relaxing)
 .stab          0x00015954      0x5d0 contiki-sky.a(uart1.o)
                                0x90c (size before relaxing)
 .stab          0x00015f24      0x378 contiki-sky.a(rtimer-arch.o)
                                0x69c (size before relaxing)
 .stab          0x0001629c      0x5ac contiki-sky.a(memb.o)
                                0xab0 (size before relaxing)
 .stab          0x00016848      0x5e8 contiki-sky.a(ringbufindex.o)
                                0xaec (size before relaxing)
 .stab          0x00016e30      0x834 contiki-sky.a(link-stats.o)
                               0x11e8 (size before relaxing)
 .stab          0x00017664     0x105c contiki-sky.a(nbr-table.o)
                               0x16d4 (size before relaxing)
 .stab          0x000186c0      0x8d0 contiki-sky.a(queuebuf.o)
                               0x1314 (size before relaxing)
 .stab          0x00018f90      0x4d4 contiki-sky.a(mac-sequence.o)
                                0xf30 (size before relaxing)
 .stab          0x00019464      0x294 contiki-sky.a(mac.o)
                                0x864 (size before relaxing)
 .stab          0x000196f8     0x1194 contiki-sky.a(frame802154.o)
                               0x1968 (size before relaxing)
 .stab          0x0001a88c      0x918 contiki-sky.a(tsch-adaptive-t)
                                0xffc (size before relaxing)
 .stab          0x0001b1a4      0xc54 contiki-sky.a(tsch-packet.o)
                               0x16ec (size before relaxing)
 .stab          0x0001bdf8     0x16bc contiki-sky.a(tsch-queue.o)
                               0x20e8 (size before relaxing)
 .stab          0x0001d4b4      0x258 contiki-sky.a(spi.o)
                                0x57c (size before relaxing)
 .stab          0x0001d70c     0x12cc contiki-sky.a(frame802154e-ie)
                               0x1c2c (size before relaxing)

.stabstr        0x00000000    0x17e35
 *(.stabstr)
 .stabstr       0x00000000    0x17e35 master-neighbor-discovery.o

.stab.excl
 *(.stab.excl)

.stab.exclstr
 *(.stab.exclstr)

.stab.index
 *(.stab.index)

.stab.indexstr
 *(.stab.indexstr)

.comment        0x00000000       0x30
 *(.comment)
 .comment       0x00000000       0x30 master-neighbor-discovery.o
                                 0x31 (size before relaxing)
 .comment       0x00000000       0x31 obj_sky/contiki-main.o
 .comment       0x00000000       0x31 contiki-sky.a(uart1-putchar.o)
 .comment       0x00000000       0x31 contiki-sky.a(platform.o)
 .comment       0x00000000       0x31 contiki-sky.a(msp430.o)
 .comment       0x00000000       0x31 contiki-sky.a(clock.o)
 .comment       0x00000000       0x31 contiki-sky.a(leds.o)
 .comment       0x00000000       0x31 contiki-sky.a(leds-arch.o)
 .comment       0x00000000       0x31 contiki-sky.a(watchdog.o)
 .comment       0x00000000       0x31 contiki-sky.a(master-net.o)
 .comment       0x00000000       0x31 contiki-sky.a(master-routing.)
 .comment       0x00000000       0x31 contiki-sky.a(autostart.o)
 .comment       0x00000000       0x31 contiki-sky.a(ctimer.o)
 .comment       0x00000000       0x31 contiki-sky.a(energest.o)
 .comment       0x00000000       0x31 contiki-sky.a(etimer.o)
 .comment       0x00000000       0x31 contiki-sky.a(log.o)
 .comment       0x00000000       0x31 contiki-sky.a(process.o)
 .comment       0x00000000       0x31 contiki-sky.a(rtimer.o)
 .comment       0x00000000       0x31 contiki-sky.a(timer.o)
 .comment       0x00000000       0x31 contiki-sky.a(serial-line.o)
 .comment       0x00000000       0x31 contiki-sky.a(list.o)
 .comment       0x00000000       0x31 contiki-sky.a(random.o)
 .comment       0x00000000       0x31 contiki-sky.a(ringbuf.o)
 .comment       0x00000000       0x31 contiki-sky.a(linkaddr.o)
 .comment       0x00000000       0x31 contiki-sky.a(netstack.o)
 .comment       0x00000000       0x31 contiki-sky.a(packetbuf.o)
 .comment       0x00000000       0x31 contiki-sky.a(framer-802154.o)
 .comment       0x00000000       0x31 contiki-sky.a(tsch-schedule.o)
 .comment       0x00000000       0x31 contiki-sky.a(tsch-slot-opera)
 .comment       0x00000000       0x31 contiki-sky.a(tsch.o)
 .comment       0x00000000       0x31 contiki-sky.a(contiki-sky-pla)
 .comment       0x00000000       0x31 contiki-sky.a(button-sensor.o)
 .comment       0x00000000       0x31 contiki-sky.a(ds2411.o)
 .comment       0x00000000       0x31 contiki-sky.a(xmem.o)
 .comment       0x00000000       0x31 contiki-sky.a(node-id.o)
 .comment       0x00000000       0x31 contiki-sky.a(sensors.o)
 .comment       0x00000000       0x31 contiki-sky.a(cc2420.o)
 .comment       0x00000000       0x31 contiki-sky.a(cc2420-arch.o)
 .comment       0x00000000       0x31 contiki-sky.a(cc2420-arch-sfd)
 .comment       0x00000000       0x31 contiki-sky.a(uart1.o)
 .comment       0x00000000       0x31 contiki-sky.a(rtimer-arch.o)
 .comment       0x00000000       0x31 contiki-sky.a(memb.o)
 .comment       0x00000000       0x31 contiki-sky.a(ringbufindex.o)
 .comment       0x00000000       0x31 contiki-sky.a(link-stats.o)
 .comment       0x00000000       0x31 contiki-sky.a(nbr-table.o)
 .comment       0x00000000       0x31 contiki-sky.a(queuebuf.o)
 .comment       0x00000000       0x31 contiki-sky.a(mac-sequence.o)
 .comment       0x00000000       0x31 contiki-sky.a(mac.o)
 .comment       0x00000000       0x31 contiki-sky.a(frame802154.o)
 .comment       0x00000000       0x31 contiki-sky.a(tsch-adaptive-t)
 .comment       0x00000000       0x31 contiki-sky.a(tsch-packet.o)
 .comment       0x00000000       0x31 contiki-sky.a(tsch-queue.o)
 .comment       0x00000000       0x31 contiki-sky.a(spi.o)
 .comment       0x00000000       0x31 contiki-sky.a(frame802154e-ie)
 .comment       0x00000000       0x31 /usr/local/bin/../lib/gcc/msp430/4.7.2/../../../../msp430/lib/mmpy-16/libc.a(printf.o)
 .comment       0x00000000       0x31 /usr/local/bin/../lib/gcc/msp430/4.7.2/../../../../msp430/lib/mmpy-16/libc.a(vuprintf.o)
 .comment       0x00000000       0x31 /usr/local/bin/../lib/gcc/msp430/4.7.2/../../../../msp430/lib/mmpy-16/libc.a(puts.o)
 .comment       0x00000000       0x31 /usr/local/bin/../lib/gcc/msp430/4.7.2/../../../../msp430/lib/mmpy-16/libc.a(rand.o)
 .comment       0x00000000       0x31 /usr/local/bin/../lib/gcc/msp430/4.7.2/../../../../msp430/lib/mmpy-16/libc.a(memcmp.o)
 .comment       0x00000000       0x31 /usr/local/bin/../lib/gcc/msp430/4.7.2/../../../../msp430/lib/mmpy-16/libc.a(memcpy.o)
 .comment       0x00000000       0x31 /usr/local/bin/../lib/gcc/msp430/4.7.2/../../../../msp430/lib/mmpy-16/libc.a(memmove.o)
 .comment       0x00000000       0x31 /usr/local/bin/../lib/gcc/msp430/4.7.2/../../../../msp430/lib/mmpy-16/libc.a(memset.o)

.debug
 *(.debug)

.line
 *(.line)

.debug_srcinfo
 *(.debug_srcinfo)

.debug_sfnames
 *(.debug_sfnames)

.debug_aranges  0x00000000      0x1f0
 *(.debug_aranges)
 .debug_aranges
                0x00000000       0x14 /usr/local/bin/../lib/gcc/msp430/4.7.2/mmpy-16/crt0ivtbl16.o
 .debug_aranges
                0x00000014       0x14 /usr/local/bin/../lib/gcc/msp430/4.7.2/mmpy-16/libgcc.a(_mulsi3.o)
 .debug_aranges
                0x00000028       0x14 /usr/local/bin/../lib/gcc/msp430/4.7.2/mmpy-16/libgcc.a(_mulsidi3.o)
 .debug_aranges
                0x0000003c       0x14 /usr/local/bin/../lib/gcc/msp430/4.7.2/mmpy-16/libgcc.a(_muldi3.o)
 .debug_aranges
                0x00000050       0x14 /usr/local/bin/../lib/gcc/msp430/4.7.2/mmpy-16/libgcc.a(_udivmod16.o)
 .debug_aranges
                0x00000064       0x14 /usr/local/bin/../lib/gcc/msp430/4.7.2/mmpy-16/libgcc.a(_divmod16.o)
 .debug_aranges
                0x00000078       0x14 /usr/local/bin/../lib/gcc/msp430/4.7.2/mmpy-16/libgcc.a(_udivmod32.o)
 .debug_aranges
                0x0000008c       0x14 /usr/local/bin/../lib/gcc/msp430/4.7.2/mmpy-16/libgcc.a(_divmod32.o)
 .debug_aranges
                0x000000a0       0x14 /usr/local/bin/../lib/gcc/msp430/4.7.2/mmpy-16/libgcc.a(_divmod64.o)
 .debug_aranges
                0x000000b4       0x14 /usr/local/bin/../lib/gcc/msp430/4.7.2/mmpy-16/libgcc.a(_udivmod64.o)
 .debug_aranges
                0x000000c8       0x18 /usr/local/bin/../lib/gcc/msp430/4.7.2/../../../../msp430/lib/mmpy-16/libc.a(printf.o)
 .debug_aranges
                0x000000e0       0x18 /usr/local/bin/../lib/gcc/msp430/4.7.2/../../../../msp430/lib/mmpy-16/libc.a(vuprintf.o)
 .debug_aranges
                0x000000f8       0x14 /usr/local/bin/../lib/gcc/msp430/4.7.2/../../../../msp430/lib/mmpy-16/libc.a(puts.o)
 .debug_aranges
                0x0000010c       0x1c /usr/local/bin/../lib/gcc/msp430/4.7.2/../../../../msp430/lib/mmpy-16/libc.a(rand.o)
 .debug_aranges
                0x00000128       0x14 /usr/local/bin/../lib/gcc/msp430/4.7.2/../../../../msp430/lib/mmpy-16/libc.a(memcmp.o)
 .debug_aranges
                0x0000013c       0x14 /usr/local/bin/../lib/gcc/msp430/4.7.2/../../../../msp430/lib/mmpy-16/libc.a(memcpy.o)
 .debug_aranges
                0x00000150       0x14 /usr/local/bin/../lib/gcc/msp430/4.7.2/../../../../msp430/lib/mmpy-16/libc.a(memmove.o)
 .debug_aranges
                0x00000164       0x14 /usr/local/bin/../lib/gcc/msp430/4.7.2/../../../../msp430/lib/mmpy-16/libc.a(memset.o)
 .debug_aranges
                0x00000178       0x14 /usr/local/bin/../lib/gcc/msp430/4.7.2/mmpy-16/libcrt0.a(__watchdog_support.o)
 .debug_aranges
                0x0000018c       0x14 /usr/local/bin/../lib/gcc/msp430/4.7.2/mmpy-16/libcrt0.a(__init_stack.o)
 .debug_aranges
                0x000001a0       0x14 /usr/local/bin/../lib/gcc/msp430/4.7.2/mmpy-16/libcrt0.a(_copy_data.o)
 .debug_aranges
                0x000001b4       0x14 /usr/local/bin/../lib/gcc/msp430/4.7.2/mmpy-16/libcrt0.a(_clear_bss.o)
 .debug_aranges
                0x000001c8       0x14 /usr/local/bin/../lib/gcc/msp430/4.7.2/mmpy-16/libcrt0.a(_endless_loop__.o)
 .debug_aranges
                0x000001dc       0x14 /usr/local/bin/../lib/gcc/msp430/4.7.2/mmpy-16/libcrt0.a(_unexpected_.o)

.debug_pubnames
 *(.debug_pubnames)

.debug_info     0x00000000     0x165a
 *(.debug_info)
 .debug_info    0x00000000       0x8f /usr/local/bin/../lib/gcc/msp430/4.7.2/mmpy-16/crt0ivtbl16.o
 .debug_info    0x0000008f       0x8c /usr/local/bin/../lib/gcc/msp430/4.7.2/mmpy-16/libgcc.a(_mulsi3.o)
 .debug_info    0x0000011b       0x8c /usr/local/bin/../lib/gcc/msp430/4.7.2/mmpy-16/libgcc.a(_mulsidi3.o)
 .debug_info    0x000001a7       0x8c /usr/local/bin/../lib/gcc/msp430/4.7.2/mmpy-16/libgcc.a(_muldi3.o)
 .debug_info    0x00000233       0x8c /usr/local/bin/../lib/gcc/msp430/4.7.2/mmpy-16/libgcc.a(_udivmod16.o)
 .debug_info    0x000002bf       0x8c /usr/local/bin/../lib/gcc/msp430/4.7.2/mmpy-16/libgcc.a(_divmod16.o)
 .debug_info    0x0000034b       0x8c /usr/local/bin/../lib/gcc/msp430/4.7.2/mmpy-16/libgcc.a(_udivmod32.o)
 .debug_info    0x000003d7       0x8c /usr/local/bin/../lib/gcc/msp430/4.7.2/mmpy-16/libgcc.a(_divmod32.o)
 .debug_info    0x00000463       0x8c /usr/local/bin/../lib/gcc/msp430/4.7.2/mmpy-16/libgcc.a(_divmod64.o)
 .debug_info    0x000004ef       0x8c /usr/local/bin/../lib/gcc/msp430/4.7.2/mmpy-16/libgcc.a(_udivmod64.o)
 .debug_info    0x0000057b      0x16e /usr/local/bin/../lib/gcc/msp430/4.7.2/../../../../msp430/lib/mmpy-16/libc.a(printf.o)
 .debug_info    0x000006e9      0x5d4 /usr/local/bin/../lib/gcc/msp430/4.7.2/../../../../msp430/lib/mmpy-16/libc.a(vuprintf.o)
 .debug_info    0x00000cbd       0xc7 /usr/local/bin/../lib/gcc/msp430/4.7.2/../../../../msp430/lib/mmpy-16/libc.a(puts.o)
 .debug_info    0x00000d84      0x146 /usr/local/bin/../lib/gcc/msp430/4.7.2/../../../../msp430/lib/mmpy-16/libc.a(rand.o)
 .debug_info    0x00000eca       0xe5 /usr/local/bin/../lib/gcc/msp430/4.7.2/../../../../msp430/lib/mmpy-16/libc.a(memcmp.o)
 .debug_info    0x00000faf      0x12c /usr/local/bin/../lib/gcc/msp430/4.7.2/../../../../msp430/lib/mmpy-16/libc.a(memcpy.o)
 .debug_info    0x000010db      0x12c /usr/local/bin/../lib/gcc/msp430/4.7.2/../../../../msp430/lib/mmpy-16/libc.a(memmove.o)
 .debug_info    0x00001207      0x117 /usr/local/bin/../lib/gcc/msp430/4.7.2/../../../../msp430/lib/mmpy-16/libc.a(memset.o)
 .debug_info    0x0000131e       0x8a /usr/local/bin/../lib/gcc/msp430/4.7.2/mmpy-16/libcrt0.a(__watchdog_support.o)
 .debug_info    0x000013a8       0x8a /usr/local/bin/../lib/gcc/msp430/4.7.2/mmpy-16/libcrt0.a(__init_stack.o)
 .debug_info    0x00001432       0x8a /usr/local/bin/../lib/gcc/msp430/4.7.2/mmpy-16/libcrt0.a(_copy_data.o)
 .debug_info    0x000014bc       0x8a /usr/local/bin/../lib/gcc/msp430/4.7.2/mmpy-16/libcrt0.a(_clear_bss.o)
 .debug_info    0x00001546       0x8a /usr/local/bin/../lib/gcc/msp430/4.7.2/mmpy-16/libcrt0.a(_endless_loop__.o)
 .debug_info    0x000015d0       0x8a /usr/local/bin/../lib/gcc/msp430/4.7.2/mmpy-16/libcrt0.a(_unexpected_.o)
 *(.gnu.linkonce.wi.*)

.debug_abbrev   0x00000000      0x8ab
 *(.debug_abbrev)
 .debug_abbrev  0x00000000       0x14 /usr/local/bin/../lib/gcc/msp430/4.7.2/mmpy-16/crt0ivtbl16.o
 .debug_abbrev  0x00000014       0x14 /usr/local/bin/../lib/gcc/msp430/4.7.2/mmpy-16/libgcc.a(_mulsi3.o)
 .debug_abbrev  0x00000028       0x14 /usr/local/bin/../lib/gcc/msp430/4.7.2/mmpy-16/libgcc.a(_mulsidi3.o)
 .debug_abbrev  0x0000003c       0x14 /usr/local/bin/../lib/gcc/msp430/4.7.2/mmpy-16/libgcc.a(_muldi3.o)
 .debug_abbrev  0x00000050       0x14 /usr/local/bin/../lib/gcc/msp430/4.7.2/mmpy-16/libgcc.a(_udivmod16.o)
 .debug_abbrev  0x00000064       0x14 /usr/local/bin/../lib/gcc/msp430/4.7.2/mmpy-16/libgcc.a(_divmod16.o)
 .debug_abbrev  0x00000078       0x14 /usr/local/bin/../lib/gcc/msp430/4.7.2/mmpy-16/libgcc.a(_udivmod32.o)
 .debug_abbrev  0x0000008c       0x14 /usr/local/bin/../lib/gcc/msp430/4.7.2/mmpy-16/libgcc.a(_divmod32.o)