Archive member included because of file (symbol)

contiki-sky.a(node-id.o)      master-neighbor-discovery.o (node_id)
contiki-sky.a(uart1-putchar.o)
                              obj_sky/contiki-main.o (putchar)
contiki-sky.a(platform.o)     obj_sky/contiki-main.o (platform_init_stage_one)
contiki-sky.a(msp430.o)       contiki-sky.a(platform.o) (msp430_dco_required)
contiki-sky.a(clock.o)        obj_sky/contiki-main.o (clock_init)
contiki-sky.a(leds.o)         contiki-sky.a(platform.o) (leds_init)
contiki-sky.a(leds-arch.o)    contiki-sky.a(leds.o) (leds_arch_init)
contiki-sky.a(watchdog.o)     obj_sky/contiki-main.o (watchdog_start)
contiki-sky.a(master-net.o)   obj_sky/contiki-main.o (masternet_driver)
contiki-sky.a(master-routing.)
                              master-neighbor-discovery.o (node_is_sender)
contiki-sky.a(autostart.o)    obj_sky/contiki-main.o (autostart_start)
contiki-sky.a(ctimer.o)       obj_sky/contiki-main.o (ctimer_init)
contiki-sky.a(energest.o)     obj_sky/contiki-main.o (energest_init)
contiki-sky.a(etimer.o)       contiki-sky.a(clock.o) (etimer_request_poll)
contiki-sky.a(log.o)          obj_sky/contiki-main.o (log_lladdr)
contiki-sky.a(process.o)      contiki-sky.a(ctimer.o) (process_current)
contiki-sky.a(rtimer.o)       obj_sky/contiki-main.o (rtimer_init)
contiki-sky.a(timer.o)        contiki-sky.a(etimer.o) (timer_set)
contiki-sky.a(serial-line.o)  contiki-sky.a(platform.o) (serial_line_input_byte)
contiki-sky.a(list.o)         contiki-sky.a(ctimer.o) (list_init)
contiki-sky.a(random.o)       contiki-sky.a(platform.o) (random_init)
contiki-sky.a(ringbuf.o)      contiki-sky.a(serial-line.o) (ringbuf_init)
contiki-sky.a(linkaddr.o)     contiki-sky.a(platform.o) (linkaddr_copy)
contiki-sky.a(netstack.o)     obj_sky/contiki-main.o (netstack_init)
contiki-sky.a(packetbuf.o)    contiki-sky.a(master-net.o) (packetbuf_datalen)
contiki-sky.a(framer-802154.o)
                              contiki-sky.a(master-net.o) (framer_802154)
contiki-sky.a(tsch-schedule.o)
                              contiki-sky.a(master-routing.) (tsch_schedule_get_slotframe_by_handle)
contiki-sky.a(tsch-slot-opera)
                              contiki-sky.a(tsch-schedule.o) (tsch_is_locked)
contiki-sky.a(tsch.o)         contiki-sky.a(tsch-slot-opera) (tsch_is_associated)
contiki-sky.a(contiki-sky-pla)
                              contiki-sky.a(platform.o) (init_platform)
contiki-sky.a(button-sensor.o)
                              contiki-sky.a(contiki-sky-pla) (button_sensor)
contiki-sky.a(ds2411.o)       contiki-sky.a(platform.o) (ds2411_init)
contiki-sky.a(xmem.o)         contiki-sky.a(platform.o) (xmem_init)
contiki-sky.a(sensors.o)      contiki-sky.a(contiki-sky-pla) (sensors_process)
contiki-sky.a(cc2420.o)       contiki-sky.a(platform.o) (cc2420_set_pan_addr)
contiki-sky.a(cc2420-arch.o)  contiki-sky.a(cc2420.o) (cc2420_arch_init)
contiki-sky.a(cc2420-arch-sfd)
                              contiki-sky.a(cc2420-arch.o) (cc2420_arch_sfd_init)
contiki-sky.a(uart1.o)        contiki-sky.a(platform.o) (uart1_active)
contiki-sky.a(rtimer-arch.o)  contiki-sky.a(rtimer.o) (rtimer_arch_init)
contiki-sky.a(memb.o)         contiki-sky.a(tsch-schedule.o) (memb_init)
contiki-sky.a(ringbufindex.o)
                              contiki-sky.a(tsch.o) (ringbufindex_init)
contiki-sky.a(link-stats.o)   contiki-sky.a(tsch.o) (link_stats_packet_sent)
contiki-sky.a(nbr-table.o)    contiki-sky.a(link-stats.o) (nbr_table_register)
contiki-sky.a(queuebuf.o)     contiki-sky.a(tsch.o) (queuebuf_init)
contiki-sky.a(mac-sequence.o)
                              contiki-sky.a(tsch.o) (mac_sequence_is_duplicate)
contiki-sky.a(mac.o)          contiki-sky.a(tsch.o) (mac_call_sent_callback)
contiki-sky.a(frame802154.o)  contiki-sky.a(framer-802154.o) (frame802154_get_pan_id)
contiki-sky.a(tsch-adaptive-t)
                              contiki-sky.a(tsch-slot-opera) (tsch_timesync_update)
contiki-sky.a(tsch-packet.o)  contiki-sky.a(tsch-slot-opera) (tsch_packet_create_eack)
contiki-sky.a(tsch-queue.o)   contiki-sky.a(tsch-slot-opera) (tsch_queue_get_nbr)
contiki-sky.a(spi.o)          contiki-sky.a(xmem.o) (spi_init)
contiki-sky.a(frame802154e-ie)
                              contiki-sky.a(tsch-packet.o) (frame80215e_create_ie_header_ack_nack_time_correction)
/usr/local/bin/../lib/gcc/msp430/4.7.2/mmpy-16/libgcc.a(_mulsi3.o)
                              contiki-sky.a(tsch-slot-opera) (__mulsi3)
/usr/local/bin/../lib/gcc/msp430/4.7.2/mmpy-16/libgcc.a(_mulsidi3.o)
                              contiki-sky.a(tsch-adaptive-t) (__mulsidi3)
/usr/local/bin/../lib/gcc/msp430/4.7.2/mmpy-16/libgcc.a(_muldi3.o)
                              contiki-sky.a(tsch-adaptive-t) (__muldi3)
/usr/local/bin/../lib/gcc/msp430/4.7.2/mmpy-16/libgcc.a(_udivmod16.o)
                              contiki-sky.a(tsch-slot-opera) (__udivhi3)
/usr/local/bin/../lib/gcc/msp430/4.7.2/mmpy-16/libgcc.a(_divmod16.o)
[...]
Memory Configuration

Name             Origin             Length             Attributes
sfr              0x00000000         0x00000010
peripheral_8bit  0x00000010         0x000000f0
peripheral_16bit 0x00000100         0x00000100
ram_mirror       0x00000200         0x00000800         xw
infomem          0x00001000         0x00000100
infob            0x00001000         0x00000080
infoa            0x00001080         0x00000080
ram              0x00001100         0x00002800         xw
rom              0x00004000         0x0000bfe0         xr
vectors          0x0000ffe0         0x00000020
bsl              0x00000000         0x00000000
infoc            0x00000000         0x00000000
infod            0x00000000         0x00000000
ram2             0x00000000         0x00000000         xw
usbram           0x00000000         0x00000000         xw
far_rom          0x00000000         0x00000000
*default*        0x00000000         0xffffffff

Linker script and memory map

LOAD /usr/local/bin/../lib/gcc/msp430/4.7.2/mmpy-16/crt0ivtbl16.o
                0x000024e2                _stack = _end
LOAD master-neighbor-discovery.o
LOAD obj_sky/contiki-main.o
LOAD contiki-sky.a
LOAD /usr/local/bin/../lib/gcc/msp430/4.7.2/mmpy-16/libgcc.a
LOAD /usr/local/bin/../lib/gcc/msp430/4.7.2/../../../../msp430/lib/mmpy-16/libc.a
LOAD /usr/local/bin/../lib/gcc/msp430/4.7.2/mmpy-16/libgcc.a
LOAD /usr/local/bin/../lib/gcc/msp430/4.7.2/mmpy-16/libcrt0.a
                0x00000080                PROVIDE (__info_segment_size, 0x80)
                0x00001000                PROVIDE (__infob, 0x1000)
                0x00001080                PROVIDE (__infoa, 0x1080)
                0x00000000                __IE1 = 0x0
                0x00000002                __IFG1 = 0x2
                0x00000004                __ME1 = 0x4
                0x00000001                __IE2 = 0x1
                0x00000003                __IFG2 = 0x3
                0x00000005                __ME2 = 0x5
                0x00000120                __WDTCTL = 0x120
                0x00000130                __MPY = 0x130
                0x00000132                __MPYS = 0x132
                0x00000134                __MAC = 0x134
                0x00000136                __MACS = 0x136
                0x00000138                __OP2 = 0x138
                0x0000013a                __RESLO = 0x13a
                0x0000013c                __RESHI = 0x13c
                0x0000013e                __SUMEXT = 0x13e
                0x00000020                __P1IN = 0x20
                0x00000021                __P1OUT = 0x21
                0x00000022                __P1DIR = 0x22
                0x00000023                __P1IFG = 0x23
                0x00000024                __P1IES = 0x24
                0x00000025                __P1IE = 0x25
                0x00000026                __P1SEL = 0x26
                0x00000028                __P2IN = 0x28
                0x00000029                __P2OUT = 0x29
                0x0000002a                __P2DIR = 0x2a
                0x0000002b                __P2IFG = 0x2b
                0x0000002c                __P2IES = 0x2c
                0x0000002d                __P2IE = 0x2d
                0x0000002e                __P2SEL = 0x2e
                0x00000018                __P3IN = 0x18
                0x00000019                __P3OUT = 0x19
                0x0000001a                __P3DIR = 0x1a
                0x0000001b                __P3SEL = 0x1b
                0x0000001c                __P4IN = 0x1c
                0x0000001d                __P4OUT = 0x1d
                0x0000001e                __P4DIR = 0x1e
                0x0000001f                __P4SEL = 0x1f
                0x00000030                __P5IN = 0x30
                0x00000031                __P5OUT = 0x31
                0x00000032                __P5DIR = 0x32
                0x00000033                __P5SEL = 0x33
                0x00000034                __P6IN = 0x34
                0x00000035                __P6OUT = 0x35
                0x00000036                __P6DIR = 0x36
                0x00000037                __P6SEL = 0x37
                0x00000070                __U0CTL = 0x70
                0x00000071                __U0TCTL = 0x71
                0x00000072                __U0RCTL = 0x72
                0x00000073                __U0MCTL = 0x73
                0x00000074                __U0BR0 = 0x74
                0x00000075                __U0BR1 = 0x75
                0x00000076                __U0RXBUF = 0x76
                0x00000077                __U0TXBUF = 0x77
                0x00000078                __U1CTL = 0x78
                0x00000079                __U1TCTL = 0x79
                0x0000007a                __U1RCTL = 0x7a
                0x0000007b                __U1MCTL = 0x7b
                0x0000007c                __U1BR0 = 0x7c
                0x0000007d                __U1BR1 = 0x7d
                0x0000007e                __U1RXBUF = 0x7e
                0x0000007f                __U1TXBUF = 0x7f
                0x00000050                __I2CIE = 0x50
                0x00000051                __I2CIFG = 0x51
                0x00000052                __I2CNDAT = 0x52
                0x00000071                __I2CTCTL = 0x71
                0x00000072                __I2CDCTL = 0x72
                0x00000073                __I2CPSC = 0x73
                0x00000074                __I2CSCLH = 0x74
                0x00000075                __I2CSCLL = 0x75
                0x00000076                __I2CDRB = 0x76
                0x00000076                __I2CDRW = 0x76
                0x00000118                __I2COA = 0x118
                0x0000011a                __I2CSA = 0x11a
                0x0000011c                __I2CIV = 0x11c
                0x0000012e                __TAIV = 0x12e
                0x00000160                __TACTL = 0x160
                0x00000162                __TACCTL0 = 0x162
                0x00000164                __TACCTL1 = 0x164
                0x00000166                __TACCTL2 = 0x166
                0x00000170                __TAR = 0x170
                0x00000172                __TACCR0 = 0x172
                0x00000174                __TACCR1 = 0x174
                0x00000176                __TACCR2 = 0x176
                0x0000011e                __TBIV = 0x11e
                0x00000180                __TBCTL = 0x180
                0x00000182                __TBCCTL0 = 0x182
                0x00000184                __TBCCTL1 = 0x184
                0x00000186                __TBCCTL2 = 0x186
                0x00000188                __TBCCTL3 = 0x188
                0x0000018a                __TBCCTL4 = 0x18a
                0x0000018c                __TBCCTL5 = 0x18c
                0x0000018e                __TBCCTL6 = 0x18e
                0x00000190                __TBR = 0x190
                0x00000192                __TBCCR0 = 0x192
                0x00000194                __TBCCR1 = 0x194
                0x00000196                __TBCCR2 = 0x196
                0x00000198                __TBCCR3 = 0x198
                0x0000019a                __TBCCR4 = 0x19a
                0x0000019c                __TBCCR5 = 0x19c
                0x0000019e                __TBCCR6 = 0x19e
                0x00000056                __DCOCTL = 0x56
                0x00000057                __BCSCTL1 = 0x57
                0x00000058                __BCSCTL2 = 0x58
                0x00000055                __SVSCTL = 0x55
                0x00000128                __FCTL1 = 0x128
                0x0000012a                __FCTL2 = 0x12a
                0x0000012c                __FCTL3 = 0x12c
                0x00000059                __CACTL1 = 0x59
                0x0000005a                __CACTL2 = 0x5a
                0x0000005b                __CAPD = 0x5b
                0x000001a0                __ADC12CTL0 = 0x1a0
                0x000001a2                __ADC12CTL1 = 0x1a2
                0x000001a4                __ADC12IFG = 0x1a4
                0x000001a6                __ADC12IE = 0x1a6
                0x000001a8                __ADC12IV = 0x1a8
                0x00000140                __ADC12MEM0 = 0x140
                0x00000142                __ADC12MEM1 = 0x142
                0x00000144                __ADC12MEM2 = 0x144
                0x00000146                __ADC12MEM3 = 0x146
                0x00000148                __ADC12MEM4 = 0x148
                0x0000014a                __ADC12MEM5 = 0x14a
                0x0000014c                __ADC12MEM6 = 0x14c
                0x0000014e                __ADC12MEM7 = 0x14e
                0x00000150                __ADC12MEM8 = 0x150
                0x00000152                __ADC12MEM9 = 0x152
                0x00000154                __ADC12MEM10 = 0x154
                0x00000156                __ADC12MEM11 = 0x156
                0x00000158                __ADC12MEM12 = 0x158
                0x0000015a                __ADC12MEM13 = 0x15a
                0x0000015c                __ADC12MEM14 = 0x15c
                0x0000015e                __ADC12MEM15 = 0x15e
                0x00000080                __ADC12MCTL0 = 0x80
                0x00000081                __ADC12MCTL1 = 0x81
                0x00000082                __ADC12MCTL2 = 0x82
                0x00000083                __ADC12MCTL3 = 0x83
                0x00000084                __ADC12MCTL4 = 0x84
                0x00000085                __ADC12MCTL5 = 0x85
                0x00000086                __ADC12MCTL6 = 0x86
                0x00000087                __ADC12MCTL7 = 0x87
                0x00000088                __ADC12MCTL8 = 0x88
                0x00000089                __ADC12MCTL9 = 0x89
                0x0000008a                __ADC12MCTL10 = 0x8a
                0x0000008b                __ADC12MCTL11 = 0x8b
                0x0000008c                __ADC12MCTL12 = 0x8c
                0x0000008d                __ADC12MCTL13 = 0x8d
                0x0000008e                __ADC12MCTL14 = 0x8e
                0x0000008f                __ADC12MCTL15 = 0x8f
                0x000001c0                __DAC12_0CTL = 0x1c0
                0x000001c2                __DAC12_1CTL = 0x1c2
                0x000001c8                __DAC12_0DAT = 0x1c8
                0x000001ca                __DAC12_1DAT = 0x1ca
                0x00000122                __DMACTL0 = 0x122
                0x00000124                __DMACTL1 = 0x124
                0x000001e0                __DMA0CTL = 0x1e0
                0x000001e8                __DMA1CTL = 0x1e8
                0x000001f0                __DMA2CTL = 0x1f0
                0x000001e2                __DMA0SA = 0x1e2
                0x000001e4                __DMA0DA = 0x1e4
                0x000001e6                __DMA0SZ = 0x1e6
                0x000001ea                __DMA1SA = 0x1ea
                0x000001ec                __DMA1DA = 0x1ec
                0x000001ee                __DMA1SZ = 0x1ee
                0x000001f2                __DMA2SA = 0x1f2
                0x000001f4                __DMA2DA = 0x1f4
                0x000001f6                __DMA2SZ = 0x1f6

.hash
 *(.hash)

.dynsym
 *(.dynsym)

.dynstr
 *(.dynstr)

.gnu.version
 *(.gnu.version)

.gnu.version_d
 *(.gnu.version_d)

.gnu.version_r
 *(.gnu.version_r)

.rel.init
 *(.rel.init)

.rela.init
 *(.rela.init)

.rel.fini
 *(.rel.fini)

.rela.fini
 *(.rela.fini)

.rel.text
 *(.rel.text .rel.text.* .rel.gnu.linkonce.t.*)

.rela.text
 *(.rela.text .rela.text.* .rela.gnu.linkonce.t.*)

.rel.rodata
 *(.rel.rodata .rel.rodata.* .rel.gnu.linkonce.r.*)

.rela.rodata
 *(.rela.rodata .rela.rodata.* .rela.gnu.linkonce.r.*)

.rel.data
 *(.rel.data .rel.data.* .rel.gnu.linkonce.d.*)

.rela.data
 *(.rela.data .rela.data.* .rela.gnu.linkonce.d.*)

.rel.bss
 *(.rel.bss .rel.bss.* .rel.gnu.linkonce.b.*)

.rela.bss
 *(.rela.bss .rela.bss.* .rela.gnu.linkonce.b.*)

.rel.ctors
 *(.rel.ctors)

.rela.ctors
 *(.rela.ctors)

.rel.dtors
 *(.rel.dtors)

.rela.dtors
 *(.rela.dtors)

.rel.got
 *(.rel.got)

.rela.got
 *(.rela.got)

.rel.plt
 *(.rel.plt)

.rela.plt
 *(.rela.plt)

.text           0x00004000     0x89a6
                0x00004000                . = ALIGN (0x2)
 *(.init .init.*)
 *(.init0)
 .init0         0x00004000        0x0 /usr/local/bin/../lib/gcc/msp430/4.7.2/mmpy-16/libcrt0.a(_reset_vector__.o)
                0x00004000                _reset_vector__
 *(.init1)
 .init1         0x00004000        0xc /usr/local/bin/../lib/gcc/msp430/4.7.2/mmpy-16/libcrt0.a(__watchdog_support.o)
                0x00004000                __watchdog_support
 *(.init2)
 .init2         0x0000400c        0x4 /usr/local/bin/../lib/gcc/msp430/4.7.2/mmpy-16/libcrt0.a(__init_stack.o)
                0x0000400c                __init_stack
 *(.init3)
 .init3         0x00004010        0x0 /usr/local/bin/../lib/gcc/msp430/4.7.2/mmpy-16/libcrt0.a(__low_level_init.o)
                0x00004010                __low_level_init
 *(.init4)
 .init4         0x00004010       0x18 /usr/local/bin/../lib/gcc/msp430/4.7.2/mmpy-16/libcrt0.a(_copy_data.o)
                0x00004010                __do_copy_data
 .init4         0x00004028       0x16 /usr/local/bin/../lib/gcc/msp430/4.7.2/mmpy-16/libcrt0.a(_clear_bss.o)
                0x00004028                __do_clear_bss
 *(.init5)
 *(.init6)
 *(.init7)
 *(.init8)
 *(.init9)
 .init9         0x0000403e      0x110 obj_sky/contiki-main.o
                0x0000403e                main
 *(.fini9)
 .fini9         0x0000414e        0x0 /usr/local/bin/../lib/gcc/msp430/4.7.2/mmpy-16/libcrt0.a(__stop_progExec__.o)
                0x0000414e                __stop_progExec__
 *(.fini8)
 *(.fini7)
 *(.fini6)
 *(.fini5)
 *(.fini4)
 *(.fini3)
 *(.fini2)
 *(.fini1)
 *(.fini0)
 .fini0         0x0000414e        0x6 /usr/local/bin/../lib/gcc/msp430/4.7.2/mmpy-16/libcrt0.a(_endless_loop__.o)
                0x0000414e                _endless_loop__
 *(.fini .fini.*)
                0x00004154                . = ALIGN (0x2)
                0x00004154                __ctors_start = .
 *(.ctors)
                0x00004154                __ctors_end = .
                0x00004154                __dtors_start = .
 *(.dtors)
                0x00004154                __dtors_end = .
                0x00004154                . = ALIGN (0x2)
 *(.text .text.* .gnu.linkonce.t.*)
 .text          0x00004154        0x4 /usr/local/bin/../lib/gcc/msp430/4.7.2/mmpy-16/crt0ivtbl16.o
                0x00004154                __isr_14
                0x00004154                __isr_11
                0x00004154                __isr_2
                0x00004154                __isr_7
                0x00004154                __isr_0
                0x00004154                __isr_8
                0x00004154                __isr_3
                0x00004154                __isr_13
                0x00004154                __isr_9
                0x00004154                __isr_1
 .text.process_thread_master_neighbor_discovery_process
                0x00004158       0xec master-neighbor-discovery.o
 .text.node_id_restore
                0x00004244       0x38 contiki-sky.a(node-id.o)
                0x00004244                node_id_restore
 .text.putchar  0x0000427c       0x10 contiki-sky.a(uart1-putchar.o)
                0x0000427c                putchar
 .text.platform_init_stage_one
                0x0000428c       0x10 contiki-sky.a(platform.o)
                0x0000428c                platform_init_stage_one
 .text.platform_init_stage_two
                0x0000429c       0x80 contiki-sky.a(platform.o)
                0x0000429c                platform_init_stage_two
 .text.platform_init_stage_three
                0x0000431c       0xd2 contiki-sky.a(platform.o)
                0x0000431c                platform_init_stage_three
 .text.platform_idle
                0x000043ee       0x38 contiki-sky.a(platform.o)
                0x000043ee                platform_idle
 .text.msp430_init_dco
                0x00004426       0x82 contiki-sky.a(msp430.o)
                0x00004426                msp430_init_dco
 .text.msp430_add_lpm_req
                0x000044a8        0xc contiki-sky.a(msp430.o)
                0x000044a8                msp430_add_lpm_req
 .text.msp430_cpu_init
                0x000044b4       0x2a contiki-sky.a(msp430.o)
                0x000044b4                msp430_cpu_init
 .text.splhigh_
                0x000044de        0x8 contiki-sky.a(msp430.o)
                0x000044de                splhigh_
 .text.timera1  0x000044e6       0xdc contiki-sky.a(clock.o)
                0x000044e6                __isr_5
                0x000044e6                timera1
 .text.clock_time
                0x000045c2       0x1a contiki-sky.a(clock.o)
                0x000045c2                clock_time
 .text.clock_init
                0x000045dc       0x28 contiki-sky.a(clock.o)
                0x000045dc                clock_init
 .text.clock_delay
                0x00004604        0xc contiki-sky.a(clock.o)
                0x00004604                clock_delay
 .text.leds_init
                0x00004610        0x6 contiki-sky.a(leds.o)
                0x00004610                leds_init
 .text.leds_on  0x00004616       0x12 contiki-sky.a(leds.o)
                0x00004616                leds_on
 .text.leds_off
                0x00004628       0x12 contiki-sky.a(leds.o)
                0x00004628                leds_off
 .text.leds_arch_init
                0x0000463a        0xe contiki-sky.a(leds-arch.o)
                0x0000463a                leds_arch_init
 .text.leds_arch_get
                0x00004648       0x3e contiki-sky.a(leds-arch.o)
                0x00004648                leds_arch_get
 .text.leds_arch_set
                0x00004686       0x38 contiki-sky.a(leds-arch.o)
                0x00004686                leds_arch_set
 .text.watchdog_interrupt
                0x000046be        0x6 contiki-sky.a(watchdog.o)
                0x000046be                __isr_10
                0x000046be                watchdog_interrupt
 .text.watchdog_start
                0x000046c4       0x14 contiki-sky.a(watchdog.o)
                0x000046c4                watchdog_start
 .text.watchdog_periodic
                0x000046d8       0x12 contiki-sky.a(watchdog.o)
                0x000046d8                watchdog_periodic
 .text.watchdog_stop
                0x000046ea       0x16 contiki-sky.a(watchdog.o)
                0x000046ea                watchdog_stop
 .text.watchdog_init
                0x00004700       0x12 contiki-sky.a(watchdog.o)
                0x00004700                watchdog_init
 .text.output   0x00004712       0xc2 contiki-sky.a(master-net.o)
 .text.input    0x000047d4       0x40 contiki-sky.a(master-net.o)
 .text.init     0x00004814       0x22 contiki-sky.a(master-net.o)
 .text.masternet_set_input_callback
                0x00004836        0x6 contiki-sky.a(master-net.o)
                0x00004836                masternet_set_input_callback
 .text.masternet_set_config_callback
                0x0000483c        0x6 contiki-sky.a(master-net.o)
                0x0000483c                masternet_set_config_callback
 .text.master_routing_sent_configuration
                0x00004842        0x6 contiki-sky.a(master-routing.)
                0x00004842                master_routing_sent_configuration
 .text.master_install_schedule
                0x00004848      0x11e contiki-sky.a(master-routing.)
 .text.reverse  0x00004966       0x26 contiki-sky.a(master-routing.)
                0x00004966                reverse
 .text.intToStr
                0x0000498c       0x68 contiki-sky.a(master-routing.)
                0x0000498c                intToStr
 .text.ftoa     0x000049f4       0xaa contiki-sky.a(master-routing.)
                0x000049f4                ftoa
 .text.printFLoat
                0x00004a9e       0x30 contiki-sky.a(master-routing.)
                0x00004a9e                printFLoat
 .text.onReceivedNewBeacon
                0x00004ace       0xfa contiki-sky.a(master-routing.)
                0x00004ace                onReceivedNewBeacon
 .text.getAddressByNodeID
                0x00004bc8       0x24 contiki-sky.a(master-routing.)
                0x00004bc8                getAddressByNodeID
 .text.master_routing_send_advertisement
                0x00004bec       0xee contiki-sky.a(master-routing.)
                0x00004bec                master_routing_send_advertisement
 .text.send_data_to_master
                0x00004cda       0xf2 contiki-sky.a(master-routing.)
                0x00004cda                send_data_to_master
 .text.on_received_actual_data
                0x00004dcc      0x132 contiki-sky.a(master-routing.)
                0x00004dcc                on_received_actual_data
 .text.node_is_sender
                0x00004efe        0x6 contiki-sky.a(master-routing.)
                0x00004efe                node_is_sender
 .text.master_routing_configured
                0x00004f04        0x6 contiki-sky.a(master-routing.)
                0x00004f04                master_routing_configured
 .text.neighbor_discovery_send
                0x00004f0a       0x9c contiki-sky.a(master-routing.)
                0x00004f0a                neighbor_discovery_send
 .text.add_link_to_best_node
                0x00004fa6       0x5c contiki-sky.a(master-routing.)
                0x00004fa6                add_link_to_best_node
 .text.on_received_advertisement
                0x00005002      0x150 contiki-sky.a(master-routing.)
                0x00005002                on_received_advertisement
 .text.master_routing_input
                0x00005152      0x1c6 contiki-sky.a(master-routing.)
                0x00005152                master_routing_input
 .text.master_routing_sendto
                0x00005318       0x38 contiki-sky.a(master-routing.)
                0x00005318                master_routing_sendto
 .text.master_routing_send_advertisement_sendto
                0x00005350       0x16 contiki-sky.a(master-routing.)
                0x00005350                master_routing_send_advertisement_sendto
 .text.master_routing_send_actual_data
                0x00005366        0x8 contiki-sky.a(master-routing.)
                0x00005366                master_routing_send_actual_data
 .text.init_master_routing
                0x0000536e       0xc2 contiki-sky.a(master-routing.)
                0x0000536e                init_master_routing
 .text.autostart_start
                0x00005430       0x16 contiki-sky.a(autostart.o)
                0x00005430                autostart_start
 .text.process_thread_ctimer_process
                0x00005446       0xa8 contiki-sky.a(ctimer.o)
 .text.ctimer_init
                0x000054ee       0x18 contiki-sky.a(ctimer.o)
                0x000054ee                ctimer_init
 .text.ctimer_set_with_process
                0x00005506       0x4e contiki-sky.a(ctimer.o)
                0x00005506                ctimer_set_with_process
 .text.ctimer_set
                0x00005554       0x10 contiki-sky.a(ctimer.o)
                0x00005554                ctimer_set
 .text.ctimer_reset
                0x00005564       0x30 contiki-sky.a(ctimer.o)
                0x00005564                ctimer_reset
 .text.ctimer_stop
                0x00005594       0x28 contiki-sky.a(ctimer.o)
                0x00005594                ctimer_stop
 .text.energest_init
                0x000055bc        0x2 contiki-sky.a(energest.o)
                0x000055bc                energest_init
 .text.energest_flush
                0x000055be        0x2 contiki-sky.a(energest.o)
                0x000055be                energest_flush
 .text.update_time
                0x000055c0       0x78 contiki-sky.a(etimer.o)
 .text.etimer_request_poll
                0x00005638        0xa contiki-sky.a(etimer.o)
                0x00005638                etimer_request_poll
 .text.process_thread_etimer_process
                0x00005642       0xcc contiki-sky.a(etimer.o)
 .text.add_timer
                0x0000570e       0x40 contiki-sky.a(etimer.o)
 .text.etimer_set
                0x0000574e       0x12 contiki-sky.a(etimer.o)
                0x0000574e                etimer_set
 .text.etimer_reset
                0x00005760       0x12 contiki-sky.a(etimer.o)
                0x00005760                etimer_reset
 .text.etimer_expired
                0x00005772        0xe contiki-sky.a(etimer.o)
                0x00005772                etimer_expired
 .text.etimer_pending
                0x00005780        0xc contiki-sky.a(etimer.o)
                0x00005780                etimer_pending
 .text.etimer_next_expiration_time
                0x0000578c       0x16 contiki-sky.a(etimer.o)
                0x0000578c                etimer_next_expiration_time
 .text.etimer_stop
                0x000057a2       0x3e contiki-sky.a(etimer.o)
                0x000057a2                etimer_stop
 .text.log_lladdr
                0x000057e0       0x4a contiki-sky.a(log.o)
                0x000057e0                log_lladdr
 .text.call_process
                0x0000582a       0x46 contiki-sky.a(process.o)
 .text.exit_process
                0x00005870       0x96 contiki-sky.a(process.o)
 .text.do_poll  0x00005906       0x30 contiki-sky.a(process.o)
 .text.process_alloc_event
                0x00005936        0xe contiki-sky.a(process.o)
                0x00005936                process_alloc_event
 .text.process_init
                0x00005944       0x18 contiki-sky.a(process.o)
                0x00005944                process_init
 .text.process_run
                0x0000595c       0x92 contiki-sky.a(process.o)
                0x0000595c                process_run
 .text.process_nevents
                0x000059ee        0xe contiki-sky.a(process.o)
                0x000059ee                process_nevents
 .text.process_post
                0x000059fc       0x42 contiki-sky.a(process.o)
                0x000059fc                process_post
 .text.process_post_synch
                0x00005a3e       0x12 contiki-sky.a(process.o)
                0x00005a3e                process_post_synch
 .text.process_start
                0x00005a50       0x36 contiki-sky.a(process.o)
                0x00005a50                process_start
 .text.process_poll
                0x00005a86       0x18 contiki-sky.a(process.o)
                0x00005a86                process_poll
 .text.rtimer_init
                0x00005a9e        0x6 contiki-sky.a(rtimer.o)
                0x00005a9e                rtimer_init
 .text.rtimer_set
                0x00005aa4       0x24 contiki-sky.a(rtimer.o)
                0x00005aa4                rtimer_set
 .text.rtimer_run_next
                0x00005ac8       0x26 contiki-sky.a(rtimer.o)
                0x00005ac8                rtimer_run_next
 .text.timer_set
                0x00005aee       0x1c contiki-sky.a(timer.o)
                0x00005aee                timer_set
 .text.timer_reset
                0x00005b0a        0xe contiki-sky.a(timer.o)
                0x00005b0a                timer_reset
 .text.timer_expired
                0x00005b18       0x2a contiki-sky.a(timer.o)
                0x00005b18                timer_expired
 .text.process_thread_serial_line_process
                0x00005b42       0x9e contiki-sky.a(serial-line.o)
 .text.serial_line_input_byte
                0x00005be0       0x4a contiki-sky.a(serial-line.o)
                0x00005be0                serial_line_input_byte
 .text.serial_line_init
                0x00005c2a       0x1c contiki-sky.a(serial-line.o)
                0x00005c2a                serial_line_init
 .text.list_init
                0x00005c46        0x6 contiki-sky.a(list.o)
                0x00005c46                list_init
 .text.list_head
                0x00005c4c        0x4 contiki-sky.a(list.o)
                0x00005c4c                list_head
 .text.list_tail
                0x00005c50       0x12 contiki-sky.a(list.o)
                0x00005c50                list_tail
 .text.list_remove
                0x00005c62       0x34 contiki-sky.a(list.o)
                0x00005c62                list_remove
 .text.list_add
                0x00005c96       0x2a contiki-sky.a(list.o)
                0x00005c96                list_add
 .text.list_item_next
                0x00005cc0        0xc contiki-sky.a(list.o)
                0x00005cc0                list_item_next
 .text.random_init
                0x00005ccc        0x6 contiki-sky.a(random.o)
                0x00005ccc                random_init
 .text.random_rand
                0x00005cd2        0x6 contiki-sky.a(random.o)
                0x00005cd2                random_rand
 .text.ringbuf_init
                0x00005cd8       0x14 contiki-sky.a(ringbuf.o)
                0x00005cd8                ringbuf_init
 .text.ringbuf_put
                0x00005cec       0x38 contiki-sky.a(ringbuf.o)
                0x00005cec                ringbuf_put
 .text.ringbuf_get
                0x00005d24       0x32 contiki-sky.a(ringbuf.o)
                0x00005d24                ringbuf_get
 .text.linkaddr_copy
                0x00005d56        0x8 contiki-sky.a(linkaddr.o)
                0x00005d56                linkaddr_copy
 .text.linkaddr_cmp
                0x00005d5e       0x12 contiki-sky.a(linkaddr.o)
                0x00005d5e                linkaddr_cmp
 .text.linkaddr_set_node_addr
                0x00005d70        0xc contiki-sky.a(linkaddr.o)
                0x00005d70                linkaddr_set_node_addr
 .text.netstack_init
                0x00005d7c        0xe contiki-sky.a(netstack.o)
                0x00005d7c                netstack_init
 .text.packetbuf_hdrreduce
                0x00005d8a       0x1a contiki-sky.a(packetbuf.o)
                0x00005d8a                packetbuf_hdrreduce
 .text.packetbuf_set_datalen
                0x00005da4        0x6 contiki-sky.a(packetbuf.o)
                0x00005da4                packetbuf_set_datalen
 .text.packetbuf_hdrptr
                0x00005daa        0x6 contiki-sky.a(packetbuf.o)
                0x00005daa                packetbuf_hdrptr
 .text.packetbuf_datalen
                0x00005db0        0x6 contiki-sky.a(packetbuf.o)
                0x00005db0                packetbuf_datalen
 .text.packetbuf_hdrlen
                0x00005db6        0xa contiki-sky.a(packetbuf.o)
                0x00005db6                packetbuf_hdrlen
 .text.packetbuf_dataptr
                0x00005dc0        0xc contiki-sky.a(packetbuf.o)
                0x00005dc0                packetbuf_dataptr
 .text.packetbuf_copyto
                0x00005dcc       0x46 contiki-sky.a(packetbuf.o)
                0x00005dcc                packetbuf_copyto
 .text.packetbuf_totlen
                0x00005e12        0xc contiki-sky.a(packetbuf.o)
                0x00005e12                packetbuf_totlen
 .text.packetbuf_hdralloc
                0x00005e1e       0x3c contiki-sky.a(packetbuf.o)
                0x00005e1e                packetbuf_hdralloc
 .text.packetbuf_remaininglen
                0x00005e5a        0xe contiki-sky.a(packetbuf.o)
                0x00005e5a                packetbuf_remaininglen
 .text.packetbuf_attr_clear
                0x00005e68       0x28 contiki-sky.a(packetbuf.o)
                0x00005e68                packetbuf_attr_clear
 .text.packetbuf_clear
                0x00005e90       0x12 contiki-sky.a(packetbuf.o)
                0x00005e90                packetbuf_clear
 .text.packetbuf_copyfrom
                0x00005ea2       0x2e contiki-sky.a(packetbuf.o)
                0x00005ea2                packetbuf_copyfrom
 .text.packetbuf_attr_copyto
                0x00005ed0       0x22 contiki-sky.a(packetbuf.o)
                0x00005ed0                packetbuf_attr_copyto
 .text.packetbuf_attr_copyfrom
                0x00005ef2       0x24 contiki-sky.a(packetbuf.o)
                0x00005ef2                packetbuf_attr_copyfrom
 .text.packetbuf_set_attr
                0x00005f16        0xc contiki-sky.a(packetbuf.o)
                0x00005f16                packetbuf_set_attr
 .text.packetbuf_attr
                0x00005f22        0xa contiki-sky.a(packetbuf.o)
                0x00005f22                packetbuf_attr
 .text.packetbuf_set_addr
                0x00005f2c       0x18 contiki-sky.a(packetbuf.o)
                0x00005f2c                packetbuf_set_addr
 .text.packetbuf_addr
                0x00005f44       0x12 contiki-sky.a(packetbuf.o)
                0x00005f44                packetbuf_addr
 .text.packetbuf_holds_broadcast
                0x00005f56        0xe contiki-sky.a(packetbuf.o)
                0x00005f56                packetbuf_holds_broadcast
 .text.parse    0x00005f64       0x96 contiki-sky.a(framer-802154.o)
 .text.framer_802154_setup_params
                0x00005ffa       0xbc contiki-sky.a(framer-802154.o)
                0x00005ffa                framer_802154_setup_params
 .text.create_frame
                0x000060b6       0xde contiki-sky.a(framer-802154.o)
 .text.create   0x00006194        0x8 contiki-sky.a(framer-802154.o)
 .text.hdr_length
                0x0000619c        0x8 contiki-sky.a(framer-802154.o)
 .text.tsch_schedule_get_slotframe_by_handle
                0x000061a4       0x2e contiki-sky.a(tsch-schedule.o)
                0x000061a4                tsch_schedule_get_slotframe_by_handle
 .text.tsch_schedule_add_slotframe
                0x000061d2       0x7c contiki-sky.a(tsch-schedule.o)
                0x000061d2                tsch_schedule_add_slotframe
 .text.tsch_schedule_remove_link
                0x0000624e       0x7e contiki-sky.a(tsch-schedule.o)
                0x0000624e                tsch_schedule_remove_link
 .text.tsch_schedule_remove_slotframe
                0x000062cc       0x46 contiki-sky.a(tsch-schedule.o)
                0x000062cc                tsch_schedule_remove_slotframe
 .text.tsch_schedule_remove_all_slotframes
                0x00006312       0x1e contiki-sky.a(tsch-schedule.o)
                0x00006312                tsch_schedule_remove_all_slotframes
 .text.tsch_schedule_get_link_by_timeslot
                0x00006330       0x38 contiki-sky.a(tsch-schedule.o)
                0x00006330                tsch_schedule_get_link_by_timeslot
 .text.tsch_schedule_remove_link_by_timeslot
                0x00006368       0x26 contiki-sky.a(tsch-schedule.o)
                0x00006368                tsch_schedule_remove_link_by_timeslot
 .text.tsch_schedule_add_link
                0x0000638e       0xce contiki-sky.a(tsch-schedule.o)
                0x0000638e                tsch_schedule_add_link
 .text.tsch_schedule_get_next_active_link
                0x0000645c      0x132 contiki-sky.a(tsch-schedule.o)
                0x0000645c                tsch_schedule_get_next_active_link
 .text.tsch_schedule_init
                0x0000658e       0x2c contiki-sky.a(tsch-schedule.o)
                0x0000658e                tsch_schedule_init
 .text.tsch_radio_on.part.0
                0x000065ba        0x6 contiki-sky.a(tsch-slot-opera)
 .text.tsch_radio_off.part.1
                0x000065c0        0x6 contiki-sky.a(tsch-slot-opera)
 .text.tsch_schedule_slot_operation.isra.2
                0x000065c6       0x5e contiki-sky.a(tsch-slot-opera)
 .text.get_packet_and_neighbor_for_link.constprop.6
                0x00006624       0x68 contiki-sky.a(tsch-slot-opera)
 .text.tsch_is_locked
                0x0000668c        0x6 contiki-sky.a(tsch-slot-opera)
                0x0000668c                tsch_is_locked
 .text.tsch_get_lock
                0x00006692       0x3c contiki-sky.a(tsch-slot-opera)
                0x00006692                tsch_get_lock
 .text.tsch_release_lock
                0x000066ce        0x6 contiki-sky.a(tsch-slot-opera)
                0x000066ce                tsch_release_lock
 .text.tsch_calculate_channel
                0x000066d4       0x62 contiki-sky.a(tsch-slot-opera)
                0x000066d4                tsch_calculate_channel
 .text.tsch_slot_operation
                0x00006736      0x9e0 contiki-sky.a(tsch-slot-opera)
 .text.tsch_slot_operation_start
                0x00007116       0x84 contiki-sky.a(tsch-slot-opera)
                0x00007116                tsch_slot_operation_start
 .text.tsch_slot_operation_sync
                0x0000719a       0x36 contiki-sky.a(tsch-slot-opera)
                0x0000719a                tsch_slot_operation_sync
 .text.turn_off
                0x000071d0        0x8 contiki-sky.a(tsch.o)
 .text.send_packet
                0x000071d8       0xc8 contiki-sky.a(tsch.o)
 .text.tsch_reset
                0x000072a0       0x90 contiki-sky.a(tsch.o)
 .text.process_thread_tsch_send_eb_process
                0x00007330      0x156 contiki-sky.a(tsch.o)
 .text.turn_on  0x00007486       0x36 contiki-sky.a(tsch.o)
 .text.tsch_init
                0x000074bc       0xaa contiki-sky.a(tsch.o)
 .text.packet_input
                0x00007566       0x26 contiki-sky.a(tsch.o)
 .text.keepalive_send
                0x0000758c       0x30 contiki-sky.a(tsch.o)
 .text.tsch_set_coordinator
                0x000075bc       0x1a contiki-sky.a(tsch.o)
                0x000075bc                tsch_set_coordinator
 .text.tsch_set_eb_period
                0x000075d6       0x1a contiki-sky.a(tsch.o)
                0x000075d6                tsch_set_eb_period
 .text.tsch_schedule_keepalive
                0x000075f0       0x78 contiki-sky.a(tsch.o)
                0x000075f0                tsch_schedule_keepalive
 .text.tsch_set_ka_timeout
                0x00007668       0x20 contiki-sky.a(tsch.o)
                0x00007668                tsch_set_ka_timeout
 .text.tsch_schedule_keepalive_immediately
                0x00007688       0x22 contiki-sky.a(tsch.o)
                0x00007688                tsch_schedule_keepalive_immediately
 .text.tsch_disassociate
                0x000076aa       0x1a contiki-sky.a(tsch.o)
                0x000076aa                tsch_disassociate
 .text.process_thread_tsch_pending_events_process
                0x000076c4      0x190 contiki-sky.a(tsch.o)
 .text.keepalive_packet_sent
                0x00007854       0x62 contiki-sky.a(tsch.o)
 .text.tsch_scan
                0x000078b6      0x364 contiki-sky.a(tsch.o)
                0x000078b6                tsch_scan
 .text.process_thread_tsch_process
                0x00007c1a       0xae contiki-sky.a(tsch.o)
 .text.init_platform
                0x00007cc8        0xc contiki-sky.a(contiki-sky-pla)
                0x00007cc8                init_platform
 .text.status   0x00007cd4       0x18 contiki-sky.a(button-sensor.o)
 .text.value    0x00007cec       0x20 contiki-sky.a(button-sensor.o)
 .text.configure
                0x00007d0c       0x4c contiki-sky.a(button-sensor.o)
 .text.owreadb  0x00007d58       0x50 contiki-sky.a(ds2411.o)
 .text.ds2411_init
                0x00007da8      0x120 contiki-sky.a(ds2411.o)
                0x00007da8                ds2411_init
 .text.wait_ready
                0x00007ec8       0x4a contiki-sky.a(xmem.o)
 .text.xmem_init
                0x00007f12       0x3c contiki-sky.a(xmem.o)
                0x00007f12                xmem_init
 .text.xmem_pread
                0x00007f4e       0xa4 contiki-sky.a(xmem.o)
                0x00007f4e                xmem_pread
 .text.process_thread_sensors_process
                0x00007ff2       0xc2 contiki-sky.a(sensors.o)
 .text.set_object
                0x000080b4        0x4 contiki-sky.a(cc2420.o)
 .text.strobe   0x000080b8       0x1c contiki-sky.a(cc2420.o)
 .text.getreg   0x000080d4       0x4c contiki-sky.a(cc2420.o)
 .text.setreg   0x00008120       0x4c contiki-sky.a(cc2420.o)
 .text.write_ram
                0x0000816c       0x7c contiki-sky.a(cc2420.o)
 .text.write_fifo_buf
                0x000081e8       0x3c contiki-sky.a(cc2420.o)
 .text.get_status
                0x00008224       0x20 contiki-sky.a(cc2420.o)
 .text.on       0x00008244       0x1a contiki-sky.a(cc2420.o)
 .text.cc2420_receiving_packet
                0x0000825e        0xc contiki-sky.a(cc2420.o)
 .text.pending_packet
                0x0000826a        0x8 contiki-sky.a(cc2420.o)
 .text.wait_for_transmission
                0x00008272       0x22 contiki-sky.a(cc2420.o)
 .text.wait_for_status
                0x00008294       0x28 contiki-sky.a(cc2420.o)
 .text.getrxdata
                0x000082bc       0x50 contiki-sky.a(cc2420.o)
 .text.flushrx  0x0000830c       0x1a contiki-sky.a(cc2420.o)
 .text.off      0x00008326       0x28 contiki-sky.a(cc2420.o)
 .text.RELEASE_LOCK
                0x0000834e       0x28 contiki-sky.a(cc2420.o)
 .text.set_key  0x00008376       0x18 contiki-sky.a(cc2420.o)
 .text.set_frame_filtering
                0x0000838e       0x30 contiki-sky.a(cc2420.o)
 .text.set_auto_ack
                0x000083be       0x30 contiki-sky.a(cc2420.o)
 .text.set_poll_mode
                0x000083ee       0x2c contiki-sky.a(cc2420.o)
 .text.cc2420_prepare
                0x0000841a       0x3c contiki-sky.a(cc2420.o)
 .text.get_object
                0x00008456       0x20 contiki-sky.a(cc2420.o)
 .text.cc2420_on
                0x00008476       0x22 contiki-sky.a(cc2420.o)
                0x00008476                cc2420_on
 .text.cc2420_transmit
                0x00008498       0x5a contiki-sky.a(cc2420.o)
 .text.cc2420_send
                0x000084f2       0x12 contiki-sky.a(cc2420.o)
 .text.cc2420_off
                0x00008504       0x30 contiki-sky.a(cc2420.o)
                0x00008504                cc2420_off
 .text.cc2420_cca
                0x00008534       0x68 contiki-sky.a(cc2420.o)
 .text.cc2420_read
                0x0000859c       0xbe contiki-sky.a(cc2420.o)
 .text.process_thread_cc2420_process
                0x0000865a       0x62 contiki-sky.a(cc2420.o)
 .text.encrypt  0x000086bc       0x88 contiki-sky.a(cc2420.o)
 .text.cc2420_set_channel
                0x00008744       0x3c contiki-sky.a(cc2420.o)
                0x00008744                cc2420_set_channel
 .text.cc2420_set_pan_addr
                0x00008780       0x4c contiki-sky.a(cc2420.o)
                0x00008780                cc2420_set_pan_addr
 .text.cc2420_interrupt
                0x000087cc       0x16 contiki-sky.a(cc2420.o)
                0x000087cc                cc2420_interrupt
 .text.cc2420_set_txpower
                0x000087e2       0x2c contiki-sky.a(cc2420.o)
                0x000087e2                cc2420_set_txpower
 .text.cc2420_get_txpower
                0x0000880e       0x1e contiki-sky.a(cc2420.o)
                0x0000880e                cc2420_get_txpower
 .text.cc2420_rssi
                0x0000882c       0x4c contiki-sky.a(cc2420.o)
                0x0000882c                cc2420_rssi
 .text.get_value
                0x00008878      0x104 contiki-sky.a(cc2420.o)
 .text.cc2420_set_cca_threshold
                0x0000897c       0x16 contiki-sky.a(cc2420.o)
                0x0000897c                cc2420_set_cca_threshold
 .text.set_value
                0x00008992       0xb8 contiki-sky.a(cc2420.o)
 .text.cc2420_init
                0x00008a4a       0xea contiki-sky.a(cc2420.o)
                0x00008a4a                cc2420_init
 .text.cc2420_port1_interrupt
                0x00008b34       0x20 contiki-sky.a(cc2420-arch.o)
                0x00008b34                __isr_4
                0x00008b34                cc2420_port1_interrupt
 .text.cc2420_arch_init
                0x00008b54       0x1e contiki-sky.a(cc2420-arch.o)
                0x00008b54                cc2420_arch_init
 .text.cc2420_timerb1_interrupt
                0x00008b72       0x26 contiki-sky.a(cc2420-arch-sfd)
                0x00008b72                cc2420_timerb1_interrupt
                0x00008b72                __isr_12
 .text.cc2420_arch_sfd_init
                0x00008b98       0x26 contiki-sky.a(cc2420-arch-sfd)
                0x00008b98                cc2420_arch_sfd_init
 .text.handle_rxdma_timer
                0x00008bbe       0x3a contiki-sky.a(uart1.o)
 .text.uart1_active
                0x00008bf8       0x18 contiki-sky.a(uart1.o)
                0x00008bf8                uart1_active
 .text.uart1_set_input
                0x00008c10       0x20 contiki-sky.a(uart1.o)
                0x00008c10                uart1_set_input
 .text.uart1_writeb
                0x00008c30       0x18 contiki-sky.a(uart1.o)
                0x00008c30                uart1_writeb
 .text.uart1_init
                0x00008c48       0xf4 contiki-sky.a(uart1.o)
                0x00008c48                uart1_init
 .text.timera0  0x00008d3c       0x2e contiki-sky.a(rtimer-arch.o)
                0x00008d3c                __isr_6
                0x00008d3c                timera0
 .text.rtimer_arch_init
                0x00008d6a        0xe contiki-sky.a(rtimer-arch.o)
                0x00008d6a                rtimer_arch_init
 .text.rtimer_arch_now
                0x00008d78        0xe contiki-sky.a(rtimer-arch.o)
                0x00008d78                rtimer_arch_now
 .text.rtimer_arch_schedule
                0x00008d86        0x6 contiki-sky.a(rtimer-arch.o)
                0x00008d86                rtimer_arch_schedule
 .text.memb_init
                0x00008d8c       0x36 contiki-sky.a(memb.o)
                0x00008d8c                memb_init
 .text.memb_alloc
                0x00008dc2       0x3e contiki-sky.a(memb.o)
                0x00008dc2                memb_alloc
 .text.memb_free
                0x00008e00       0x3a contiki-sky.a(memb.o)
                0x00008e00                memb_free
 .text.memb_inmemb
                0x00008e3a       0x2a contiki-sky.a(memb.o)
                0x00008e3a                memb_inmemb
 .text.ringbufindex_init
                0x00008e64       0x10 contiki-sky.a(ringbufindex.o)
                0x00008e64                ringbufindex_init
 .text.ringbufindex_put
                0x00008e74       0x28 contiki-sky.a(ringbufindex.o)
                0x00008e74                ringbufindex_put
 .text.ringbufindex_peek_put
                0x00008e9c       0x1c contiki-sky.a(ringbufindex.o)
                0x00008e9c                ringbufindex_peek_put
 .text.ringbufindex_get
                0x00008eb8       0x2c contiki-sky.a(ringbufindex.o)
                0x00008eb8                ringbufindex_get
 .text.ringbufindex_peek_get
                0x00008ee4       0x16 contiki-sky.a(ringbufindex.o)
                0x00008ee4                ringbufindex_peek_get
 .text.ringbufindex_elements
                0x00008efa       0x10 contiki-sky.a(ringbufindex.o)
                0x00008efa                ringbufindex_elements
 .text.ringbufindex_empty
                0x00008f0a       0x10 contiki-sky.a(ringbufindex.o)
                0x00008f0a                ringbufindex_empty
 .text.link_stats_is_fresh
                0x00008f1a       0x30 contiki-sky.a(link-stats.o)
                0x00008f1a                link_stats_is_fresh
 .text.guess_etx_from_rssi
                0x00008f4a       0x42 contiki-sky.a(link-stats.o)
                0x00008f4a                guess_etx_from_rssi
 .text.link_stats_packet_sent
                0x00008f8c       0xdc contiki-sky.a(link-stats.o)
                0x00008f8c                link_stats_packet_sent
 .text.item_from_index
                0x00009068       0x2a contiki-sky.a(nbr-table.o)
 .text.index_from_key
                0x00009092       0x26 contiki-sky.a(nbr-table.o)
 .text.index_from_item
                0x000090b8       0x1e contiki-sky.a(nbr-table.o)
 .text.nbr_set_bit
                0x000090d6       0x58 contiki-sky.a(nbr-table.o)
 .text.index_from_lladdr
                0x0000912e       0x42 contiki-sky.a(nbr-table.o)
 .text.nbr_get_bit.constprop.1
                0x00009170       0x2e contiki-sky.a(nbr-table.o)
 .text.remove_key
                0x0000919e       0x66 contiki-sky.a(nbr-table.o)
 .text.nbr_table_add_lladdr
                0x00009204       0xd8 contiki-sky.a(nbr-table.o)
                0x00009204                nbr_table_add_lladdr
 .text.nbr_table_get_from_lladdr
                0x000092dc       0x2c contiki-sky.a(nbr-table.o)
                0x000092dc                nbr_table_get_from_lladdr
 .text.queuebuf_init
                0x00009308       0x12 contiki-sky.a(queuebuf.o)
                0x00009308                queuebuf_init
 .text.queuebuf_new_from_packetbuf
                0x0000931a       0x52 contiki-sky.a(queuebuf.o)
                0x0000931a                queuebuf_new_from_packetbuf
 .text.queuebuf_free
                0x0000936c       0x2a contiki-sky.a(queuebuf.o)
                0x0000936c                queuebuf_free
 .text.queuebuf_to_packetbuf
                0x00009396       0x32 contiki-sky.a(queuebuf.o)
                0x00009396                queuebuf_to_packetbuf
 .text.queuebuf_dataptr
                0x000093c8       0x1c contiki-sky.a(queuebuf.o)
                0x000093c8                queuebuf_dataptr
 .text.queuebuf_datalen
                0x000093e4        0x8 contiki-sky.a(queuebuf.o)
                0x000093e4                queuebuf_datalen
 .text.mac_sequence_is_duplicate
                0x000093ec       0x84 contiki-sky.a(mac-sequence.o)
                0x000093ec                mac_sequence_is_duplicate
 .text.mac_sequence_register_seqno
                0x00009470       0x90 contiki-sky.a(mac-sequence.o)
                0x00009470                mac_sequence_register_seqno
 .text.mac_call_sent_callback
                0x00009500       0x14 contiki-sky.a(mac.o)
                0x00009500                mac_call_sent_callback
 .text.frame802154_get_pan_id
                0x00009514        0x6 contiki-sky.a(frame802154.o)
                0x00009514                frame802154_get_pan_id
 .text.frame802154_set_pan_id
                0x0000951a        0x6 contiki-sky.a(frame802154.o)
                0x0000951a                frame802154_set_pan_id
 .text.frame802154_has_panid
                0x00009520       0xe0 contiki-sky.a(frame802154.o)
                0x00009520                frame802154_has_panid
 .text.field_len
                0x00009600       0xac contiki-sky.a(frame802154.o)
 .text.frame802154_check_dest_panid
                0x000096ac       0x3a contiki-sky.a(frame802154.o)
                0x000096ac                frame802154_check_dest_panid
 .text.frame802154_is_broadcast_addr
                0x000096e6       0x28 contiki-sky.a(frame802154.o)
                0x000096e6                frame802154_is_broadcast_addr
 .text.frame802154_extract_linkaddr
                0x0000970e       0x9c contiki-sky.a(frame802154.o)
                0x0000970e                frame802154_extract_linkaddr
 .text.frame802154_hdrlen
                0x000097aa       0x32 contiki-sky.a(frame802154.o)
                0x000097aa                frame802154_hdrlen
 .text.frame802154_create_fcf
                0x000097dc       0x96 contiki-sky.a(frame802154.o)
                0x000097dc                frame802154_create_fcf
 .text.frame802154_create
                0x00009872       0xe4 contiki-sky.a(frame802154.o)
                0x00009872                frame802154_create
 .text.frame802154_parse_fcf
                0x00009956       0xbc contiki-sky.a(frame802154.o)
                0x00009956                frame802154_parse_fcf
 .text.frame802154_parse
                0x00009a12      0x168 contiki-sky.a(frame802154.o)
                0x00009a12                frame802154_parse
 .text.tsch_timesync_update
                0x00009b7a      0x138 contiki-sky.a(tsch-adaptive-t)
                0x00009b7a                tsch_timesync_update
 .text.tsch_timesync_adaptive_compensate
                0x00009cb2      0x22e contiki-sky.a(tsch-adaptive-t)
                0x00009cb2                tsch_timesync_adaptive_compensate
 .text.tsch_packet_eackbuf_attr
                0x00009ee0        0xa contiki-sky.a(tsch-packet.o)
                0x00009ee0                tsch_packet_eackbuf_attr
 .text.tsch_packet_create_eack
                0x00009eea       0xc2 contiki-sky.a(tsch-packet.o)
                0x00009eea                tsch_packet_create_eack
 .text.tsch_packet_parse_eack
                0x00009fac       0xce contiki-sky.a(tsch-packet.o)
                0x00009fac                tsch_packet_parse_eack
 .text.tsch_packet_create_eb
                0x0000a07a      0x166 contiki-sky.a(tsch-packet.o)
                0x0000a07a                tsch_packet_create_eb
 .text.tsch_packet_update_eb
                0x0000a1e0       0x42 contiki-sky.a(tsch-packet.o)
                0x0000a1e0                tsch_packet_update_eb
 .text.tsch_packet_parse_eb
                0x0000a222       0x94 contiki-sky.a(tsch-packet.o)
                0x0000a222                tsch_packet_parse_eb
 .text.tsch_queue_get_nbr
                0x0000a2b6       0x40 contiki-sky.a(tsch-queue.o)
                0x0000a2b6                tsch_queue_get_nbr
 .text.tsch_queue_add_nbr
                0x0000a2f6       0x8c contiki-sky.a(tsch-queue.o)
                0x0000a2f6                tsch_queue_add_nbr
 .text.tsch_queue_get_time_source
                0x0000a382       0x28 contiki-sky.a(tsch-queue.o)
                0x0000a382                tsch_queue_get_time_source
 .text.tsch_queue_update_time_source
                0x0000a3aa       0x74 contiki-sky.a(tsch-queue.o)
                0x0000a3aa                tsch_queue_update_time_source
 .text.tsch_queue_add_packet
                0x0000a41e       0xdc contiki-sky.a(tsch-queue.o)
                0x0000a41e                tsch_queue_add_packet
 .text.tsch_queue_packet_count
                0x0000a4fa       0x26 contiki-sky.a(tsch-queue.o)
                0x0000a4fa                tsch_queue_packet_count
 .text.tsch_queue_remove_packet_from_queue
                0x0000a520       0x3a contiki-sky.a(tsch-queue.o)
                0x0000a520                tsch_queue_remove_packet_from_queue
 .text.tsch_queue_free_packet
                0x0000a55a       0x1c contiki-sky.a(tsch-queue.o)
                0x0000a55a                tsch_queue_free_packet
 .text.tsch_queue_is_empty
                0x0000a576       0x2c contiki-sky.a(tsch-queue.o)
                0x0000a576                tsch_queue_is_empty
 .text.tsch_queue_flush_nbr_queue
                0x0000a5a2       0x40 contiki-sky.a(tsch-queue.o)
 .text.tsch_queue_reset
                0x0000a5e2       0x3a contiki-sky.a(tsch-queue.o)
                0x0000a5e2                tsch_queue_reset
 .text.tsch_queue_free_unused_neighbors
                0x0000a61c       0x68 contiki-sky.a(tsch-queue.o)
                0x0000a61c                tsch_queue_free_unused_neighbors
 .text.tsch_queue_get_packet_for_nbr
                0x0000a684       0x58 contiki-sky.a(tsch-queue.o)
                0x0000a684                tsch_queue_get_packet_for_nbr
 .text.tsch_queue_get_unicast_packet_for_any
                0x0000a6dc       0x58 contiki-sky.a(tsch-queue.o)
                0x0000a6dc                tsch_queue_get_unicast_packet_for_any
 .text.tsch_queue_backoff_inc
                0x0000a734       0x4e contiki-sky.a(tsch-queue.o)
                0x0000a734                tsch_queue_backoff_inc
 .text.tsch_queue_packet_sent
                0x0000a782       0x76 contiki-sky.a(tsch-queue.o)
                0x0000a782                tsch_queue_packet_sent
 .text.tsch_queue_update_all_backoff_windows
                0x0000a7f8       0x5e contiki-sky.a(tsch-queue.o)
                0x0000a7f8                tsch_queue_update_all_backoff_windows
 .text.tsch_queue_init
                0x0000a856       0x32 contiki-sky.a(tsch-queue.o)
                0x0000a856                tsch_queue_init
 .text.spi_init
                0x0000a888       0x30 contiki-sky.a(spi.o)
                0x0000a888                spi_init
 .text.frame80215e_create_ie_header_ack_nack_time_correction
                0x0000a8b8       0x38 contiki-sky.a(frame802154e-ie)
                0x0000a8b8                frame80215e_create_ie_header_ack_nack_time_correction
 .text.frame80215e_create_ie_header_list_termination_1
                0x0000a8f0       0x1c contiki-sky.a(frame802154e-ie)
                0x0000a8f0                frame80215e_create_ie_header_list_termination_1
 .text.frame80215e_create_ie_mlme
                0x0000a90c       0x28 contiki-sky.a(frame802154e-ie)
                0x0000a90c                frame80215e_create_ie_mlme
 .text.frame80215e_create_ie_tsch_synchronization
                0x0000a934       0x56 contiki-sky.a(frame802154e-ie)
                0x0000a934                frame80215e_create_ie_tsch_synchronization
 .text.frame80215e_create_ie_tsch_slotframe_and_link
                0x0000a98a       0xd4 contiki-sky.a(frame802154e-ie)
                0x0000a98a                frame80215e_create_ie_tsch_slotframe_and_link
 .text.frame80215e_create_ie_tsch_timeslot
                0x0000aa5e       0x6a contiki-sky.a(frame802154e-ie)
                0x0000aa5e                frame80215e_create_ie_tsch_timeslot
 .text.frame80215e_create_ie_tsch_channel_hopping_sequence
                0x0000aac8       0xa2 contiki-sky.a(frame802154e-ie)
                0x0000aac8                frame80215e_create_ie_tsch_channel_hopping_sequence
 .text.frame802154e_parse_information_elements
                0x0000ab6a      0x38a contiki-sky.a(frame802154e-ie)
                0x0000ab6a                frame802154e_parse_information_elements
 .text.libgcc   0x0000aef4       0x2c /usr/local/bin/../lib/gcc/msp430/4.7.2/mmpy-16/libgcc.a(_mulsi3.o)
                0x0000aef4                __mulsi3
 .text.libgcc   0x0000af20       0x42 /usr/local/bin/../lib/gcc/msp430/4.7.2/mmpy-16/libgcc.a(_mulsidi3.o)
                0x0000af20                __mulsidi3
 .text.libgcc   0x0000af62       0x76 /usr/local/bin/../lib/gcc/msp430/4.7.2/mmpy-16/libgcc.a(_muldi3.o)
                0x0000af62                __muldi3
                0x0000af98                __xabi_muldi3
 .text.libgcc   0x0000afd8       0x22 /usr/local/bin/../lib/gcc/msp430/4.7.2/mmpy-16/libgcc.a(_udivmod16.o)
                0x0000afd8                __udivhi3
                0x0000afd8                __ext_udivmod16
                0x0000aff2                __umodhi3
 .text.libgcc   0x0000affa       0x3a /usr/local/bin/../lib/gcc/msp430/4.7.2/mmpy-16/libgcc.a(_divmod16.o)
                0x0000affa                __ext_divmod16
                0x0000affa                __divhi3
                0x0000b02c                __modhi3
 .text.libgcc   0x0000b034       0x40 /usr/local/bin/../lib/gcc/msp430/4.7.2/mmpy-16/libgcc.a(_udivmod32.o)
                0x0000b034                __udivsi3
                0x0000b034                __ext_udivmod32
                0x0000b06a                __umodsi3
 .text.libgcc   0x0000b074       0x4c /usr/local/bin/../lib/gcc/msp430/4.7.2/mmpy-16/libgcc.a(_divmod32.o)
                0x0000b074                __ext_divmod32
                0x0000b074                __divsi3
                0x0000b0b6                __modsi3
 .text.libgcc   0x0000b0c0       0xb6 /usr/local/bin/../lib/gcc/msp430/4.7.2/mmpy-16/libgcc.a(_divmod64.o)
                0x0000b0c0                __xabi_divmod64
                0x0000b122                __divdi3
                0x0000b148                __moddi3
 .text          0x0000b176      0x31e /usr/local/bin/../lib/gcc/msp430/4.7.2/mmpy-16/libgcc.a(_addsub_sf.o)
                0x0000b3f8                __addsf3
                0x0000b444                __subsf3
 .text          0x0000b494      0x210 /usr/local/bin/../lib/gcc/msp430/4.7.2/mmpy-16/libgcc.a(_mul_sf.o)
                0x0000b494                __mulsf3
 .text          0x0000b6a4      0x148 /usr/local/bin/../lib/gcc/msp430/4.7.2/mmpy-16/libgcc.a(_div_sf.o)
                0x0000b6a4                __divsf3
 .text          0x0000b7ec       0x4e /usr/local/bin/../lib/gcc/msp430/4.7.2/mmpy-16/libgcc.a(_lt_sf.o)
                0x0000b7ec                __ltsf2
 .text          0x0000b83a       0x4e /usr/local/bin/../lib/gcc/msp430/4.7.2/mmpy-16/libgcc.a(_le_sf.o)
                0x0000b83a                __lesf2
 .text          0x0000b888       0xa8 /usr/local/bin/../lib/gcc/msp430/4.7.2/mmpy-16/libgcc.a(_si_to_sf.o)
                0x0000b888                __floatsisf
 .text          0x0000b930       0x8c /usr/local/bin/../lib/gcc/msp430/4.7.2/mmpy-16/libgcc.a(_sf_to_si.o)
                0x0000b930                __fixsfsi
 .text.libgcc   0x0000b9bc       0xf0 /usr/local/bin/../lib/gcc/msp430/4.7.2/mmpy-16/libgcc.a(_udivmod64.o)
                0x0000b9bc                __xabi_udivmod64
                0x0000ba1a                __udivdi3
                0x0000ba40                __umoddi3
                0x0000ba6e                __udivmoddi4
 .text          0x0000baac       0x72 /usr/local/bin/../lib/gcc/msp430/4.7.2/mmpy-16/libgcc.a(_clzsi2.o)
                0x0000baac                __clzsi2
 .text          0x0000bb1e      0x1da /usr/local/bin/../lib/gcc/msp430/4.7.2/mmpy-16/libgcc.a(_pack_sf.o)
                0x0000bb1e                __pack_f
 .text          0x0000bcf8      0x13c /usr/local/bin/../lib/gcc/msp430/4.7.2/mmpy-16/libgcc.a(_unpack_sf.o)
                0x0000bcf8                __unpack_f
 .text          0x0000be34       0xa4 /usr/local/bin/../lib/gcc/msp430/4.7.2/mmpy-16/libgcc.a(_fpcmp_parts_sf.o)
                0x0000be34                __fpcmp_parts_f
 .text.printf   0x0000bed8       0x10 /usr/local/bin/../lib/gcc/msp430/4.7.2/../../../../msp430/lib/mmpy-16/libc.a(printf.o)
                0x0000bed8                printf
 .text.print_field
                0x0000bee8      0x194 /usr/local/bin/../lib/gcc/msp430/4.7.2/../../../../msp430/lib/mmpy-16/libc.a(vuprintf.o)
 .text.vuprintf
                0x0000c07c      0x63e /usr/local/bin/../lib/gcc/msp430/4.7.2/../../../../msp430/lib/mmpy-16/libc.a(vuprintf.o)
                0x0000c07c                vuprintf
 .text.puts     0x0000c6ba       0x2c /usr/local/bin/../lib/gcc/msp430/4.7.2/../../../../msp430/lib/mmpy-16/libc.a(puts.o)
                0x0000c6ba                puts
 .text.rand     0x0000c6e6       0x26 /usr/local/bin/../lib/gcc/msp430/4.7.2/../../../../msp430/lib/mmpy-16/libc.a(rand.o)
                0x0000c6e6                rand
 .text.srand    0x0000c70c        0xa /usr/local/bin/../lib/gcc/msp430/4.7.2/../../../../msp430/lib/mmpy-16/libc.a(rand.o)
                0x0000c70c                srand
 .text.memcmp   0x0000c716       0x30 /usr/local/bin/../lib/gcc/msp430/4.7.2/../../../../msp430/lib/mmpy-16/libc.a(memcmp.o)
                0x0000c716                memcmp
 .text.memcpy   0x0000c746       0xfa /usr/local/bin/../lib/gcc/msp430/4.7.2/../../../../msp430/lib/mmpy-16/libc.a(memcpy.o)
                0x0000c746                memcpy
 .text.memmove  0x0000c840       0xfa /usr/local/bin/../lib/gcc/msp430/4.7.2/../../../../msp430/lib/mmpy-16/libc.a(memmove.o)
                0x0000c840                memmove
 .text.memset   0x0000c93a       0x6a /usr/local/bin/../lib/gcc/msp430/4.7.2/../../../../msp430/lib/mmpy-16/libc.a(memset.o)
                0x0000c93a                memset
 .text.crt0     0x0000c9a4        0x2 /usr/local/bin/../lib/gcc/msp430/4.7.2/mmpy-16/libcrt0.a(_unexpected_.o)
                0x0000c9a4                _unexpected_
 *(.near.text .near.text.*)

.rodata         0x0000c9a8      0x771
                0x0000c9a8                . = ALIGN (0x2)
 *(.rodata .rodata.* .gnu.linkonce.r.*)
 .rodata        0x0000c9a8       0x26 master-neighbor-discovery.o
                0x0000c9a8                autostart_processes
 .rodata        0x0000c9ce       0x63 obj_sky/contiki-main.o
 .rodata        0x0000ca31       0x45 contiki-sky.a(platform.o)
 .rodata        0x0000ca76       0x6a contiki-sky.a(master-net.o)
                0x0000cad8                masternet_driver
 .rodata        0x0000cae0      0x2f5 contiki-sky.a(master-routing.)
 .rodata        0x0000cdd5        0xf contiki-sky.a(ctimer.o)
 .rodata        0x0000cde4        0xc contiki-sky.a(etimer.o)
 .rodata        0x0000cdf0       0x6e contiki-sky.a(log.o)
 .rodata        0x0000ce5e        0xe contiki-sky.a(serial-line.o)
 .rodata        0x0000ce6c        0x8 contiki-sky.a(linkaddr.o)
                0x0000ce6c                linkaddr_null
 .rodata        0x0000ce74        0x6 contiki-sky.a(framer-802154.o)
                0x0000ce74                framer_802154
 .rodata        0x0000ce7a       0xae contiki-sky.a(tsch.o)
                0x0000cec0                tschmac_driver
                0x0000cf00                tsch_eb_address
                0x0000cf08                tsch_broadcast_address
 .rodata        0x0000cf28       0x10 contiki-sky.a(button-sensor.o)
                0x0000cf30                button_sensor
 .rodata        0x0000cf38        0x8 contiki-sky.a(sensors.o)
 .rodata.get_value
                0x0000cf40       0x24 contiki-sky.a(cc2420.o)
 .rodata.set_value
                0x0000cf64       0x10 contiki-sky.a(cc2420.o)
 .rodata        0x0000cf74       0x3e contiki-sky.a(cc2420.o)
                0x0000cf74                cc2420_aes_128_driver
                0x0000cf78                cc2420_driver
 .rodata        0x0000cfb2        0x2 contiki-sky.a(frame802154.o)
 .rodata        0x0000cfb4       0x55 contiki-sky.a(tsch-queue.o)
 *fill*         0x0000d009        0x1 00
 .rodata        0x0000d00a        0x8 /usr/local/bin/../lib/gcc/msp430/4.7.2/mmpy-16/libgcc.a(_thenan_sf.o)
                0x0000d00a                __thenan_sf
 .rodata        0x0000d012      0x100 /usr/local/bin/../lib/gcc/msp430/4.7.2/mmpy-16/libgcc.a(_clz.o)
                0x0000d012                __clz_tab
 .rodata.vuprintf
                0x0000d112        0x7 /usr/local/bin/../lib/gcc/msp430/4.7.2/../../../../msp430/lib/mmpy-16/libc.a(vuprintf.o)
 *(.near.rodata .near.rodata.*)
                0x0000d11a                . = ALIGN (0x2)
                0x0000d11a                _etext = .

.data           0x00001100       0xd4 load address 0x0000d11a
                0x00001100                . = ALIGN (0x2)
                0x00001100                __data_start = .
 *(.data .data.* .gnu.linkonce.d.*)
 .data          0x00001100        0xc master-neighbor-discovery.o
                0x00001100                master_neighbor_discovery_process
 .data          0x0000110c        0x2 contiki-sky.a(msp430.o)
 .data          0x0000110e        0x8 contiki-sky.a(master-routing.)
 .data          0x00001116        0xa contiki-sky.a(ctimer.o)
                0x00001116                ctimer_process
 .data          0x00001120        0xa contiki-sky.a(etimer.o)
                0x00001120                etimer_process
 .data          0x0000112a       0x20 contiki-sky.a(log.o)
                0x0000112a                all_modules
                0x00001148                curr_log_level_main
 .data          0x0000114a        0xa contiki-sky.a(serial-line.o)
                0x0000114a                serial_line_process
 .data          0x00001154       0x10 contiki-sky.a(tsch-schedule.o)
 .data          0x00001164        0x2 contiki-sky.a(tsch-slot-opera)
 .data          0x00001166       0x1e contiki-sky.a(tsch.o)
                0x00001166                tsch_pending_events_process
                0x00001170                tsch_send_eb_process
                0x0000117a                tsch_process
 .data          0x00001184        0x4 contiki-sky.a(contiki-sky-pla)
                0x00001184                sensors
 .data          0x00001188        0xa contiki-sky.a(sensors.o)
                0x00001188                sensors_process
 .data          0x00001192        0xc contiki-sky.a(cc2420.o)
                0x00001192                cc2420_process
 .data          0x0000119e        0x8 contiki-sky.a(link-stats.o)
 .data          0x000011a6        0x8 contiki-sky.a(nbr-table.o)
 .data          0x000011ae       0x10 contiki-sky.a(queuebuf.o)
 .data          0x000011be        0x2 contiki-sky.a(frame802154.o)
 .data          0x000011c0       0x10 contiki-sky.a(tsch-queue.o)
 .data.next     0x000011d0        0x4 /usr/local/bin/../lib/gcc/msp430/4.7.2/../../../../msp430/lib/mmpy-16/libc.a(rand.o)
 *(.near.data .near.data.*)
                0x000011d4                . = ALIGN (0x2)
                0x000011d4                _edata = .
                0x0000d11a                __data_load_start = LOADADDR (.data)
                0x000000d4                __data_size = SIZEOF (.data)

.bss            0x000011d4     0x130c load address 0x0000d1ee
                0x000011d4                __bss_start = .
 *(.bss .bss.*)
 .bss           0x000011d4       0x40 master-neighbor-discovery.o
 .bss           0x00001214        0x2 contiki-sky.a(node-id.o)
                0x00001214                node_id
 .bss           0x00001216        0xa contiki-sky.a(clock.o)
 .bss           0x00001220        0x2 contiki-sky.a(watchdog.o)
 .bss           0x00001222        0x4 contiki-sky.a(master-net.o)
 .bss           0x00001226       0xb4 contiki-sky.a(master-routing.)
                0x00001226                highestNodeID
                0x00001228                highestSequence
                0x0000122a                debug_purpose
 .bss           0x000012da        0x4 contiki-sky.a(ctimer.o)
 .bss           0x000012de        0x6 contiki-sky.a(etimer.o)
 .bss           0x000012e4        0x6 contiki-sky.a(log.o)
                0x000012e4                curr_log_level_framer
                0x000012e6                curr_log_level_mac
                0x000012e8                curr_log_level_nullnet
 .bss           0x000012ea       0xc8 contiki-sky.a(process.o)
                0x000012ea                process_current
                0x000012ec                process_list
 .bss           0x000013b2        0x2 contiki-sky.a(rtimer.o)
 .bss           0x000013b4      0x10a contiki-sky.a(serial-line.o)
 .bss           0x000014be       0x66 contiki-sky.a(packetbuf.o)
 .bss           0x00001524        0x2 contiki-sky.a(framer-802154.o)
 .bss           0x00001526      0x126 contiki-sky.a(tsch-schedule.o)
 .bss           0x0000164c       0xf8 contiki-sky.a(tsch-slot-opera)
                0x0000164c                current_link
                0x0000164e                last_timesource_neighbor
 .bss           0x00001744       0xbe contiki-sky.a(tsch.o)
                0x00001744                tsch_is_pan_secured
                0x00001746                tsch_association_count
                0x00001748                tsch_is_associated
                0x0000174a                tsch_is_coordinator
                0x0000174c                tsch_is_initialized
                0x0000174e                tsch_is_started
 .bss           0x00001802        0x8 contiki-sky.a(button-sensor.o)
 .bss           0x0000180a        0x6 contiki-sky.a(sensors.o)
 .bss           0x00001810        0xa contiki-sky.a(cc2420.o)
 .bss           0x0000181a       0x9a contiki-sky.a(uart1.o)
 .bss           0x000018b4       0x64 contiki-sky.a(link-stats.o)
 .bss           0x00001918       0x96 contiki-sky.a(nbr-table.o)
 .bss           0x000019ae      0x480 contiki-sky.a(queuebuf.o)
 .bss           0x00001e2e       0xe0 contiki-sky.a(mac-sequence.o)
 .bss           0x00001f0e       0x36 contiki-sky.a(tsch-adaptive-t)
 .bss           0x00001f44       0x1a contiki-sky.a(tsch-packet.o)
 .bss           0x00001f5e      0x240 contiki-sky.a(tsch-queue.o)
                0x00001f5e                num_eb_packets
 *(.near.bss .near.bss.*)
 *(COMMON)
 COMMON         0x0000219e       0x34 obj_sky/contiki-main.o
                0x0000219e                sync_count
                0x000021a2                unicast_per_neighbor_rpl_storing
                0x000021ac                unicast_per_neighbor_rpl_ns
                0x000021b6                default_common
                0x000021c0                eb_per_time_source
                0x000021ca                rx_count
                0x000021ce                tx_count
 COMMON         0x000021d2        0x2 contiki-sky.a(msp430.o)
                0x000021d2                msp430_dco_required
 COMMON         0x000021d4        0x4 contiki-sky.a(master-net.o)
                0x000021d4                masternet_buf
                0x000021d6                masternet_len
 COMMON         0x000021d8       0xb4 contiki-sky.a(master-routing.)
                0x000021d8                receivedCounter
                0x00002214                strength_vector
 COMMON         0x0000228c        0x1 contiki-sky.a(serial-line.o)
                0x0000228c                serial_line_event_message
 *fill*         0x0000228d        0x1 00
 COMMON         0x0000228e        0x8 contiki-sky.a(linkaddr.o)
                0x0000228e                linkaddr_node_addr
 COMMON         0x00002296       0x2a contiki-sky.a(packetbuf.o)
                0x00002296                packetbuf_addrs
                0x000022a6                packetbuf_attrs
 COMMON         0x000022c0      0x1cc contiki-sky.a(tsch-slot-opera)
                0x000022c0                dequeued_array
                0x000022d0                input_ringbuf
                0x000022d4                dequeued_ringbuf
                0x000022d8                last_sync_time
                0x000022dc                input_array
 COMMON         0x0000248c       0x34 contiki-sky.a(tsch.o)
                0x0000248c                tsch_join_priority
                0x0000248e                tsch_timing
                0x000024a6                tsch_hopping_sequence
                0x000024b6                tsch_current_asn
                0x000024bc                tsch_hopping_sequence_length
 COMMON         0x000024c0        0x2 contiki-sky.a(contiki-sky-pla)
                0x000024c0                sensors_flags
 COMMON         0x000024c2        0x8 contiki-sky.a(ds2411.o)
                0x000024c2                ds2411_id
 COMMON         0x000024ca        0x1 contiki-sky.a(sensors.o)
                0x000024ca                sensors_event
 *fill*         0x000024cb        0x1 00
 COMMON         0x000024cc       0x10 contiki-sky.a(cc2420.o)
                0x000024cc                cc2420_last_rssi
                0x000024ce                cc2420_sfd_start_time
                0x000024d0                cc2420_time_of_departure
                0x000024d2                cc2420_time_of_arrival
                0x000024d4                cc2420_last_correlation
                0x000024d6                cc2420_authority_level_of_sender
                0x000024d8                cc2420_sfd_counter
                0x000024da                cc2420_sfd_end_time
 COMMON         0x000024dc        0x4 contiki-sky.a(tsch-queue.o)
                0x000024dc                n_broadcast
                0x000024de                n_eb
                0x000024e0                . = ALIGN (0x2)
                0x000024e0                __bss_end = .
                0x0000130c                __bss_size = SIZEOF (.bss)

.noinit         0x000024e0        0x2 load address 0x0000d1ee
                0x000024e0                . = ALIGN (0x2)
                0x000024e0                __noinit_start = .
 *(.noinit .noinit.*)
 .noinit.crt0   0x000024e0        0x2 /usr/local/bin/../lib/gcc/msp430/4.7.2/mmpy-16/libcrt0.a(__watchdog_support.o)
                0x000024e0                __wdt_clear_value
                0x000024e2                . = ALIGN (0x2)
                0x000024e2                __noinit_end = .
                0x000024e2                . = ALIGN (0x2)
                0x000024e2                _end = .

.infomem        0x00001000        0x0
                0x00001000                . = ALIGN (0x2)
 *(.infomem .infomem.*)

.infomemnobits  0x00001000        0x0
                0x00001000                . = ALIGN (0x2)
 *(.infomemnobits .infomemnobits.*)

.infoa          0x00001080        0x0
                0x00001080                . = ALIGN (0x2)
 *(.infoa .infoa.*)

.infob          0x00001000        0x0
                0x00001000                . = ALIGN (0x2)
 *(.infob .infob.*)

.infoc          0x00000000        0x0
                0x00000000                . = ALIGN (0x2)
 *(.infoc .infoc.*)

.infod          0x00000000        0x0
                0x00000000                . = ALIGN (0x2)
 *(.infod .infod.*)
                0x0000ffff                PROVIDE (__vte_0, 0xffff)
                0x0000ffff                PROVIDE (__vte_1, 0xffff)
                0x0000ffff                PROVIDE (__vte_2, 0xffff)
                0x0000ffff                PROVIDE (__vte_3, 0xffff)
                0x0000ffff                PROVIDE (__vte_4, 0xffff)
                0x0000ffff                PROVIDE (__vte_5, 0xffff)
                0x0000ffff                PROVIDE (__vte_6, 0xffff)
                0x0000ffff                PROVIDE (__vte_7, 0xffff)
                0x0000ffff                PROVIDE (__vte_8, 0xffff)
                0x0000ffff                PROVIDE (__vte_9, 0xffff)
                0x0000ffff                PROVIDE (__vte_10, 0xffff)
                0x0000ffff                PROVIDE (__vte_11, 0xffff)
                0x0000ffff                PROVIDE (__vte_12, 0xffff)
                0x0000ffff                PROVIDE (__vte_13, 0xffff)
                0x0000ffff                PROVIDE (__vte_14, 0xffff)
                0x0000ffff                PROVIDE (__vte_15, 0xffff)
                0x0000ffff                PROVIDE (__vte_16, 0xffff)
                0x0000ffff                PROVIDE (__vte_17, 0xffff)
                0x0000ffff                PROVIDE (__vte_18, 0xffff)
                0x0000ffff                PROVIDE (__vte_19, 0xffff)
                0x0000ffff                PROVIDE (__vte_20, 0xffff)
                0x0000ffff                PROVIDE (__vte_21, 0xffff)
                0x0000ffff                PROVIDE (__vte_22, 0xffff)
                0x0000ffff                PROVIDE (__vte_23, 0xffff)
                0x0000ffff                PROVIDE (__vte_24, 0xffff)
                0x0000ffff                PROVIDE (__vte_25, 0xffff)
                0x0000ffff                PROVIDE (__vte_26, 0xffff)
                0x0000ffff                PROVIDE (__vte_27, 0xffff)
                0x0000ffff                PROVIDE (__vte_28, 0xffff)
                0x0000ffff                PROVIDE (__vte_29, 0xffff)
                0x0000ffff                PROVIDE (__vte_30, 0xffff)
                0x0000ffff                PROVIDE (__vte_31, 0xffff)

.vectors        0x0000ffe0       0x20
                0x0000ffe0                __vectors_start = .
 *(.vectors*)
 .vectors       0x0000ffe0       0x20 /usr/local/bin/../lib/gcc/msp430/4.7.2/mmpy-16/crt0ivtbl16.o
                0x0000ffe0                __ivtbl_16
                0x00010000                _vectors_end = .

.fartext        0x00000000        0x0
                0x00000000                . = ALIGN (0x2)
 *(.fartext .fartext.*)

.far.text       0x00000000        0x0
                0x00000000                . = ALIGN (0x2)
 *(.far.text .far.text.*)

.far.rodata     0x00000000        0x0
                0x00000000                . = ALIGN (0x2)
 *(.far.rodata .far.rodata.*)
                0x00000000                . = ALIGN (0x2)
                0x00000000                _efartext = .

.far.data       0x00000000        0x0
                0x00000000                . = ALIGN (0x2)
                0x00000000                __far_data_start = .
 *(.far.data .far.data.*)
                0x00000000                . = ALIGN (0x2)
                0x00000000                _efardata = .
                0x00000000                __far_data_load_start = LOADADDR (.far.data)
                0x00000000                __far_data_size = SIZEOF (.far.data)

.far.bss        0x00000000        0x0
                0x00000000                . = ALIGN (0x2)
                0x00000000                __far_bss_start = .
 *(.far.bss .far.bss.*)
                0x00000000                . = ALIGN (0x2)
                0x00000000                __far_bss_end = .
                0x00000000                __far_bss_size = SIZEOF (.far.bss)
                0x00000000                . = ALIGN (0x2)
                0x00000000                _far_end = .

.profiler
 *(.profiler)

.stab           0x00000000    0x1f380
 *(.stab)
 .stab          0x00000000      0x93c master-neighbor-discovery.o
 .stab          0x0000093c      0xf0c obj_sky/contiki-main.o
                               0x1428 (size before relaxing)
 .stab          0x00001848      0x318 contiki-sky.a(node-id.o)
                                0x63c (size before relaxing)
 .stab          0x00001b60      0x228 contiki-sky.a(uart1-putchar.o)
                                0x6fc (size before relaxing)
 .stab          0x00001d88      0xa80 contiki-sky.a(platform.o)
                                0xe10 (size before relaxing)
 .stab          0x00002808      0x5d0 contiki-sky.a(msp430.o)
                                0x8f4 (size before relaxing)
 .stab          0x00002dd8      0x900 contiki-sky.a(clock.o)
                                0xc48 (size before relaxing)
 .stab          0x000036d8      0x468 contiki-sky.a(leds.o)
                                0x78c (size before relaxing)
 .stab          0x00003b40      0x360 contiki-sky.a(leds-arch.o)
                                0x684 (size before relaxing)
 .stab          0x00003ea0      0x3b4 contiki-sky.a(watchdog.o)
                                0x6d8 (size before relaxing)
 .stab          0x00004254      0x924 contiki-sky.a(master-net.o)
                                0xf54 (size before relaxing)
 .stab          0x00004b78     0x22f8 contiki-sky.a(master-routing.)
                               0x2940 (size before relaxing)
 .stab          0x00006e70      0x2ac contiki-sky.a(autostart.o)
                                0x5d0 (size before relaxing)
 .stab          0x0000711c      0x804 contiki-sky.a(ctimer.o)
                                0xb40 (size before relaxing)
 .stab          0x00007920      0x270 contiki-sky.a(energest.o)
                                0x5b8 (size before relaxing)
 .stab          0x00007b90      0xa98 contiki-sky.a(etimer.o)
                                0xdbc (size before relaxing)
 .stab          0x00008628      0x810 contiki-sky.a(log.o)
                                0xdb0 (size before relaxing)
 .stab          0x00008e38      0xb88 contiki-sky.a(process.o)
                               0x1098 (size before relaxing)
 .stab          0x000099c0      0x348 contiki-sky.a(rtimer.o)
                                0x66c (size before relaxing)
 .stab          0x00009d08      0x39c contiki-sky.a(timer.o)
                                0x6c0 (size before relaxing)
 .stab          0x0000a0a4      0x51c contiki-sky.a(serial-line.o)
                                0x9f0 (size before relaxing)
 .stab          0x0000a5c0      0x8ac contiki-sky.a(list.o)
                                0xd98 (size before relaxing)
 .stab          0x0000ae6c      0x288 contiki-sky.a(random.o)
                                0x774 (size before relaxing)
 .stab          0x0000b0f4      0x450 contiki-sky.a(ringbuf.o)
                                0x78c (size before relaxing)
 .stab          0x0000b544      0x30c contiki-sky.a(linkaddr.o)
                                0x804 (size before relaxing)
 .stab          0x0000b850      0x42c contiki-sky.a(netstack.o)
                                0x8b8 (size before relaxing)
 .stab          0x0000bc7c      0xba0 contiki-sky.a(packetbuf.o)
                               0x15fc (size before relaxing)
 .stab          0x0000c81c      0x7a4 contiki-sky.a(framer-802154.o)
                               0x1020 (size before relaxing)
 .stab          0x0000cfc0     0x18b4 contiki-sky.a(tsch-schedule.o)
                               0x1f80 (size before relaxing)
 .stab          0x0000e874     0x15b4 contiki-sky.a(tsch-slot-opera)
                               0x204c (size before relaxing)
 .stab          0x0000fe28     0x1bcc contiki-sky.a(tsch.o)
                               0x26b8 (size before relaxing)
 .stab          0x000119f4      0x240 contiki-sky.a(contiki-sky-pla)
                                0x564 (size before relaxing)
 .stab          0x00011c34      0x390 contiki-sky.a(button-sensor.o)
                                0x6cc (size before relaxing)
 .stab          0x00011fc4      0x600 contiki-sky.a(ds2411.o)
                                0xaec (size before relaxing)
 .stab          0x000125c4      0x990 contiki-sky.a(xmem.o)
                                0xe88 (size before relaxing)
 .stab          0x00012f54      0x684 contiki-sky.a(sensors.o)
                                0xb70 (size before relaxing)
 .stab          0x000135d8     0x2694 contiki-sky.a(cc2420.o)
                               0x2dfc (size before relaxing)
 .stab          0x00015c6c      0x39c contiki-sky.a(cc2420-arch.o)
                                0xda4 (size before relaxing)
 .stab          0x00016008      0x2f4 contiki-sky.a(cc2420-arch-sfd)
                                0x720 (size before relaxing)
 .stab          0x000162fc      0x5d0 contiki-sky.a(uart1.o)
                                0x90c (size before relaxing)
 .stab          0x000168cc      0x378 contiki-sky.a(rtimer-arch.o)
                                0x69c (size before relaxing)
 .stab          0x00016c44      0x5ac contiki-sky.a(memb.o)
                                0xab0 (size before relaxing)
 .stab          0x000171f0      0x5e8 contiki-sky.a(ringbufindex.o)
                                0xaec (size before relaxing)
 .stab          0x000177d8      0x834 contiki-sky.a(link-stats.o)
                               0x11e8 (size before relaxing)
 .stab          0x0001800c     0x105c contiki-sky.a(nbr-table.o)
                               0x16d4 (size before relaxing)
 .stab          0x00019068      0x8d0 contiki-sky.a(queuebuf.o)
                               0x1314 (size before relaxing)
 .stab          0x00019938      0x4d4 contiki-sky.a(mac-sequence.o)
                                0xf30 (size before relaxing)
 .stab          0x00019e0c      0x294 contiki-sky.a(mac.o)
                                0x864 (size before relaxing)
 .stab          0x0001a0a0     0x1194 contiki-sky.a(frame802154.o)
                               0x1968 (size before relaxing)
 .stab          0x0001b234      0x918 contiki-sky.a(tsch-adaptive-t)
                                0xffc (size before relaxing)
 .stab          0x0001bb4c      0xc54 contiki-sky.a(tsch-packet.o)
                               0x16ec (size before relaxing)
 .stab          0x0001c7a0     0x16bc contiki-sky.a(tsch-queue.o)
                               0x20e8 (size before relaxing)
 .stab          0x0001de5c      0x258 contiki-sky.a(spi.o)
                                0x57c (size before relaxing)
 .stab          0x0001e0b4     0x12cc contiki-sky.a(frame802154e-ie)
                               0x1c2c (size before relaxing)

.stabstr        0x00000000    0x18048
 *(.stabstr)
 .stabstr       0x00000000    0x18048 master-neighbor-discovery.o

.stab.excl
 *(.stab.excl)

.stab.exclstr
 *(.stab.exclstr)

.stab.index
 *(.stab.index)

.stab.indexstr
 *(.stab.indexstr)

.comment        0x00000000       0x30
 *(.comment)
 .comment       0x00000000       0x30 master-neighbor-discovery.o
                                 0x31 (size before relaxing)
 .comment       0x00000000       0x31 obj_sky/contiki-main.o
 .comment       0x00000000       0x31 contiki-sky.a(node-id.o)
 .comment       0x00000000       0x31 contiki-sky.a(uart1-putchar.o)
 .comment       0x00000000       0x31 contiki-sky.a(platform.o)
 .comment       0x00000000       0x31 contiki-sky.a(msp430.o)
 .comment       0x00000000       0x31 contiki-sky.a(clock.o)
 .comment       0x00000000       0x31 contiki-sky.a(leds.o)
 .comment       0x00000000       0x31 contiki-sky.a(leds-arch.o)
 .comment       0x00000000       0x31 contiki-sky.a(watchdog.o)
 .comment       0x00000000       0x31 contiki-sky.a(master-net.o)
 .comment       0x00000000       0x31 contiki-sky.a(master-routing.)
 .comment       0x00000000       0x31 contiki-sky.a(autostart.o)
 .comment       0x00000000       0x31 contiki-sky.a(ctimer.o)
 .comment       0x00000000       0x31 contiki-sky.a(energest.o)
 .comment       0x00000000       0x31 contiki-sky.a(etimer.o)
 .comment       0x00000000       0x31 contiki-sky.a(log.o)
 .comment       0x00000000       0x31 contiki-sky.a(process.o)
 .comment       0x00000000       0x31 contiki-sky.a(rtimer.o)
 .comment       0x00000000       0x31 contiki-sky.a(timer.o)
 .comment       0x00000000       0x31 contiki-sky.a(serial-line.o)
 .comment       0x00000000       0x31 contiki-sky.a(list.o)
 .comment       0x00000000       0x31 contiki-sky.a(random.o)
 .comment       0x00000000       0x31 contiki-sky.a(ringbuf.o)
 .comment       0x00000000       0x31 contiki-sky.a(linkaddr.o)
 .comment       0x00000000       0x31 contiki-sky.a(netstack.o)
 .comment       0x00000000       0x31 contiki-sky.a(packetbuf.o)
 .comment       0x00000000       0x31 contiki-sky.a(framer-802154.o)
 .comment       0x00000000       0x31 contiki-sky.a(tsch-schedule.o)
 .comment       0x00000000       0x31 contiki-sky.a(tsch-slot-opera)
 .comment       0x00000000       0x31 contiki-sky.a(tsch.o)
 .comment       0x00000000       0x31 contiki-sky.a(contiki-sky-pla)
 .comment       0x00000000       0x31 contiki-sky.a(button-sensor.o)
 .comment       0x00000000       0x31 contiki-sky.a(ds2411.o)
 .comment       0x00000000       0x31 contiki-sky.a(xmem.o)
 .comment       0x00000000       0x31 contiki-sky.a(sensors.o)
 .comment       0x00000000       0x31 contiki-sky.a(cc2420.o)
 .comment       0x00000000       0x31 contiki-sky.a(cc2420-arch.o)
 .comment       0x00000000       0x31 contiki-sky.a(cc2420-arch-sfd)
 .comment       0x00000000       0x31 contiki-sky.a(uart1.o)
 .comment       0x00000000       0x31 contiki-sky.a(rtimer-arch.o)
 .comment       0x00000000       0x31 contiki-sky.a(memb.o)
 .comment       0x00000000       0x31 contiki-sky.a(ringbufindex.o)
 .comment       0x00000000       0x31 contiki-sky.a(link-stats.o)
 .comment       0x00000000       0x31 contiki-sky.a(nbr-table.o)
 .comment       0x00000000       0x31 contiki-sky.a(queuebuf.o)
 .comment       0x00000000       0x31 contiki-sky.a(mac-sequence.o)
 .comment       0x00000000       0x31 contiki-sky.a(mac.o)
 .comment       0x00000000       0x31 contiki-sky.a(frame802154.o)
 .comment       0x00000000       0x31 contiki-sky.a(tsch-adaptive-t)
 .comment       0x00000000       0x31 contiki-sky.a(tsch-packet.o)
 .comment       0x00000000       0x31 contiki-sky.a(tsch-queue.o)
 .comment       0x00000000       0x31 contiki-sky.a(spi.o)
 .comment       0x00000000       0x31 contiki-sky.a(frame802154e-ie)
 .comment       0x00000000       0x31 /usr/local/bin/../lib/gcc/msp430/4.7.2/mmpy-16/libgcc.a(_addsub_sf.o)
 .comment       0x00000000       0x31 /usr/local/bin/../lib/gcc/msp430/4.7.2/mmpy-16/libgcc.a(_mul_sf.o)
 .comment       0x00000000       0x31 /usr/local/bin/../lib/gcc/msp430/4.7.2/mmpy-16/libgcc.a(_div_sf.o)
 .comment       0x00000000       0x31 /usr/local/bin/../lib/gcc/msp430/4.7.2/mmpy-16/libgcc.a(_lt_sf.o)
 .comment       0x00000000       0x31 /usr/local/bin/../lib/gcc/msp430/4.7.2/mmpy-16/libgcc.a(_le_sf.o)
 .comment       0x00000000       0x31 /usr/local/bin/../lib/gcc/msp430/4.7.2/mmpy-16/libgcc.a(_si_to_sf.o)
 .comment       0x00000000       0x31 /usr/local/bin/../lib/gcc/msp430/4.7.2/mmpy-16/libgcc.a(_sf_to_si.o)
 .comment       0x00000000       0x31 /usr/local/bin/../lib/gcc/msp430/4.7.2/mmpy-16/libgcc.a(_thenan_sf.o)
 .comment       0x00000000       0x31 /usr/local/bin/../lib/gcc/msp430/4.7.2/mmpy-16/libgcc.a(_clzsi2.o)
 .comment       0x00000000       0x31 /usr/local/bin/../lib/gcc/msp430/4.7.2/mmpy-16/libgcc.a(_pack_sf.o)
 .comment       0x00000000       0x31 /usr/local/bin/../lib/gcc/msp430/4.7.2/mmpy-16/libgcc.a(_unpack_sf.o)
 .comment       0x00000000       0x31 /usr/local/bin/../lib/gcc/msp430/4.7.2/mmpy-16/libgcc.a(_fpcmp_parts_sf.o)
 .comment       0x00000000       0x31 /usr/local/bin/../lib/gcc/msp430/4.7.2/mmpy-16/libgcc.a(_clz.o)
 .comment       0x00000000       0x31 /usr/local/bin/../lib/gcc/msp430/4.7.2/../../../../msp430/lib/mmpy-16/libc.a(printf.o)
 .comment       0x00000000       0x31 /usr/local/bin/../lib/gcc/msp430/4.7.2/../../../../msp430/lib/mmpy-16/libc.a(vuprintf.o)
 .comment       0x00000000       0x31 /usr/local/bin/../lib/gcc/msp430/4.7.2/../../../../msp430/lib/mmpy-16/libc.a(puts.o)
 .comment       0x00000000       0x31 /usr/local/bin/../lib/gcc/msp430/4.7.2/../../../../msp430/lib/mmpy-16/libc.a(rand.o)
 .comment       0x00000000       0x31 /usr/local/bin/../lib/gcc/msp430/4.7.2/../../../../msp430/lib/mmpy-16/libc.a(memcmp.o)
 .comment       0x00000000       0x31 /usr/local/bin/../lib/gcc/msp430/4.7.2/../../../../msp430/lib/mmpy-16/libc.a(memcpy.o)
 .comment       0x00000000       0x31 /usr/local/bin/../lib/gcc/msp430/4.7.2/../../../../msp430/lib/mmpy-16/libc.a(memmove.o)
 .comment       0x00000000       0x31 /usr/local/bin/../lib/gcc/msp430/4.7.2/../../../../msp430/lib/mmpy-16/libc.a(memset.o)

.debug
 *(.debug)

.line
 *(.line)

.debug_srcinfo
 *(.debug_srcinfo)

.debug_sfnames
 *(.debug_sfnames)

.debug_aranges  0x00000000      0x2ec
 *(.debug_aranges)
 .debug_aranges
                0x00000000       0x14 /usr/local/bin/../lib/gcc/msp430/4.7.2/mmpy-16/crt0ivtbl16.o
 .debug_aranges
                0x00000014       0x14 /usr/local/bin/../lib/gcc/msp430/4.7.2/mmpy-16/libgcc.a(_mulsi3.o)
 .debug_aranges
                0x00000028       0x14 /usr/local/bin/../lib/gcc/msp430/4.7.2/mmpy-16/libgcc.a(_mulsidi3.o)
 .debug_aranges
                0x0000003c       0x14 /usr/local/bin/../lib/gcc/msp430/4.7.2/mmpy-16/libgcc.a(_muldi3.o)
 .debug_aranges
                0x00000050       0x14 /usr/local/bin/../lib/gcc/msp430/4.7.2/mmpy-16/libgcc.a(_udivmod16.o)
 .debug_aranges
                0x00000064       0x14 /usr/local/bin/../lib/gcc/msp430/4.7.2/mmpy-16/libgcc.a(_divmod16.o)
 .debug_aranges
                0x00000078       0x14 /usr/local/bin/../lib/gcc/msp430/4.7.2/mmpy-16/libgcc.a(_udivmod32.o)
 .debug_aranges
                0x0000008c       0x14 /usr/local/bin/../lib/gcc/msp430/4.7.2/mmpy-16/libgcc.a(_divmod32.o)
 .debug_aranges