Archive member included because of file (symbol)

contiki-sky.a(node-id.o)      master-unicast.o (node_id)
contiki-sky.a(uart1-putchar.o)
                              obj_sky/contiki-main.o (putchar)
contiki-sky.a(platform.o)     obj_sky/contiki-main.o (platform_init_stage_one)
contiki-sky.a(msp430.o)       contiki-sky.a(platform.o) (msp430_dco_required)
contiki-sky.a(clock.o)        obj_sky/contiki-main.o (clock_init)
contiki-sky.a(leds.o)         contiki-sky.a(platform.o) (leds_init)
contiki-sky.a(leds-arch.o)    contiki-sky.a(leds.o) (leds_arch_init)
contiki-sky.a(watchdog.o)     obj_sky/contiki-main.o (watchdog_start)
contiki-sky.a(rtimer-arch.o)  contiki-sky.a(platform.o) (rtimer_arch_now)
contiki-sky.a(master-net.o)   obj_sky/contiki-main.o (masternet_driver)
contiki-sky.a(master-routing.)
                              master-unicast.o (node_is_sender)
contiki-sky.a(simple-energest)
                              obj_sky/contiki-main.o (simple_energest_init)
contiki-sky.a(autostart.o)    obj_sky/contiki-main.o (autostart_start)
contiki-sky.a(ctimer.o)       obj_sky/contiki-main.o (ctimer_init)
contiki-sky.a(energest.o)     obj_sky/contiki-main.o (energest_init)
contiki-sky.a(etimer.o)       contiki-sky.a(clock.o) (etimer_request_poll)
contiki-sky.a(hash-map.o)     contiki-sky.a(master-routing.) (hash_map_insert)
contiki-sky.a(log.o)          obj_sky/contiki-main.o (log_lladdr)
contiki-sky.a(process.o)      contiki-sky.a(ctimer.o) (process_current)
contiki-sky.a(rtimer.o)       obj_sky/contiki-main.o (rtimer_init)
contiki-sky.a(timer.o)        contiki-sky.a(etimer.o) (timer_set)
contiki-sky.a(serial-line.o)  contiki-sky.a(platform.o) (serial_line_input_byte)
contiki-sky.a(list.o)         contiki-sky.a(ctimer.o) (list_init)
contiki-sky.a(random.o)       contiki-sky.a(platform.o) (random_init)
contiki-sky.a(ringbuf.o)      contiki-sky.a(serial-line.o) (ringbuf_init)
contiki-sky.a(linkaddr.o)     contiki-sky.a(platform.o) (linkaddr_copy)
contiki-sky.a(netstack.o)     obj_sky/contiki-main.o (netstack_init)
contiki-sky.a(packetbuf.o)    contiki-sky.a(master-net.o) (packetbuf_datalen)
contiki-sky.a(framer-802154.o)
                              contiki-sky.a(master-net.o) (framer_802154)
contiki-sky.a(tsch-schedule.o)
                              contiki-sky.a(master-routing.) (tsch_schedule_get_slotframe_by_handle)
contiki-sky.a(tsch-slot-opera)
                              contiki-sky.a(tsch-schedule.o) (tsch_is_locked)
contiki-sky.a(tsch.o)         contiki-sky.a(tsch-slot-opera) (tsch_is_associated)
contiki-sky.a(contiki-sky-pla)
                              contiki-sky.a(platform.o) (init_platform)
contiki-sky.a(button-sensor.o)
                              contiki-sky.a(contiki-sky-pla) (button_sensor)
contiki-sky.a(ds2411.o)       contiki-sky.a(platform.o) (ds2411_init)
contiki-sky.a(xmem.o)         contiki-sky.a(platform.o) (xmem_init)
contiki-sky.a(sensors.o)      contiki-sky.a(contiki-sky-pla) (sensors_process)
contiki-sky.a(cc2420.o)       contiki-sky.a(platform.o) (cc2420_set_pan_addr)
contiki-sky.a(cc2420-arch.o)  contiki-sky.a(cc2420.o) (cc2420_arch_init)
contiki-sky.a(cc2420-arch-sfd)
                              contiki-sky.a(cc2420-arch.o) (cc2420_arch_sfd_init)
contiki-sky.a(uart1.o)        contiki-sky.a(platform.o) (uart1_active)
contiki-sky.a(memb.o)         contiki-sky.a(tsch-schedule.o) (memb_init)
contiki-sky.a(ringbufindex.o)
                              contiki-sky.a(tsch.o) (ringbufindex_init)
contiki-sky.a(link-stats.o)   contiki-sky.a(tsch.o) (link_stats_packet_sent)
contiki-sky.a(nbr-table.o)    contiki-sky.a(link-stats.o) (nbr_table_register)
contiki-sky.a(queuebuf.o)     contiki-sky.a(tsch.o) (queuebuf_init)
contiki-sky.a(mac-sequence.o)
                              contiki-sky.a(tsch.o) (mac_sequence_is_duplicate)
contiki-sky.a(mac.o)          contiki-sky.a(tsch.o) (mac_call_sent_callback)
contiki-sky.a(frame802154.o)  contiki-sky.a(framer-802154.o) (frame802154_get_pan_id)
contiki-sky.a(tsch-adaptive-t)
                              contiki-sky.a(tsch-slot-opera) (tsch_timesync_update)
contiki-sky.a(tsch-packet.o)  contiki-sky.a(tsch-slot-opera) (tsch_packet_create_eack)
contiki-sky.a(tsch-queue.o)   contiki-sky.a(tsch-slot-opera) (tsch_queue_get_nbr)
contiki-sky.a(spi.o)          contiki-sky.a(xmem.o) (spi_init)
contiki-sky.a(frame802154e-ie)
                              contiki-sky.a(tsch-packet.o) (frame80215e_create_ie_header_ack_nack_time_correction)
/usr/local/bin/../lib/gcc/msp430/4.7.2/mmpy-16/libgcc.a(_mulsi3.o)
                              contiki-sky.a(simple-energest) (__mulsi3)
/usr/local/bin/../lib/gcc/msp430/4.7.2/mmpy-16/libgcc.a(_mulsidi3.o)
                              contiki-sky.a(tsch-adaptive-t) (__mulsidi3)
/usr/local/bin/../lib/gcc/msp430/4.7.2/mmpy-16/libgcc.a(_muldi3.o)
                              contiki-sky.a(tsch-adaptive-t) (__muldi3)
/usr/local/bin/../lib/gcc/msp430/4.7.2/mmpy-16/libgcc.a(_udivmod16.o)
[...]
Memory Configuration

Name             Origin             Length             Attributes
sfr              0x00000000         0x00000010
peripheral_8bit  0x00000010         0x000000f0
peripheral_16bit 0x00000100         0x00000100
ram_mirror       0x00000200         0x00000800         xw
infomem          0x00001000         0x00000100
infob            0x00001000         0x00000080
infoa            0x00001080         0x00000080
ram              0x00001100         0x00002800         xw
rom              0x00004000         0x0000bfe0         xr
vectors          0x0000ffe0         0x00000020
bsl              0x00000000         0x00000000
infoc            0x00000000         0x00000000
infod            0x00000000         0x00000000
ram2             0x00000000         0x00000000         xw
usbram           0x00000000         0x00000000         xw
far_rom          0x00000000         0x00000000
*default*        0x00000000         0xffffffff

Linker script and memory map

LOAD /usr/local/bin/../lib/gcc/msp430/4.7.2/mmpy-16/crt0ivtbl16.o
                0x000025f2                _stack = _end
LOAD master-unicast.o
LOAD obj_sky/contiki-main.o
LOAD contiki-sky.a
LOAD /usr/local/bin/../lib/gcc/msp430/4.7.2/mmpy-16/libgcc.a
LOAD /usr/local/bin/../lib/gcc/msp430/4.7.2/../../../../msp430/lib/mmpy-16/libc.a
LOAD /usr/local/bin/../lib/gcc/msp430/4.7.2/mmpy-16/libgcc.a
LOAD /usr/local/bin/../lib/gcc/msp430/4.7.2/mmpy-16/libcrt0.a
                0x00000080                PROVIDE (__info_segment_size, 0x80)
                0x00001000                PROVIDE (__infob, 0x1000)
                0x00001080                PROVIDE (__infoa, 0x1080)
                0x00000000                __IE1 = 0x0
                0x00000002                __IFG1 = 0x2
                0x00000004                __ME1 = 0x4
                0x00000001                __IE2 = 0x1
                0x00000003                __IFG2 = 0x3
                0x00000005                __ME2 = 0x5
                0x00000120                __WDTCTL = 0x120
                0x00000130                __MPY = 0x130
                0x00000132                __MPYS = 0x132
                0x00000134                __MAC = 0x134
                0x00000136                __MACS = 0x136
                0x00000138                __OP2 = 0x138
                0x0000013a                __RESLO = 0x13a
                0x0000013c                __RESHI = 0x13c
                0x0000013e                __SUMEXT = 0x13e
                0x00000020                __P1IN = 0x20
                0x00000021                __P1OUT = 0x21
                0x00000022                __P1DIR = 0x22
                0x00000023                __P1IFG = 0x23
                0x00000024                __P1IES = 0x24
                0x00000025                __P1IE = 0x25
                0x00000026                __P1SEL = 0x26
                0x00000028                __P2IN = 0x28
                0x00000029                __P2OUT = 0x29
                0x0000002a                __P2DIR = 0x2a
                0x0000002b                __P2IFG = 0x2b
                0x0000002c                __P2IES = 0x2c
                0x0000002d                __P2IE = 0x2d
                0x0000002e                __P2SEL = 0x2e
                0x00000018                __P3IN = 0x18
                0x00000019                __P3OUT = 0x19
                0x0000001a                __P3DIR = 0x1a
                0x0000001b                __P3SEL = 0x1b
                0x0000001c                __P4IN = 0x1c
                0x0000001d                __P4OUT = 0x1d
                0x0000001e                __P4DIR = 0x1e
                0x0000001f                __P4SEL = 0x1f
                0x00000030                __P5IN = 0x30
                0x00000031                __P5OUT = 0x31
                0x00000032                __P5DIR = 0x32
                0x00000033                __P5SEL = 0x33
                0x00000034                __P6IN = 0x34
                0x00000035                __P6OUT = 0x35
                0x00000036                __P6DIR = 0x36
                0x00000037                __P6SEL = 0x37
                0x00000070                __U0CTL = 0x70
                0x00000071                __U0TCTL = 0x71
                0x00000072                __U0RCTL = 0x72
                0x00000073                __U0MCTL = 0x73
                0x00000074                __U0BR0 = 0x74
                0x00000075                __U0BR1 = 0x75
                0x00000076                __U0RXBUF = 0x76
                0x00000077                __U0TXBUF = 0x77
                0x00000078                __U1CTL = 0x78
                0x00000079                __U1TCTL = 0x79
                0x0000007a                __U1RCTL = 0x7a
                0x0000007b                __U1MCTL = 0x7b
                0x0000007c                __U1BR0 = 0x7c
                0x0000007d                __U1BR1 = 0x7d
                0x0000007e                __U1RXBUF = 0x7e
                0x0000007f                __U1TXBUF = 0x7f
                0x00000050                __I2CIE = 0x50
                0x00000051                __I2CIFG = 0x51
                0x00000052                __I2CNDAT = 0x52
                0x00000071                __I2CTCTL = 0x71
                0x00000072                __I2CDCTL = 0x72
                0x00000073                __I2CPSC = 0x73
                0x00000074                __I2CSCLH = 0x74
                0x00000075                __I2CSCLL = 0x75
                0x00000076                __I2CDRB = 0x76
                0x00000076                __I2CDRW = 0x76
                0x00000118                __I2COA = 0x118
                0x0000011a                __I2CSA = 0x11a
                0x0000011c                __I2CIV = 0x11c
                0x0000012e                __TAIV = 0x12e
                0x00000160                __TACTL = 0x160
                0x00000162                __TACCTL0 = 0x162
                0x00000164                __TACCTL1 = 0x164
                0x00000166                __TACCTL2 = 0x166
                0x00000170                __TAR = 0x170
                0x00000172                __TACCR0 = 0x172
                0x00000174                __TACCR1 = 0x174
                0x00000176                __TACCR2 = 0x176
                0x0000011e                __TBIV = 0x11e
                0x00000180                __TBCTL = 0x180
                0x00000182                __TBCCTL0 = 0x182
                0x00000184                __TBCCTL1 = 0x184
                0x00000186                __TBCCTL2 = 0x186
                0x00000188                __TBCCTL3 = 0x188
                0x0000018a                __TBCCTL4 = 0x18a
                0x0000018c                __TBCCTL5 = 0x18c
                0x0000018e                __TBCCTL6 = 0x18e
                0x00000190                __TBR = 0x190
                0x00000192                __TBCCR0 = 0x192
                0x00000194                __TBCCR1 = 0x194
                0x00000196                __TBCCR2 = 0x196
                0x00000198                __TBCCR3 = 0x198
                0x0000019a                __TBCCR4 = 0x19a
                0x0000019c                __TBCCR5 = 0x19c
                0x0000019e                __TBCCR6 = 0x19e
                0x00000056                __DCOCTL = 0x56
                0x00000057                __BCSCTL1 = 0x57
                0x00000058                __BCSCTL2 = 0x58
                0x00000055                __SVSCTL = 0x55
                0x00000128                __FCTL1 = 0x128
                0x0000012a                __FCTL2 = 0x12a
                0x0000012c                __FCTL3 = 0x12c
                0x00000059                __CACTL1 = 0x59
                0x0000005a                __CACTL2 = 0x5a
                0x0000005b                __CAPD = 0x5b
                0x000001a0                __ADC12CTL0 = 0x1a0
                0x000001a2                __ADC12CTL1 = 0x1a2
                0x000001a4                __ADC12IFG = 0x1a4
                0x000001a6                __ADC12IE = 0x1a6
                0x000001a8                __ADC12IV = 0x1a8
                0x00000140                __ADC12MEM0 = 0x140
                0x00000142                __ADC12MEM1 = 0x142
                0x00000144                __ADC12MEM2 = 0x144
                0x00000146                __ADC12MEM3 = 0x146
                0x00000148                __ADC12MEM4 = 0x148
                0x0000014a                __ADC12MEM5 = 0x14a
                0x0000014c                __ADC12MEM6 = 0x14c
                0x0000014e                __ADC12MEM7 = 0x14e
                0x00000150                __ADC12MEM8 = 0x150
                0x00000152                __ADC12MEM9 = 0x152
                0x00000154                __ADC12MEM10 = 0x154
                0x00000156                __ADC12MEM11 = 0x156
                0x00000158                __ADC12MEM12 = 0x158
                0x0000015a                __ADC12MEM13 = 0x15a
                0x0000015c                __ADC12MEM14 = 0x15c
                0x0000015e                __ADC12MEM15 = 0x15e
                0x00000080                __ADC12MCTL0 = 0x80
                0x00000081                __ADC12MCTL1 = 0x81
                0x00000082                __ADC12MCTL2 = 0x82
                0x00000083                __ADC12MCTL3 = 0x83
                0x00000084                __ADC12MCTL4 = 0x84
                0x00000085                __ADC12MCTL5 = 0x85
                0x00000086                __ADC12MCTL6 = 0x86
                0x00000087                __ADC12MCTL7 = 0x87
                0x00000088                __ADC12MCTL8 = 0x88
                0x00000089                __ADC12MCTL9 = 0x89
                0x0000008a                __ADC12MCTL10 = 0x8a
                0x0000008b                __ADC12MCTL11 = 0x8b
                0x0000008c                __ADC12MCTL12 = 0x8c
                0x0000008d                __ADC12MCTL13 = 0x8d
                0x0000008e                __ADC12MCTL14 = 0x8e
                0x0000008f                __ADC12MCTL15 = 0x8f
                0x000001c0                __DAC12_0CTL = 0x1c0
                0x000001c2                __DAC12_1CTL = 0x1c2
                0x000001c8                __DAC12_0DAT = 0x1c8
                0x000001ca                __DAC12_1DAT = 0x1ca
                0x00000122                __DMACTL0 = 0x122
                0x00000124                __DMACTL1 = 0x124
                0x000001e0                __DMA0CTL = 0x1e0
                0x000001e8                __DMA1CTL = 0x1e8
                0x000001f0                __DMA2CTL = 0x1f0
                0x000001e2                __DMA0SA = 0x1e2
                0x000001e4                __DMA0DA = 0x1e4
                0x000001e6                __DMA0SZ = 0x1e6
                0x000001ea                __DMA1SA = 0x1ea
                0x000001ec                __DMA1DA = 0x1ec
                0x000001ee                __DMA1SZ = 0x1ee
                0x000001f2                __DMA2SA = 0x1f2
                0x000001f4                __DMA2DA = 0x1f4
                0x000001f6                __DMA2SZ = 0x1f6

.hash
 *(.hash)

.dynsym
 *(.dynsym)

.dynstr
 *(.dynstr)

.gnu.version
 *(.gnu.version)

.gnu.version_d
 *(.gnu.version_d)

.gnu.version_r
 *(.gnu.version_r)

.rel.init
 *(.rel.init)

.rela.init
 *(.rela.init)

.rel.fini
 *(.rel.fini)

.rela.fini
 *(.rela.fini)

.rel.text
 *(.rel.text .rel.text.* .rel.gnu.linkonce.t.*)

.rela.text
 *(.rela.text .rela.text.* .rela.gnu.linkonce.t.*)

.rel.rodata
 *(.rel.rodata .rel.rodata.* .rel.gnu.linkonce.r.*)

.rela.rodata
 *(.rela.rodata .rela.rodata.* .rela.gnu.linkonce.r.*)

.rel.data
 *(.rel.data .rel.data.* .rel.gnu.linkonce.d.*)

.rela.data
 *(.rela.data .rela.data.* .rela.gnu.linkonce.d.*)

.rel.bss
 *(.rel.bss .rel.bss.* .rel.gnu.linkonce.b.*)

.rela.bss
 *(.rela.bss .rela.bss.* .rela.gnu.linkonce.b.*)

.rel.ctors
 *(.rel.ctors)

.rela.ctors
 *(.rela.ctors)

.rel.dtors
 *(.rel.dtors)

.rela.dtors
 *(.rela.dtors)

.rel.got
 *(.rel.got)

.rela.got
 *(.rela.got)

.rel.plt
 *(.rel.plt)

.rela.plt
 *(.rela.plt)

.text           0x00004000     0x9e32
                0x00004000                . = ALIGN (0x2)
 *(.init .init.*)
 *(.init0)
 .init0         0x00004000        0x0 /usr/local/bin/../lib/gcc/msp430/4.7.2/mmpy-16/libcrt0.a(_reset_vector__.o)
                0x00004000                _reset_vector__
 *(.init1)
 .init1         0x00004000        0xc /usr/local/bin/../lib/gcc/msp430/4.7.2/mmpy-16/libcrt0.a(__watchdog_support.o)
                0x00004000                __watchdog_support
 *(.init2)
 .init2         0x0000400c        0x4 /usr/local/bin/../lib/gcc/msp430/4.7.2/mmpy-16/libcrt0.a(__init_stack.o)
                0x0000400c                __init_stack
 *(.init3)
 .init3         0x00004010        0x0 /usr/local/bin/../lib/gcc/msp430/4.7.2/mmpy-16/libcrt0.a(__low_level_init.o)
                0x00004010                __low_level_init
 *(.init4)
 .init4         0x00004010       0x18 /usr/local/bin/../lib/gcc/msp430/4.7.2/mmpy-16/libcrt0.a(_copy_data.o)
                0x00004010                __do_copy_data
 .init4         0x00004028       0x16 /usr/local/bin/../lib/gcc/msp430/4.7.2/mmpy-16/libcrt0.a(_clear_bss.o)
                0x00004028                __do_clear_bss
 *(.init5)
 *(.init6)
 *(.init7)
 *(.init8)
 *(.init9)
 .init9         0x0000403e      0x114 obj_sky/contiki-main.o
                0x0000403e                main
 *(.fini9)
 .fini9         0x00004152        0x0 /usr/local/bin/../lib/gcc/msp430/4.7.2/mmpy-16/libcrt0.a(__stop_progExec__.o)
                0x00004152                __stop_progExec__
 *(.fini8)
 *(.fini7)
 *(.fini6)
 *(.fini5)
 *(.fini4)
 *(.fini3)
 *(.fini2)
 *(.fini1)
 *(.fini0)
 .fini0         0x00004152        0x6 /usr/local/bin/../lib/gcc/msp430/4.7.2/mmpy-16/libcrt0.a(_endless_loop__.o)
                0x00004152                _endless_loop__
 *(.fini .fini.*)
                0x00004158                . = ALIGN (0x2)
                0x00004158                __ctors_start = .
 *(.ctors)
                0x00004158                __ctors_end = .
                0x00004158                __dtors_start = .
 *(.dtors)
                0x00004158                __dtors_end = .
                0x00004158                . = ALIGN (0x2)
 *(.text .text.* .gnu.linkonce.t.*)
 .text          0x00004158        0x4 /usr/local/bin/../lib/gcc/msp430/4.7.2/mmpy-16/crt0ivtbl16.o
                0x00004158                __isr_14
                0x00004158                __isr_11
                0x00004158                __isr_2
                0x00004158                __isr_7
                0x00004158                __isr_0
                0x00004158                __isr_8
                0x00004158                __isr_3
                0x00004158                __isr_13
                0x00004158                __isr_9
                0x00004158                __isr_1
 .text.process_thread_master_neighbor_discovery_process
                0x0000415c      0x13c master-unicast.o
 .text.process_thread_master_unicast_process
                0x00004298      0x13e master-unicast.o
 .text.input_callback
                0x000043d6       0x34 master-unicast.o
                0x000043d6                input_callback
 .text.node_id_restore
                0x0000440a       0x38 contiki-sky.a(node-id.o)
                0x0000440a                node_id_restore
 .text.putchar  0x00004442       0x10 contiki-sky.a(uart1-putchar.o)
                0x00004442                putchar
 .text.energest_switch
                0x00004452       0x6e contiki-sky.a(platform.o)
 .text.platform_init_stage_one
                0x000044c0       0x10 contiki-sky.a(platform.o)
                0x000044c0                platform_init_stage_one
 .text.platform_init_stage_two
                0x000044d0       0x80 contiki-sky.a(platform.o)
                0x000044d0                platform_init_stage_two
 .text.platform_init_stage_three
                0x00004550       0xd2 contiki-sky.a(platform.o)
                0x00004550                platform_init_stage_three
 .text.platform_idle
                0x00004622       0x48 contiki-sky.a(platform.o)
                0x00004622                platform_idle
 .text.msp430_init_dco
                0x0000466a       0x82 contiki-sky.a(msp430.o)
                0x0000466a                msp430_init_dco
 .text.msp430_add_lpm_req
                0x000046ec        0xc contiki-sky.a(msp430.o)
                0x000046ec                msp430_add_lpm_req
 .text.msp430_cpu_init
                0x000046f8       0x2a contiki-sky.a(msp430.o)
                0x000046f8                msp430_cpu_init
 .text.splhigh_
                0x00004722        0x8 contiki-sky.a(msp430.o)
                0x00004722                splhigh_
 .text.timera1  0x0000472a       0xdc contiki-sky.a(clock.o)
                0x0000472a                __isr_5
                0x0000472a                timera1
 .text.clock_time
                0x00004806       0x1a contiki-sky.a(clock.o)
                0x00004806                clock_time
 .text.clock_init
                0x00004820       0x28 contiki-sky.a(clock.o)
                0x00004820                clock_init
 .text.clock_delay
                0x00004848        0xc contiki-sky.a(clock.o)
                0x00004848                clock_delay
 .text.leds_init
                0x00004854        0x6 contiki-sky.a(leds.o)
                0x00004854                leds_init
 .text.leds_on  0x0000485a       0x12 contiki-sky.a(leds.o)
                0x0000485a                leds_on
 .text.leds_off
                0x0000486c       0x12 contiki-sky.a(leds.o)
                0x0000486c                leds_off
 .text.leds_arch_init
                0x0000487e        0xe contiki-sky.a(leds-arch.o)
                0x0000487e                leds_arch_init
 .text.leds_arch_get
                0x0000488c       0x3e contiki-sky.a(leds-arch.o)
                0x0000488c                leds_arch_get
 .text.leds_arch_set
                0x000048ca       0x38 contiki-sky.a(leds-arch.o)
                0x000048ca                leds_arch_set
 .text.watchdog_interrupt
                0x00004902        0x6 contiki-sky.a(watchdog.o)
                0x00004902                __isr_10
                0x00004902                watchdog_interrupt
 .text.watchdog_start
                0x00004908       0x14 contiki-sky.a(watchdog.o)
                0x00004908                watchdog_start
 .text.watchdog_periodic
                0x0000491c       0x12 contiki-sky.a(watchdog.o)
                0x0000491c                watchdog_periodic
 .text.watchdog_stop
                0x0000492e       0x16 contiki-sky.a(watchdog.o)
                0x0000492e                watchdog_stop
 .text.watchdog_init
                0x00004944       0x12 contiki-sky.a(watchdog.o)
                0x00004944                watchdog_init
 .text.timera0  0x00004956       0x2e contiki-sky.a(rtimer-arch.o)
                0x00004956                __isr_6
                0x00004956                timera0
 .text.rtimer_arch_init
                0x00004984        0xe contiki-sky.a(rtimer-arch.o)
                0x00004984                rtimer_arch_init
 .text.rtimer_arch_now
                0x00004992        0xe contiki-sky.a(rtimer-arch.o)
                0x00004992                rtimer_arch_now
 .text.rtimer_arch_schedule
                0x000049a0        0x6 contiki-sky.a(rtimer-arch.o)
                0x000049a0                rtimer_arch_schedule
 .text.output   0x000049a6       0xf2 contiki-sky.a(master-net.o)
 .text.input    0x00004a98       0x40 contiki-sky.a(master-net.o)
 .text.init     0x00004ad8       0x22 contiki-sky.a(master-net.o)
 .text.masternet_set_input_callback
                0x00004afa        0x6 contiki-sky.a(master-net.o)
                0x00004afa                masternet_set_input_callback
 .text.masternet_set_config_callback
                0x00004b00        0x6 contiki-sky.a(master-net.o)
                0x00004b00                masternet_set_config_callback
 .text.master_routing_sent_configuration
                0x00004b06       0x12 contiki-sky.a(master-routing.)
                0x00004b06                master_routing_sent_configuration
 .text.add_links
                0x00004b18       0x8c contiki-sky.a(master-routing.)
 .text.master_install_schedule
                0x00004ba4      0x1f8 contiki-sky.a(master-routing.)
 .text.reverse  0x00004d9c       0x26 contiki-sky.a(master-routing.)
                0x00004d9c                reverse
 .text.intToStr
                0x00004dc2       0x68 contiki-sky.a(master-routing.)
                0x00004dc2                intToStr
 .text.ftoa     0x00004e2a       0xaa contiki-sky.a(master-routing.)
                0x00004e2a                ftoa
 .text.printFLoat
                0x00004ed4       0x30 contiki-sky.a(master-routing.)
                0x00004ed4                printFLoat
 .text.onReceivedNewBeacon
                0x00004f04       0xf8 contiki-sky.a(master-routing.)
                0x00004f04                onReceivedNewBeacon
 .text.prepareStrengthVectorToSend
                0x00004ffc       0x70 contiki-sky.a(master-routing.)
                0x00004ffc                prepareStrengthVectorToSend
 .text.neighbor_discovery_input
                0x0000506c       0x2a contiki-sky.a(master-routing.)
                0x0000506c                neighbor_discovery_input
 .text.getAddressByNodeID
                0x00005096       0x24 contiki-sky.a(master-routing.)
                0x00005096                getAddressByNodeID
 .text.master_routing_send_advertisement
                0x000050ba       0xf0 contiki-sky.a(master-routing.)
                0x000050ba                master_routing_send_advertisement
 .text.unicast_send
                0x000051aa       0x34 contiki-sky.a(master-routing.)
                0x000051aa                unicast_send
 .text.send_data_to_master
                0x000051de       0x9c contiki-sky.a(master-routing.)
                0x000051de                send_data_to_master
 .text.on_received_actual_data
                0x0000527a      0x262 contiki-sky.a(master-routing.)
                0x0000527a                on_received_actual_data
 .text.node_is_sender
                0x000054dc        0x6 contiki-sky.a(master-routing.)
                0x000054dc                node_is_sender
 .text.get_node_receiver
                0x000054e2        0x6 contiki-sky.a(master-routing.)
                0x000054e2                get_node_receiver
 .text.master_routing_configured
                0x000054e8        0x6 contiki-sky.a(master-routing.)
                0x000054e8                master_routing_configured
 .text.add_link_to_best_node
                0x000054ee       0x70 contiki-sky.a(master-routing.)
                0x000054ee                add_link_to_best_node
 .text.on_received_advertisement
                0x0000555e      0x148 contiki-sky.a(master-routing.)
                0x0000555e                on_received_advertisement
 .text.master_routing_input
                0x000056a6      0x3fa contiki-sky.a(master-routing.)
                0x000056a6                master_routing_input
 .text.master_routing_send
                0x00005aa0      0x270 contiki-sky.a(master-routing.)
                0x00005aa0                master_routing_send
 .text.master_routing_sendto
                0x00005d10       0x38 contiki-sky.a(master-routing.)
                0x00005d10                master_routing_sendto
 .text.master_routing_send_advertisement_sendto
                0x00005d48       0x16 contiki-sky.a(master-routing.)
                0x00005d48                master_routing_send_advertisement_sendto
 .text.master_routing_send_actual_data
                0x00005d5e        0x8 contiki-sky.a(master-routing.)
                0x00005d5e                master_routing_send_actual_data
 .text.init_master_routing
                0x00005d66       0xca contiki-sky.a(master-routing.)
                0x00005d66                init_master_routing
 .text.master_routing_set_input_callback
                0x00005e30       0x10 contiki-sky.a(master-routing.)
                0x00005e30                master_routing_set_input_callback
 .text.simple_energest_step
                0x00005e40      0x3a8 contiki-sky.a(simple-energest)
 .text.process_thread_simple_energest_process
                0x000061e8       0x80 contiki-sky.a(simple-energest)
 .text.simple_energest_init
                0x00006268       0x5a contiki-sky.a(simple-energest)
                0x00006268                simple_energest_init
 .text.autostart_start
                0x000062c2       0x16 contiki-sky.a(autostart.o)
                0x000062c2                autostart_start
 .text.process_thread_ctimer_process
                0x000062d8       0xa8 contiki-sky.a(ctimer.o)
 .text.ctimer_init
                0x00006380       0x18 contiki-sky.a(ctimer.o)
                0x00006380                ctimer_init
 .text.ctimer_set_with_process
                0x00006398       0x4e contiki-sky.a(ctimer.o)
                0x00006398                ctimer_set_with_process
 .text.ctimer_set
                0x000063e6       0x10 contiki-sky.a(ctimer.o)
                0x000063e6                ctimer_set
 .text.ctimer_reset
                0x000063f6       0x30 contiki-sky.a(ctimer.o)
                0x000063f6                ctimer_reset
 .text.ctimer_stop
                0x00006426       0x28 contiki-sky.a(ctimer.o)
                0x00006426                ctimer_stop
 .text.energest_init
                0x0000644e       0x40 contiki-sky.a(energest.o)
                0x0000644e                energest_init
 .text.energest_flush
                0x0000648e       0x5c contiki-sky.a(energest.o)
                0x0000648e                energest_flush
 .text.energest_get_total_time
                0x000064ea       0x38 contiki-sky.a(energest.o)
                0x000064ea                energest_get_total_time
 .text.update_time
                0x00006522       0x78 contiki-sky.a(etimer.o)
 .text.etimer_request_poll
                0x0000659a        0xa contiki-sky.a(etimer.o)
                0x0000659a                etimer_request_poll
 .text.process_thread_etimer_process
                0x000065a4       0xcc contiki-sky.a(etimer.o)
 .text.add_timer
                0x00006670       0x40 contiki-sky.a(etimer.o)
 .text.etimer_set
                0x000066b0       0x12 contiki-sky.a(etimer.o)
                0x000066b0                etimer_set
 .text.etimer_reset
                0x000066c2       0x12 contiki-sky.a(etimer.o)
                0x000066c2                etimer_reset
 .text.etimer_expired
                0x000066d4        0xe contiki-sky.a(etimer.o)
                0x000066d4                etimer_expired
 .text.etimer_pending
                0x000066e2        0xc contiki-sky.a(etimer.o)
                0x000066e2                etimer_pending
 .text.etimer_next_expiration_time
                0x000066ee       0x16 contiki-sky.a(etimer.o)
                0x000066ee                etimer_next_expiration_time
 .text.etimer_stop
                0x00006704       0x3e contiki-sky.a(etimer.o)
                0x00006704                etimer_stop
 .text.hash_map_insert
                0x00006742      0x11e contiki-sky.a(hash-map.o)
                0x00006742                hash_map_insert
 .text.hash_map_lookup
                0x00006860       0x68 contiki-sky.a(hash-map.o)
                0x00006860                hash_map_lookup
 .text.log_lladdr
                0x000068c8       0x4a contiki-sky.a(log.o)
                0x000068c8                log_lladdr
 .text.call_process
                0x00006912       0x46 contiki-sky.a(process.o)
 .text.exit_process
                0x00006958       0x96 contiki-sky.a(process.o)
 .text.do_poll  0x000069ee       0x30 contiki-sky.a(process.o)
 .text.process_alloc_event
                0x00006a1e        0xe contiki-sky.a(process.o)
                0x00006a1e                process_alloc_event
 .text.process_init
                0x00006a2c       0x18 contiki-sky.a(process.o)
                0x00006a2c                process_init
 .text.process_run
                0x00006a44       0x92 contiki-sky.a(process.o)
                0x00006a44                process_run
 .text.process_nevents
                0x00006ad6        0xe contiki-sky.a(process.o)
                0x00006ad6                process_nevents
 .text.process_post
                0x00006ae4       0x42 contiki-sky.a(process.o)
                0x00006ae4                process_post
 .text.process_post_synch
                0x00006b26       0x12 contiki-sky.a(process.o)
                0x00006b26                process_post_synch
 .text.process_start
                0x00006b38       0x36 contiki-sky.a(process.o)
                0x00006b38                process_start
 .text.process_poll
                0x00006b6e       0x18 contiki-sky.a(process.o)
                0x00006b6e                process_poll
 .text.rtimer_init
                0x00006b86        0x6 contiki-sky.a(rtimer.o)
                0x00006b86                rtimer_init
 .text.rtimer_set
                0x00006b8c       0x24 contiki-sky.a(rtimer.o)
                0x00006b8c                rtimer_set
 .text.rtimer_run_next
                0x00006bb0       0x26 contiki-sky.a(rtimer.o)
                0x00006bb0                rtimer_run_next
 .text.timer_set
                0x00006bd6       0x1c contiki-sky.a(timer.o)
                0x00006bd6                timer_set
 .text.timer_reset
                0x00006bf2        0xe contiki-sky.a(timer.o)
                0x00006bf2                timer_reset
 .text.timer_expired
                0x00006c00       0x2a contiki-sky.a(timer.o)
                0x00006c00                timer_expired
 .text.process_thread_serial_line_process
                0x00006c2a       0x9e contiki-sky.a(serial-line.o)
 .text.serial_line_input_byte
                0x00006cc8       0x4a contiki-sky.a(serial-line.o)
                0x00006cc8                serial_line_input_byte
 .text.serial_line_init
                0x00006d12       0x1c contiki-sky.a(serial-line.o)
                0x00006d12                serial_line_init
 .text.list_init
                0x00006d2e        0x6 contiki-sky.a(list.o)
                0x00006d2e                list_init
 .text.list_head
                0x00006d34        0x4 contiki-sky.a(list.o)
                0x00006d34                list_head
 .text.list_tail
                0x00006d38       0x12 contiki-sky.a(list.o)
                0x00006d38                list_tail
 .text.list_remove
                0x00006d4a       0x34 contiki-sky.a(list.o)
                0x00006d4a                list_remove
 .text.list_add
                0x00006d7e       0x2a contiki-sky.a(list.o)
                0x00006d7e                list_add
 .text.list_item_next
                0x00006da8        0xc contiki-sky.a(list.o)
                0x00006da8                list_item_next
 .text.random_init
                0x00006db4        0x6 contiki-sky.a(random.o)
                0x00006db4                random_init
 .text.random_rand
                0x00006dba        0x6 contiki-sky.a(random.o)
                0x00006dba                random_rand
 .text.ringbuf_init
                0x00006dc0       0x14 contiki-sky.a(ringbuf.o)
                0x00006dc0                ringbuf_init
 .text.ringbuf_put
                0x00006dd4       0x38 contiki-sky.a(ringbuf.o)
                0x00006dd4                ringbuf_put
 .text.ringbuf_get
                0x00006e0c       0x32 contiki-sky.a(ringbuf.o)
                0x00006e0c                ringbuf_get
 .text.linkaddr_copy
                0x00006e3e        0x8 contiki-sky.a(linkaddr.o)
                0x00006e3e                linkaddr_copy
 .text.linkaddr_cmp
                0x00006e46       0x12 contiki-sky.a(linkaddr.o)
                0x00006e46                linkaddr_cmp
 .text.linkaddr_set_node_addr
                0x00006e58        0xc contiki-sky.a(linkaddr.o)
                0x00006e58                linkaddr_set_node_addr
 .text.netstack_init
                0x00006e64        0xe contiki-sky.a(netstack.o)
                0x00006e64                netstack_init
 .text.packetbuf_hdrreduce
                0x00006e72       0x1a contiki-sky.a(packetbuf.o)
                0x00006e72                packetbuf_hdrreduce
 .text.packetbuf_set_datalen
                0x00006e8c        0x6 contiki-sky.a(packetbuf.o)
                0x00006e8c                packetbuf_set_datalen
 .text.packetbuf_hdrptr
                0x00006e92        0x6 contiki-sky.a(packetbuf.o)
                0x00006e92                packetbuf_hdrptr
 .text.packetbuf_datalen
                0x00006e98        0x6 contiki-sky.a(packetbuf.o)
                0x00006e98                packetbuf_datalen
 .text.packetbuf_hdrlen
                0x00006e9e        0xa contiki-sky.a(packetbuf.o)
                0x00006e9e                packetbuf_hdrlen
 .text.packetbuf_dataptr
                0x00006ea8        0xc contiki-sky.a(packetbuf.o)
                0x00006ea8                packetbuf_dataptr
 .text.packetbuf_copyto
                0x00006eb4       0x46 contiki-sky.a(packetbuf.o)
                0x00006eb4                packetbuf_copyto
 .text.packetbuf_totlen
                0x00006efa        0xc contiki-sky.a(packetbuf.o)
                0x00006efa                packetbuf_totlen
 .text.packetbuf_hdralloc
                0x00006f06       0x3c contiki-sky.a(packetbuf.o)
                0x00006f06                packetbuf_hdralloc
 .text.packetbuf_remaininglen
                0x00006f42        0xe contiki-sky.a(packetbuf.o)
                0x00006f42                packetbuf_remaininglen
 .text.packetbuf_attr_clear
                0x00006f50       0x28 contiki-sky.a(packetbuf.o)
                0x00006f50                packetbuf_attr_clear
 .text.packetbuf_clear
                0x00006f78       0x12 contiki-sky.a(packetbuf.o)
                0x00006f78                packetbuf_clear
 .text.packetbuf_copyfrom
                0x00006f8a       0x2e contiki-sky.a(packetbuf.o)
                0x00006f8a                packetbuf_copyfrom
 .text.packetbuf_attr_copyto
                0x00006fb8       0x22 contiki-sky.a(packetbuf.o)
                0x00006fb8                packetbuf_attr_copyto
 .text.packetbuf_attr_copyfrom
                0x00006fda       0x24 contiki-sky.a(packetbuf.o)
                0x00006fda                packetbuf_attr_copyfrom
 .text.packetbuf_set_attr
                0x00006ffe        0xc contiki-sky.a(packetbuf.o)
                0x00006ffe                packetbuf_set_attr
 .text.packetbuf_attr
                0x0000700a        0xa contiki-sky.a(packetbuf.o)
                0x0000700a                packetbuf_attr
 .text.packetbuf_set_addr
                0x00007014       0x18 contiki-sky.a(packetbuf.o)
                0x00007014                packetbuf_set_addr
 .text.packetbuf_addr
                0x0000702c       0x12 contiki-sky.a(packetbuf.o)
                0x0000702c                packetbuf_addr
 .text.packetbuf_holds_broadcast
                0x0000703e        0xe contiki-sky.a(packetbuf.o)
                0x0000703e                packetbuf_holds_broadcast
 .text.parse    0x0000704c       0x96 contiki-sky.a(framer-802154.o)
 .text.framer_802154_setup_params
                0x000070e2       0xbc contiki-sky.a(framer-802154.o)
                0x000070e2                framer_802154_setup_params
 .text.create_frame
                0x0000719e       0xde contiki-sky.a(framer-802154.o)
 .text.create   0x0000727c        0x8 contiki-sky.a(framer-802154.o)
 .text.hdr_length
                0x00007284        0x8 contiki-sky.a(framer-802154.o)
 .text.tsch_schedule_get_slotframe_by_handle
                0x0000728c       0x2e contiki-sky.a(tsch-schedule.o)
                0x0000728c                tsch_schedule_get_slotframe_by_handle
 .text.tsch_schedule_add_slotframe
                0x000072ba       0x7c contiki-sky.a(tsch-schedule.o)
                0x000072ba                tsch_schedule_add_slotframe
 .text.tsch_schedule_remove_link
                0x00007336       0x7e contiki-sky.a(tsch-schedule.o)
                0x00007336                tsch_schedule_remove_link
 .text.tsch_schedule_remove_slotframe
                0x000073b4       0x46 contiki-sky.a(tsch-schedule.o)
                0x000073b4                tsch_schedule_remove_slotframe
 .text.tsch_schedule_remove_all_slotframes
                0x000073fa       0x1e contiki-sky.a(tsch-schedule.o)
                0x000073fa                tsch_schedule_remove_all_slotframes
 .text.tsch_schedule_get_link_by_timeslot
                0x00007418       0x38 contiki-sky.a(tsch-schedule.o)
                0x00007418                tsch_schedule_get_link_by_timeslot
 .text.tsch_schedule_remove_link_by_timeslot
                0x00007450       0x26 contiki-sky.a(tsch-schedule.o)
                0x00007450                tsch_schedule_remove_link_by_timeslot
 .text.tsch_schedule_add_link
                0x00007476       0xe6 contiki-sky.a(tsch-schedule.o)
                0x00007476                tsch_schedule_add_link
 .text.tsch_schedule_get_next_active_link
                0x0000755c      0x132 contiki-sky.a(tsch-schedule.o)
                0x0000755c                tsch_schedule_get_next_active_link
 .text.tsch_schedule_init
                0x0000768e       0x2c contiki-sky.a(tsch-schedule.o)
                0x0000768e                tsch_schedule_init
 .text.tsch_radio_on.part.0
                0x000076ba        0x6 contiki-sky.a(tsch-slot-opera)
 .text.tsch_radio_off.part.1
                0x000076c0        0x6 contiki-sky.a(tsch-slot-opera)
 .text.tsch_schedule_slot_operation.isra.2
                0x000076c6       0x5e contiki-sky.a(tsch-slot-opera)
 .text.get_packet_and_neighbor_for_link.constprop.6
                0x00007724      0x102 contiki-sky.a(tsch-slot-opera)
 .text.tsch_is_locked
                0x00007826        0x6 contiki-sky.a(tsch-slot-opera)
                0x00007826                tsch_is_locked
 .text.tsch_get_lock
                0x0000782c       0x3c contiki-sky.a(tsch-slot-opera)
                0x0000782c                tsch_get_lock
 .text.tsch_release_lock
                0x00007868        0x6 contiki-sky.a(tsch-slot-opera)
                0x00007868                tsch_release_lock
 .text.tsch_calculate_channel
                0x0000786e       0x62 contiki-sky.a(tsch-slot-opera)
                0x0000786e                tsch_calculate_channel
 .text.tsch_slot_operation
                0x000078d0      0x9fc contiki-sky.a(tsch-slot-opera)
 .text.tsch_slot_operation_start
                0x000082cc       0x84 contiki-sky.a(tsch-slot-opera)
                0x000082cc                tsch_slot_operation_start
 .text.tsch_slot_operation_sync
                0x00008350       0x36 contiki-sky.a(tsch-slot-opera)
                0x00008350                tsch_slot_operation_sync
 .text.turn_off
                0x00008386        0x8 contiki-sky.a(tsch.o)
 .text.send_packet
                0x0000838e       0xdc contiki-sky.a(tsch.o)
 .text.tsch_reset
                0x0000846a       0x90 contiki-sky.a(tsch.o)
 .text.process_thread_tsch_send_eb_process
                0x000084fa      0x156 contiki-sky.a(tsch.o)
 .text.turn_on  0x00008650       0x36 contiki-sky.a(tsch.o)
 .text.tsch_init
                0x00008686       0xaa contiki-sky.a(tsch.o)
 .text.packet_input
                0x00008730       0x26 contiki-sky.a(tsch.o)
 .text.keepalive_send
                0x00008756       0x30 contiki-sky.a(tsch.o)
 .text.tsch_set_coordinator
                0x00008786       0x1a contiki-sky.a(tsch.o)
                0x00008786                tsch_set_coordinator
 .text.tsch_set_eb_period
                0x000087a0       0x1a contiki-sky.a(tsch.o)
                0x000087a0                tsch_set_eb_period
 .text.tsch_schedule_keepalive
                0x000087ba       0x78 contiki-sky.a(tsch.o)
                0x000087ba                tsch_schedule_keepalive
 .text.tsch_set_ka_timeout
                0x00008832       0x20 contiki-sky.a(tsch.o)
                0x00008832                tsch_set_ka_timeout
 .text.tsch_schedule_keepalive_immediately
                0x00008852       0x22 contiki-sky.a(tsch.o)
                0x00008852                tsch_schedule_keepalive_immediately
 .text.tsch_disassociate
                0x00008874       0x1a contiki-sky.a(tsch.o)
                0x00008874                tsch_disassociate
 .text.process_thread_tsch_pending_events_process
                0x0000888e      0x1b0 contiki-sky.a(tsch.o)
 .text.keepalive_packet_sent
                0x00008a3e       0x62 contiki-sky.a(tsch.o)
 .text.tsch_scan
                0x00008aa0      0x364 contiki-sky.a(tsch.o)
                0x00008aa0                tsch_scan
 .text.process_thread_tsch_process
                0x00008e04       0xae contiki-sky.a(tsch.o)
 .text.init_platform
                0x00008eb2        0xc contiki-sky.a(contiki-sky-pla)
                0x00008eb2                init_platform
 .text.status   0x00008ebe       0x18 contiki-sky.a(button-sensor.o)
 .text.value    0x00008ed6       0x20 contiki-sky.a(button-sensor.o)
 .text.configure
                0x00008ef6       0x4c contiki-sky.a(button-sensor.o)
 .text.owreadb  0x00008f42       0x50 contiki-sky.a(ds2411.o)
 .text.ds2411_init
                0x00008f92      0x120 contiki-sky.a(ds2411.o)
                0x00008f92                ds2411_init
 .text.wait_ready
                0x000090b2       0x4a contiki-sky.a(xmem.o)
 .text.xmem_init
                0x000090fc       0x3c contiki-sky.a(xmem.o)
                0x000090fc                xmem_init
 .text.xmem_pread
                0x00009138       0xa4 contiki-sky.a(xmem.o)
                0x00009138                xmem_pread
 .text.process_thread_sensors_process
                0x000091dc       0xc2 contiki-sky.a(sensors.o)
 .text.set_object
                0x0000929e        0x4 contiki-sky.a(cc2420.o)
 .text.strobe   0x000092a2       0x1c contiki-sky.a(cc2420.o)
 .text.getreg   0x000092be       0x4c contiki-sky.a(cc2420.o)
 .text.setreg   0x0000930a       0x4c contiki-sky.a(cc2420.o)
 .text.write_ram
                0x00009356       0x7c contiki-sky.a(cc2420.o)
 .text.write_fifo_buf
                0x000093d2       0x3c contiki-sky.a(cc2420.o)
 .text.get_status
                0x0000940e       0x20 contiki-sky.a(cc2420.o)
 .text.cc2420_receiving_packet
                0x0000942e        0xc contiki-sky.a(cc2420.o)
 .text.pending_packet
                0x0000943a        0x8 contiki-sky.a(cc2420.o)
 .text.wait_for_transmission
                0x00009442       0x22 contiki-sky.a(cc2420.o)
 .text.wait_for_status
                0x00009464       0x28 contiki-sky.a(cc2420.o)
 .text.getrxdata
                0x0000948c       0x50 contiki-sky.a(cc2420.o)
 .text.flushrx  0x000094dc       0x1a contiki-sky.a(cc2420.o)
 .text.get_object
                0x000094f6       0x20 contiki-sky.a(cc2420.o)
 .text.energest_on
                0x00009516       0x28 contiki-sky.a(cc2420.o)
 .text.on       0x0000953e       0x20 contiki-sky.a(cc2420.o)
 .text.energest_off
                0x0000955e       0x9c contiki-sky.a(cc2420.o)
 .text.off      0x000095fa       0x2e contiki-sky.a(cc2420.o)
 .text.RELEASE_LOCK
                0x00009628       0x28 contiki-sky.a(cc2420.o)
 .text.set_key  0x00009650       0x18 contiki-sky.a(cc2420.o)
 .text.set_frame_filtering
                0x00009668       0x30 contiki-sky.a(cc2420.o)
 .text.set_auto_ack
                0x00009698       0x30 contiki-sky.a(cc2420.o)
 .text.set_poll_mode
                0x000096c8       0x2c contiki-sky.a(cc2420.o)
 .text.cc2420_prepare
                0x000096f4       0x3c contiki-sky.a(cc2420.o)
 .text.cc2420_on
                0x00009730       0x22 contiki-sky.a(cc2420.o)
                0x00009730                cc2420_on
 .text.cc2420_transmit
                0x00009752       0x7e contiki-sky.a(cc2420.o)
 .text.cc2420_send
                0x000097d0       0x12 contiki-sky.a(cc2420.o)
 .text.cc2420_off
                0x000097e2       0x30 contiki-sky.a(cc2420.o)
                0x000097e2                cc2420_off
 .text.cc2420_cca
                0x00009812       0x68 contiki-sky.a(cc2420.o)
 .text.cc2420_read
                0x0000987a       0xbe contiki-sky.a(cc2420.o)
 .text.process_thread_cc2420_process
                0x00009938       0x62 contiki-sky.a(cc2420.o)
 .text.encrypt  0x0000999a       0x88 contiki-sky.a(cc2420.o)
 .text.cc2420_set_channel
                0x00009a22       0x3c contiki-sky.a(cc2420.o)
                0x00009a22                cc2420_set_channel
 .text.cc2420_set_pan_addr
                0x00009a5e       0x4c contiki-sky.a(cc2420.o)
                0x00009a5e                cc2420_set_pan_addr
 .text.cc2420_interrupt
                0x00009aaa       0x16 contiki-sky.a(cc2420.o)
                0x00009aaa                cc2420_interrupt
 .text.cc2420_set_txpower
                0x00009ac0       0x2c contiki-sky.a(cc2420.o)
                0x00009ac0                cc2420_set_txpower
 .text.cc2420_get_txpower
                0x00009aec       0x1e contiki-sky.a(cc2420.o)
                0x00009aec                cc2420_get_txpower
 .text.cc2420_rssi
                0x00009b0a       0x4c contiki-sky.a(cc2420.o)
                0x00009b0a                cc2420_rssi
 .text.get_value
                0x00009b56      0x104 contiki-sky.a(cc2420.o)
 .text.cc2420_set_cca_threshold
                0x00009c5a       0x16 contiki-sky.a(cc2420.o)
                0x00009c5a                cc2420_set_cca_threshold
 .text.set_value
                0x00009c70       0xb8 contiki-sky.a(cc2420.o)
 .text.cc2420_init
                0x00009d28       0xea contiki-sky.a(cc2420.o)
                0x00009d28                cc2420_init
 .text.cc2420_port1_interrupt
                0x00009e12       0x20 contiki-sky.a(cc2420-arch.o)
                0x00009e12                __isr_4
                0x00009e12                cc2420_port1_interrupt
 .text.cc2420_arch_init
                0x00009e32       0x1e contiki-sky.a(cc2420-arch.o)
                0x00009e32                cc2420_arch_init
 .text.cc2420_timerb1_interrupt
                0x00009e50       0x26 contiki-sky.a(cc2420-arch-sfd)
                0x00009e50                cc2420_timerb1_interrupt
                0x00009e50                __isr_12
 .text.cc2420_arch_sfd_init
                0x00009e76       0x26 contiki-sky.a(cc2420-arch-sfd)
                0x00009e76                cc2420_arch_sfd_init
 .text.handle_rxdma_timer
                0x00009e9c       0x3a contiki-sky.a(uart1.o)
 .text.uart1_active
                0x00009ed6       0x18 contiki-sky.a(uart1.o)
                0x00009ed6                uart1_active
 .text.uart1_set_input
                0x00009eee       0x20 contiki-sky.a(uart1.o)
                0x00009eee                uart1_set_input
 .text.uart1_writeb
                0x00009f0e       0x18 contiki-sky.a(uart1.o)
                0x00009f0e                uart1_writeb
 .text.uart1_init
                0x00009f26       0xf4 contiki-sky.a(uart1.o)
                0x00009f26                uart1_init
 .text.memb_init
                0x0000a01a       0x36 contiki-sky.a(memb.o)
                0x0000a01a                memb_init
 .text.memb_alloc
                0x0000a050       0x3e contiki-sky.a(memb.o)
                0x0000a050                memb_alloc
 .text.memb_free
                0x0000a08e       0x3a contiki-sky.a(memb.o)
                0x0000a08e                memb_free
 .text.memb_inmemb
                0x0000a0c8       0x2a contiki-sky.a(memb.o)
                0x0000a0c8                memb_inmemb
 .text.ringbufindex_init
                0x0000a0f2       0x10 contiki-sky.a(ringbufindex.o)
                0x0000a0f2                ringbufindex_init
 .text.ringbufindex_put
                0x0000a102       0x28 contiki-sky.a(ringbufindex.o)
                0x0000a102                ringbufindex_put
 .text.ringbufindex_peek_put
                0x0000a12a       0x1c contiki-sky.a(ringbufindex.o)
                0x0000a12a                ringbufindex_peek_put
 .text.ringbufindex_get
                0x0000a146       0x2c contiki-sky.a(ringbufindex.o)
                0x0000a146                ringbufindex_get
 .text.ringbufindex_peek_get
                0x0000a172       0x16 contiki-sky.a(ringbufindex.o)
                0x0000a172                ringbufindex_peek_get
 .text.ringbufindex_elements
                0x0000a188       0x10 contiki-sky.a(ringbufindex.o)
                0x0000a188                ringbufindex_elements
 .text.ringbufindex_empty
                0x0000a198       0x10 contiki-sky.a(ringbufindex.o)
                0x0000a198                ringbufindex_empty
 .text.link_stats_is_fresh
                0x0000a1a8       0x30 contiki-sky.a(link-stats.o)
                0x0000a1a8                link_stats_is_fresh
 .text.guess_etx_from_rssi
                0x0000a1d8       0x42 contiki-sky.a(link-stats.o)
                0x0000a1d8                guess_etx_from_rssi
 .text.link_stats_packet_sent
                0x0000a21a       0xdc contiki-sky.a(link-stats.o)
                0x0000a21a                link_stats_packet_sent
 .text.item_from_index
                0x0000a2f6       0x2a contiki-sky.a(nbr-table.o)
 .text.index_from_key
                0x0000a320       0x26 contiki-sky.a(nbr-table.o)
 .text.index_from_item
                0x0000a346       0x1e contiki-sky.a(nbr-table.o)
 .text.nbr_set_bit
                0x0000a364       0x58 contiki-sky.a(nbr-table.o)
 .text.index_from_lladdr
                0x0000a3bc       0x42 contiki-sky.a(nbr-table.o)
 .text.nbr_get_bit.constprop.1
                0x0000a3fe       0x2e contiki-sky.a(nbr-table.o)
 .text.remove_key
                0x0000a42c       0x66 contiki-sky.a(nbr-table.o)
 .text.nbr_table_add_lladdr
                0x0000a492       0xd8 contiki-sky.a(nbr-table.o)
                0x0000a492                nbr_table_add_lladdr
 .text.nbr_table_get_from_lladdr
                0x0000a56a       0x2c contiki-sky.a(nbr-table.o)
                0x0000a56a                nbr_table_get_from_lladdr
 .text.queuebuf_init
                0x0000a596       0x12 contiki-sky.a(queuebuf.o)
                0x0000a596                queuebuf_init
 .text.queuebuf_new_from_packetbuf
                0x0000a5a8       0x52 contiki-sky.a(queuebuf.o)
                0x0000a5a8                queuebuf_new_from_packetbuf
 .text.queuebuf_free
                0x0000a5fa       0x2a contiki-sky.a(queuebuf.o)
                0x0000a5fa                queuebuf_free
 .text.queuebuf_to_packetbuf
                0x0000a624       0x32 contiki-sky.a(queuebuf.o)
                0x0000a624                queuebuf_to_packetbuf
 .text.queuebuf_dataptr
                0x0000a656       0x1c contiki-sky.a(queuebuf.o)
                0x0000a656                queuebuf_dataptr
 .text.queuebuf_datalen
                0x0000a672        0x8 contiki-sky.a(queuebuf.o)
                0x0000a672                queuebuf_datalen
 .text.queuebuf_attr
                0x0000a67a        0xe contiki-sky.a(queuebuf.o)
                0x0000a67a                queuebuf_attr
 .text.mac_sequence_is_duplicate
                0x0000a688       0x84 contiki-sky.a(mac-sequence.o)
                0x0000a688                mac_sequence_is_duplicate
 .text.mac_sequence_register_seqno
                0x0000a70c       0x90 contiki-sky.a(mac-sequence.o)
                0x0000a70c                mac_sequence_register_seqno
 .text.mac_call_sent_callback
                0x0000a79c       0x14 contiki-sky.a(mac.o)
                0x0000a79c                mac_call_sent_callback
 .text.frame802154_get_pan_id
                0x0000a7b0        0x6 contiki-sky.a(frame802154.o)
                0x0000a7b0                frame802154_get_pan_id
 .text.frame802154_set_pan_id
                0x0000a7b6        0x6 contiki-sky.a(frame802154.o)
                0x0000a7b6                frame802154_set_pan_id
 .text.frame802154_has_panid
                0x0000a7bc       0xe0 contiki-sky.a(frame802154.o)
                0x0000a7bc                frame802154_has_panid
 .text.field_len
                0x0000a89c       0xac contiki-sky.a(frame802154.o)
 .text.frame802154_check_dest_panid
                0x0000a948       0x3a contiki-sky.a(frame802154.o)
                0x0000a948                frame802154_check_dest_panid
 .text.frame802154_is_broadcast_addr
                0x0000a982       0x28 contiki-sky.a(frame802154.o)
                0x0000a982                frame802154_is_broadcast_addr
 .text.frame802154_extract_linkaddr
                0x0000a9aa       0x9c contiki-sky.a(frame802154.o)
                0x0000a9aa                frame802154_extract_linkaddr
 .text.frame802154_hdrlen
                0x0000aa46       0x32 contiki-sky.a(frame802154.o)
                0x0000aa46                frame802154_hdrlen
 .text.frame802154_create_fcf
                0x0000aa78       0x96 contiki-sky.a(frame802154.o)
                0x0000aa78                frame802154_create_fcf
 .text.frame802154_create
                0x0000ab0e       0xe4 contiki-sky.a(frame802154.o)
                0x0000ab0e                frame802154_create
 .text.frame802154_parse_fcf
                0x0000abf2       0xbc contiki-sky.a(frame802154.o)
                0x0000abf2                frame802154_parse_fcf
 .text.frame802154_parse
                0x0000acae      0x168 contiki-sky.a(frame802154.o)
                0x0000acae                frame802154_parse
 .text.tsch_timesync_update
                0x0000ae16      0x138 contiki-sky.a(tsch-adaptive-t)
                0x0000ae16                tsch_timesync_update
 .text.tsch_timesync_adaptive_compensate
                0x0000af4e      0x22e contiki-sky.a(tsch-adaptive-t)
                0x0000af4e                tsch_timesync_adaptive_compensate
 .text.tsch_packet_eackbuf_attr
                0x0000b17c        0xa contiki-sky.a(tsch-packet.o)
                0x0000b17c                tsch_packet_eackbuf_attr
 .text.tsch_packet_create_eack
                0x0000b186       0xc2 contiki-sky.a(tsch-packet.o)
                0x0000b186                tsch_packet_create_eack
 .text.tsch_packet_parse_eack
                0x0000b248       0xce contiki-sky.a(tsch-packet.o)
                0x0000b248                tsch_packet_parse_eack
 .text.tsch_packet_create_eb
                0x0000b316      0x194 contiki-sky.a(tsch-packet.o)
                0x0000b316                tsch_packet_create_eb
 .text.tsch_packet_update_eb
                0x0000b4aa       0x42 contiki-sky.a(tsch-packet.o)
                0x0000b4aa                tsch_packet_update_eb
 .text.tsch_packet_parse_eb
                0x0000b4ec       0x94 contiki-sky.a(tsch-packet.o)
                0x0000b4ec                tsch_packet_parse_eb
 .text.tsch_queue_get_nbr
                0x0000b580       0x40 contiki-sky.a(tsch-queue.o)
                0x0000b580                tsch_queue_get_nbr
 .text.tsch_queue_add_nbr
                0x0000b5c0       0x8c contiki-sky.a(tsch-queue.o)
                0x0000b5c0                tsch_queue_add_nbr
 .text.tsch_queue_get_time_source
                0x0000b64c       0x28 contiki-sky.a(tsch-queue.o)
                0x0000b64c                tsch_queue_get_time_source
 .text.tsch_queue_update_time_source
                0x0000b674       0x74 contiki-sky.a(tsch-queue.o)
                0x0000b674                tsch_queue_update_time_source
 .text.tsch_queue_add_packet
                0x0000b6e8       0xe0 contiki-sky.a(tsch-queue.o)
                0x0000b6e8                tsch_queue_add_packet
 .text.tsch_queue_packet_count
                0x0000b7c8       0x26 contiki-sky.a(tsch-queue.o)
                0x0000b7c8                tsch_queue_packet_count
 .text.tsch_queue_remove_packet_from_queue
                0x0000b7ee       0x3a contiki-sky.a(tsch-queue.o)
                0x0000b7ee                tsch_queue_remove_packet_from_queue
 .text.tsch_queue_free_packet
                0x0000b828       0x1c contiki-sky.a(tsch-queue.o)
                0x0000b828                tsch_queue_free_packet
 .text.tsch_queue_is_empty
                0x0000b844       0x2c contiki-sky.a(tsch-queue.o)
                0x0000b844                tsch_queue_is_empty
 .text.tsch_queue_flush_nbr_queue
                0x0000b870       0x40 contiki-sky.a(tsch-queue.o)
 .text.tsch_queue_reset
                0x0000b8b0       0x3a contiki-sky.a(tsch-queue.o)
                0x0000b8b0                tsch_queue_reset
 .text.tsch_queue_free_unused_neighbors
                0x0000b8ea       0x68 contiki-sky.a(tsch-queue.o)
                0x0000b8ea                tsch_queue_free_unused_neighbors
 .text.tsch_queue_get_packet_for_nbr
                0x0000b952       0x58 contiki-sky.a(tsch-queue.o)
                0x0000b952                tsch_queue_get_packet_for_nbr
 .text.tsch_queue_get_unicast_packet_for_any
                0x0000b9aa       0x58 contiki-sky.a(tsch-queue.o)
                0x0000b9aa                tsch_queue_get_unicast_packet_for_any
 .text.tsch_queue_backoff_inc
                0x0000ba02       0x4e contiki-sky.a(tsch-queue.o)
                0x0000ba02                tsch_queue_backoff_inc
 .text.tsch_queue_packet_sent
                0x0000ba50       0xb2 contiki-sky.a(tsch-queue.o)
                0x0000ba50                tsch_queue_packet_sent
 .text.tsch_queue_update_all_backoff_windows
                0x0000bb02       0x5e contiki-sky.a(tsch-queue.o)
                0x0000bb02                tsch_queue_update_all_backoff_windows
 .text.tsch_queue_init
                0x0000bb60       0x32 contiki-sky.a(tsch-queue.o)
                0x0000bb60                tsch_queue_init
 .text.spi_init
                0x0000bb92       0x30 contiki-sky.a(spi.o)
                0x0000bb92                spi_init
 .text.frame80215e_create_ie_header_ack_nack_time_correction
                0x0000bbc2       0x38 contiki-sky.a(frame802154e-ie)
                0x0000bbc2                frame80215e_create_ie_header_ack_nack_time_correction
 .text.frame80215e_create_ie_header_list_termination_1
                0x0000bbfa       0x1c contiki-sky.a(frame802154e-ie)
                0x0000bbfa                frame80215e_create_ie_header_list_termination_1
 .text.frame80215e_create_ie_mlme
                0x0000bc16       0x28 contiki-sky.a(frame802154e-ie)
                0x0000bc16                frame80215e_create_ie_mlme
 .text.frame80215e_create_ie_tsch_synchronization
                0x0000bc3e       0x56 contiki-sky.a(frame802154e-ie)
                0x0000bc3e                frame80215e_create_ie_tsch_synchronization
 .text.frame80215e_create_ie_tsch_slotframe_and_link
                0x0000bc94       0xd4 contiki-sky.a(frame802154e-ie)
                0x0000bc94                frame80215e_create_ie_tsch_slotframe_and_link
 .text.frame80215e_create_ie_tsch_timeslot
                0x0000bd68       0x6a contiki-sky.a(frame802154e-ie)
                0x0000bd68                frame80215e_create_ie_tsch_timeslot
 .text.frame80215e_create_ie_tsch_channel_hopping_sequence
                0x0000bdd2       0xa2 contiki-sky.a(frame802154e-ie)
                0x0000bdd2                frame80215e_create_ie_tsch_channel_hopping_sequence
 .text.frame80215e_create_ie_tsch_neighbor_discovery
                0x0000be74       0x2e contiki-sky.a(frame802154e-ie)
                0x0000be74                frame80215e_create_ie_tsch_neighbor_discovery
 .text.frame802154e_parse_information_elements
                0x0000bea2      0x3b6 contiki-sky.a(frame802154e-ie)
                0x0000bea2                frame802154e_parse_information_elements
 .text.libgcc   0x0000c258       0x2c /usr/local/bin/../lib/gcc/msp430/4.7.2/mmpy-16/libgcc.a(_mulsi3.o)
                0x0000c258                __mulsi3
 .text.libgcc   0x0000c284       0x42 /usr/local/bin/../lib/gcc/msp430/4.7.2/mmpy-16/libgcc.a(_mulsidi3.o)
                0x0000c284                __mulsidi3
 .text.libgcc   0x0000c2c6       0x76 /usr/local/bin/../lib/gcc/msp430/4.7.2/mmpy-16/libgcc.a(_muldi3.o)
                0x0000c2c6                __muldi3
                0x0000c2fc                __xabi_muldi3
 .text.libgcc   0x0000c33c       0x22 /usr/local/bin/../lib/gcc/msp430/4.7.2/mmpy-16/libgcc.a(_udivmod16.o)
                0x0000c33c                __udivhi3
                0x0000c33c                __ext_udivmod16
                0x0000c356                __umodhi3
 .text.libgcc   0x0000c35e       0x3a /usr/local/bin/../lib/gcc/msp430/4.7.2/mmpy-16/libgcc.a(_divmod16.o)
                0x0000c35e                __ext_divmod16
                0x0000c35e                __divhi3
                0x0000c390                __modhi3
 .text.libgcc   0x0000c398       0x40 /usr/local/bin/../lib/gcc/msp430/4.7.2/mmpy-16/libgcc.a(_udivmod32.o)
                0x0000c398                __udivsi3
                0x0000c398                __ext_udivmod32
                0x0000c3ce                __umodsi3
 .text.libgcc   0x0000c3d8       0x4c /usr/local/bin/../lib/gcc/msp430/4.7.2/mmpy-16/libgcc.a(_divmod32.o)
                0x0000c3d8                __ext_divmod32
                0x0000c3d8                __divsi3
                0x0000c41a                __modsi3
 .text.libgcc   0x0000c424       0xb6 /usr/local/bin/../lib/gcc/msp430/4.7.2/mmpy-16/libgcc.a(_divmod64.o)
                0x0000c424                __xabi_divmod64
                0x0000c486                __divdi3
                0x0000c4ac                __moddi3
 .text          0x0000c4da       0x42 /usr/local/bin/../lib/gcc/msp430/4.7.2/mmpy-16/libgcc.a(_fixunssfsi.o)
                0x0000c4da                __fixunssfsi
 .text          0x0000c51c      0x31e /usr/local/bin/../lib/gcc/msp430/4.7.2/mmpy-16/libgcc.a(_addsub_sf.o)
                0x0000c79e                __addsf3
                0x0000c7ea                __subsf3
 .text          0x0000c83a      0x210 /usr/local/bin/../lib/gcc/msp430/4.7.2/mmpy-16/libgcc.a(_mul_sf.o)
                0x0000c83a                __mulsf3
 .text          0x0000ca4a      0x148 /usr/local/bin/../lib/gcc/msp430/4.7.2/mmpy-16/libgcc.a(_div_sf.o)
                0x0000ca4a                __divsf3
 .text          0x0000cb92       0x4e /usr/local/bin/../lib/gcc/msp430/4.7.2/mmpy-16/libgcc.a(_ge_sf.o)
                0x0000cb92                __gesf2
 .text          0x0000cbe0       0x4e /usr/local/bin/../lib/gcc/msp430/4.7.2/mmpy-16/libgcc.a(_lt_sf.o)
                0x0000cbe0                __ltsf2
 .text          0x0000cc2e       0xa8 /usr/local/bin/../lib/gcc/msp430/4.7.2/mmpy-16/libgcc.a(_si_to_sf.o)
                0x0000cc2e                __floatsisf
 .text          0x0000ccd6       0x8c /usr/local/bin/../lib/gcc/msp430/4.7.2/mmpy-16/libgcc.a(_sf_to_si.o)
                0x0000ccd6                __fixsfsi
 .text          0x0000cd62       0xe6 /usr/local/bin/../lib/gcc/msp430/4.7.2/mmpy-16/libgcc.a(_usi_to_sf.o)
                0x0000cd62                __floatunsisf
 .text.libgcc   0x0000ce48       0xf0 /usr/local/bin/../lib/gcc/msp430/4.7.2/mmpy-16/libgcc.a(_udivmod64.o)
                0x0000ce48                __xabi_udivmod64
                0x0000cea6                __udivdi3
                0x0000cecc                __umoddi3
                0x0000cefa                __udivmoddi4
 .text          0x0000cf38       0x72 /usr/local/bin/../lib/gcc/msp430/4.7.2/mmpy-16/libgcc.a(_clzsi2.o)
                0x0000cf38                __clzsi2
 .text          0x0000cfaa      0x1da /usr/local/bin/../lib/gcc/msp430/4.7.2/mmpy-16/libgcc.a(_pack_sf.o)
                0x0000cfaa                __pack_f
 .text          0x0000d184      0x13c /usr/local/bin/../lib/gcc/msp430/4.7.2/mmpy-16/libgcc.a(_unpack_sf.o)
                0x0000d184                __unpack_f
 .text          0x0000d2c0       0xa4 /usr/local/bin/../lib/gcc/msp430/4.7.2/mmpy-16/libgcc.a(_fpcmp_parts_sf.o)
                0x0000d2c0                __fpcmp_parts_f
 .text.printf   0x0000d364       0x10 /usr/local/bin/../lib/gcc/msp430/4.7.2/../../../../msp430/lib/mmpy-16/libc.a(printf.o)
                0x0000d364                printf
 .text.print_field
                0x0000d374      0x194 /usr/local/bin/../lib/gcc/msp430/4.7.2/../../../../msp430/lib/mmpy-16/libc.a(vuprintf.o)
 .text.vuprintf
                0x0000d508      0x63e /usr/local/bin/../lib/gcc/msp430/4.7.2/../../../../msp430/lib/mmpy-16/libc.a(vuprintf.o)
                0x0000d508                vuprintf
 .text.puts     0x0000db46       0x2c /usr/local/bin/../lib/gcc/msp430/4.7.2/../../../../msp430/lib/mmpy-16/libc.a(puts.o)
                0x0000db46                puts
 .text.rand     0x0000db72       0x26 /usr/local/bin/../lib/gcc/msp430/4.7.2/../../../../msp430/lib/mmpy-16/libc.a(rand.o)
                0x0000db72                rand
 .text.srand    0x0000db98        0xa /usr/local/bin/../lib/gcc/msp430/4.7.2/../../../../msp430/lib/mmpy-16/libc.a(rand.o)
                0x0000db98                srand
 .text.memcmp   0x0000dba2       0x30 /usr/local/bin/../lib/gcc/msp430/4.7.2/../../../../msp430/lib/mmpy-16/libc.a(memcmp.o)
                0x0000dba2                memcmp
 .text.memcpy   0x0000dbd2       0xfa /usr/local/bin/../lib/gcc/msp430/4.7.2/../../../../msp430/lib/mmpy-16/libc.a(memcpy.o)
                0x0000dbd2                memcpy
 .text.memmove  0x0000dccc       0xfa /usr/local/bin/../lib/gcc/msp430/4.7.2/../../../../msp430/lib/mmpy-16/libc.a(memmove.o)
                0x0000dccc                memmove
 .text.memset   0x0000ddc6       0x6a /usr/local/bin/../lib/gcc/msp430/4.7.2/../../../../msp430/lib/mmpy-16/libc.a(memset.o)
                0x0000ddc6                memset
 .text.crt0     0x0000de30        0x2 /usr/local/bin/../lib/gcc/msp430/4.7.2/mmpy-16/libcrt0.a(_unexpected_.o)
                0x0000de30                _unexpected_
 *(.near.text .near.text.*)

.rodata         0x0000de34      0xc6b
                0x0000de34                . = ALIGN (0x2)
 *(.rodata .rodata.* .gnu.linkonce.r.*)
 .rodata        0x0000de34       0x84 master-unicast.o
                0x0000de7a                autostart_processes
 .rodata        0x0000deb8       0x63 obj_sky/contiki-main.o
 .rodata        0x0000df1b       0x45 contiki-sky.a(platform.o)
 .rodata        0x0000df60       0x6a contiki-sky.a(master-net.o)
                0x0000dfc2                masternet_driver
 .rodata        0x0000dfca      0x620 contiki-sky.a(master-routing.)
 .rodata        0x0000e5ea      0x158 contiki-sky.a(simple-energest)
 .rodata        0x0000e742        0xf contiki-sky.a(ctimer.o)
 .rodata        0x0000e751        0xc contiki-sky.a(etimer.o)
 *fill*         0x0000e75d        0x1 00
 .rodata        0x0000e75e       0x6e contiki-sky.a(log.o)
 .rodata        0x0000e7cc        0xe contiki-sky.a(serial-line.o)
 .rodata        0x0000e7da        0x8 contiki-sky.a(linkaddr.o)
                0x0000e7da                linkaddr_null
 .rodata        0x0000e7e2        0x6 contiki-sky.a(framer-802154.o)
                0x0000e7e2                framer_802154
 .rodata        0x0000e7e8       0x15 contiki-sky.a(tsch-slot-opera)
 *fill*         0x0000e7fd        0x1 00
 .rodata        0x0000e7fe       0xae contiki-sky.a(tsch.o)
                0x0000e844                tschmac_driver
                0x0000e884                tsch_eb_address
                0x0000e88c                tsch_broadcast_address
 .rodata        0x0000e8ac       0x10 contiki-sky.a(button-sensor.o)
                0x0000e8b4                button_sensor
 .rodata        0x0000e8bc        0x8 contiki-sky.a(sensors.o)
 .rodata.get_value
                0x0000e8c4       0x24 contiki-sky.a(cc2420.o)
 .rodata.set_value
                0x0000e8e8       0x10 contiki-sky.a(cc2420.o)
 .rodata        0x0000e8f8       0x3e contiki-sky.a(cc2420.o)
                0x0000e8f8                cc2420_aes_128_driver
                0x0000e8fc                cc2420_driver
 .rodata        0x0000e936        0x2 contiki-sky.a(frame802154.o)
 .rodata        0x0000e938       0x58 contiki-sky.a(tsch-queue.o)
 .rodata        0x0000e990        0x8 /usr/local/bin/../lib/gcc/msp430/4.7.2/mmpy-16/libgcc.a(_thenan_sf.o)
                0x0000e990                __thenan_sf
 .rodata        0x0000e998      0x100 /usr/local/bin/../lib/gcc/msp430/4.7.2/mmpy-16/libgcc.a(_clz.o)
                0x0000e998                __clz_tab
 .rodata.vuprintf
                0x0000ea98        0x7 /usr/local/bin/../lib/gcc/msp430/4.7.2/../../../../msp430/lib/mmpy-16/libc.a(vuprintf.o)
 *(.near.rodata .near.rodata.*)
                0x0000eaa0                . = ALIGN (0x2)
                0x0000eaa0                _etext = .

.data           0x00001100       0xea load address 0x0000eaa0
                0x00001100                . = ALIGN (0x2)
                0x00001100                __data_start = .
 *(.data .data.* .gnu.linkonce.d.*)
 .data          0x00001100       0x16 master-unicast.o
                0x00001100                master_neighbor_discovery_process
                0x0000110a                master_unicast_process
 .data          0x00001116        0x2 contiki-sky.a(msp430.o)
 .data          0x00001118        0xa contiki-sky.a(master-routing.)
 .data          0x00001122        0xa contiki-sky.a(simple-energest)
                0x00001122                simple_energest_process
 .data          0x0000112c        0xa contiki-sky.a(ctimer.o)
                0x0000112c                ctimer_process
 .data          0x00001136        0xa contiki-sky.a(etimer.o)
                0x00001136                etimer_process
 .data          0x00001140       0x20 contiki-sky.a(log.o)
                0x00001140                all_modules
                0x0000115e                curr_log_level_main
 .data          0x00001160        0xa contiki-sky.a(serial-line.o)
                0x00001160                serial_line_process
 .data          0x0000116a       0x10 contiki-sky.a(tsch-schedule.o)
 .data          0x0000117a        0x2 contiki-sky.a(tsch-slot-opera)
 .data          0x0000117c       0x1e contiki-sky.a(tsch.o)
                0x0000117c                tsch_pending_events_process
                0x00001186                tsch_send_eb_process
                0x00001190                tsch_process
 .data          0x0000119a        0x4 contiki-sky.a(contiki-sky-pla)
                0x0000119a                sensors
 .data          0x0000119e        0xa contiki-sky.a(sensors.o)
                0x0000119e                sensors_process
 .data          0x000011a8        0xc contiki-sky.a(cc2420.o)
                0x000011a8                cc2420_process
 .data          0x000011b4        0x8 contiki-sky.a(link-stats.o)
 .data          0x000011bc        0x8 contiki-sky.a(nbr-table.o)
 .data          0x000011c4       0x10 contiki-sky.a(queuebuf.o)
 .data          0x000011d4        0x2 contiki-sky.a(frame802154.o)
 .data          0x000011d6       0x10 contiki-sky.a(tsch-queue.o)
 .data.next     0x000011e6        0x4 /usr/local/bin/../lib/gcc/msp430/4.7.2/../../../../msp430/lib/mmpy-16/libc.a(rand.o)
 *(.near.data .near.data.*)
                0x000011ea                . = ALIGN (0x2)
                0x000011ea                _edata = .
                0x0000eaa0                __data_load_start = LOADADDR (.data)
                0x000000ea                __data_size = SIZEOF (.data)

.bss            0x000011ea     0x1406 load address 0x0000eb8a
                0x000011ea                __bss_start = .
 *(.bss .bss.*)
 .bss           0x000011ea       0x82 master-unicast.o
 .bss           0x0000126c        0x2 contiki-sky.a(node-id.o)
                0x0000126c                node_id
 .bss           0x0000126e        0xa contiki-sky.a(clock.o)
 .bss           0x00001278        0x2 contiki-sky.a(watchdog.o)
 .bss           0x0000127a        0x4 contiki-sky.a(master-net.o)
 .bss           0x0000127e       0xe2 contiki-sky.a(master-routing.)
                0x0000127e                highestNodeID
                0x00001280                highestSequence
                0x00001282                debug_purpose
 .bss           0x00001360       0x56 contiki-sky.a(simple-energest)
 .bss           0x000013b6        0x4 contiki-sky.a(ctimer.o)
 .bss           0x000013ba        0x6 contiki-sky.a(etimer.o)
 .bss           0x000013c0        0x6 contiki-sky.a(log.o)
                0x000013c0                curr_log_level_framer
                0x000013c2                curr_log_level_mac
                0x000013c4                curr_log_level_nullnet
 .bss           0x000013c6       0xc8 contiki-sky.a(process.o)
                0x000013c6                process_current
                0x000013c8                process_list
 .bss           0x0000148e        0x2 contiki-sky.a(rtimer.o)
 .bss           0x00001490      0x10a contiki-sky.a(serial-line.o)
 .bss           0x0000159a       0x66 contiki-sky.a(packetbuf.o)
 .bss           0x00001600        0x2 contiki-sky.a(framer-802154.o)
 .bss           0x00001602       0xce contiki-sky.a(tsch-schedule.o)
 .bss           0x000016d0       0xfa contiki-sky.a(tsch-slot-opera)
                0x000016d0                current_link
                0x000016d2                last_timesource_neighbor
 .bss           0x000017ca       0xbe contiki-sky.a(tsch.o)
                0x000017ca                tsch_is_pan_secured
                0x000017cc                tsch_association_count
                0x000017ce                tsch_is_associated
                0x000017d0                tsch_is_coordinator
                0x000017d2                tsch_is_initialized
                0x000017d4                tsch_is_started
 .bss           0x00001888        0x8 contiki-sky.a(button-sensor.o)
 .bss           0x00001890        0x6 contiki-sky.a(sensors.o)
 .bss           0x00001896        0xa contiki-sky.a(cc2420.o)
 .bss           0x000018a0       0x9a contiki-sky.a(uart1.o)
 .bss           0x0000193a       0x64 contiki-sky.a(link-stats.o)
 .bss           0x0000199e       0x96 contiki-sky.a(nbr-table.o)
 .bss           0x00001a34      0x4c0 contiki-sky.a(queuebuf.o)
 .bss           0x00001ef4       0xe0 contiki-sky.a(mac-sequence.o)
 .bss           0x00001fd4       0x36 contiki-sky.a(tsch-adaptive-t)
 .bss           0x0000200a       0x24 contiki-sky.a(tsch-packet.o)
                0x0000200a                sequence_number
 .bss           0x0000202e      0x240 contiki-sky.a(tsch-queue.o)
                0x0000202e                num_eb_packets
 *(.near.bss .near.bss.*)
 *(COMMON)
 COMMON         0x0000226e       0x34 obj_sky/contiki-main.o
                0x0000226e                sync_count
                0x00002272                unicast_per_neighbor_rpl_storing
                0x0000227c                unicast_per_neighbor_rpl_ns
                0x00002286                default_common
                0x00002290                eb_per_time_source
                0x0000229a                rx_count
                0x0000229e                tx_count
 COMMON         0x000022a2        0x2 contiki-sky.a(msp430.o)
                0x000022a2                msp430_dco_required
 COMMON         0x000022a4        0x4 contiki-sky.a(master-net.o)
                0x000022a4                masternet_buf
                0x000022a6                masternet_len
 COMMON         0x000022a8       0xb4 contiki-sky.a(master-routing.)
                0x000022a8                receivedCounter
                0x000022e4                strength_vector
 COMMON         0x0000235c       0x38 contiki-sky.a(energest.o)
                0x0000235c                energest_total_time
                0x00002384                energest_current_mode
                0x0000238a                energest_current_time
 COMMON         0x00002394        0x1 contiki-sky.a(serial-line.o)
                0x00002394                serial_line_event_message
 *fill*         0x00002395        0x1 00
 COMMON         0x00002396        0x8 contiki-sky.a(linkaddr.o)
                0x00002396                linkaddr_node_addr
 COMMON         0x0000239e       0x32 contiki-sky.a(packetbuf.o)
                0x0000239e                packetbuf_addrs
                0x000023ae                packetbuf_attrs
 COMMON         0x000023d0      0x1cc contiki-sky.a(tsch-slot-opera)
                0x000023d0                dequeued_array
                0x000023e0                input_ringbuf
                0x000023e4                dequeued_ringbuf
                0x000023e8                last_sync_time
                0x000023ec                input_array
 COMMON         0x0000259c       0x34 contiki-sky.a(tsch.o)
                0x0000259c                tsch_join_priority
                0x0000259e                tsch_timing
                0x000025b6                tsch_hopping_sequence
                0x000025c6                tsch_current_asn
                0x000025cc                tsch_hopping_sequence_length
 COMMON         0x000025d0        0x2 contiki-sky.a(contiki-sky-pla)
                0x000025d0                sensors_flags
 COMMON         0x000025d2        0x8 contiki-sky.a(ds2411.o)
                0x000025d2                ds2411_id
 COMMON         0x000025da        0x1 contiki-sky.a(sensors.o)
                0x000025da                sensors_event
 *fill*         0x000025db        0x1 00
 COMMON         0x000025dc       0x10 contiki-sky.a(cc2420.o)
                0x000025dc                cc2420_last_rssi
                0x000025de                cc2420_sfd_start_time
                0x000025e0                cc2420_time_of_departure
                0x000025e2                cc2420_time_of_arrival
                0x000025e4                cc2420_last_correlation
                0x000025e6                cc2420_authority_level_of_sender
                0x000025e8                cc2420_sfd_counter
                0x000025ea                cc2420_sfd_end_time
 COMMON         0x000025ec        0x4 contiki-sky.a(tsch-queue.o)
                0x000025ec                n_broadcast
                0x000025ee                n_eb
                0x000025f0                . = ALIGN (0x2)
                0x000025f0                __bss_end = .
                0x00001406                __bss_size = SIZEOF (.bss)

.noinit         0x000025f0        0x2 load address 0x0000eb8a
                0x000025f0                . = ALIGN (0x2)
                0x000025f0                __noinit_start = .
 *(.noinit .noinit.*)
 .noinit.crt0   0x000025f0        0x2 /usr/local/bin/../lib/gcc/msp430/4.7.2/mmpy-16/libcrt0.a(__watchdog_support.o)
                0x000025f0                __wdt_clear_value
                0x000025f2                . = ALIGN (0x2)
                0x000025f2                __noinit_end = .
                0x000025f2                . = ALIGN (0x2)
                0x000025f2                _end = .

.infomem        0x00001000        0x0
                0x00001000                . = ALIGN (0x2)
 *(.infomem .infomem.*)

.infomemnobits  0x00001000        0x0
                0x00001000                . = ALIGN (0x2)
 *(.infomemnobits .infomemnobits.*)

.infoa          0x00001080        0x0
                0x00001080                . = ALIGN (0x2)
 *(.infoa .infoa.*)

.infob          0x00001000        0x0
                0x00001000                . = ALIGN (0x2)
 *(.infob .infob.*)

.infoc          0x00000000        0x0
                0x00000000                . = ALIGN (0x2)
 *(.infoc .infoc.*)

.infod          0x00000000        0x0
                0x00000000                . = ALIGN (0x2)
 *(.infod .infod.*)
                0x0000ffff                PROVIDE (__vte_0, 0xffff)
                0x0000ffff                PROVIDE (__vte_1, 0xffff)
                0x0000ffff                PROVIDE (__vte_2, 0xffff)
                0x0000ffff                PROVIDE (__vte_3, 0xffff)
                0x0000ffff                PROVIDE (__vte_4, 0xffff)
                0x0000ffff                PROVIDE (__vte_5, 0xffff)
                0x0000ffff                PROVIDE (__vte_6, 0xffff)
                0x0000ffff                PROVIDE (__vte_7, 0xffff)
                0x0000ffff                PROVIDE (__vte_8, 0xffff)
                0x0000ffff                PROVIDE (__vte_9, 0xffff)
                0x0000ffff                PROVIDE (__vte_10, 0xffff)
                0x0000ffff                PROVIDE (__vte_11, 0xffff)
                0x0000ffff                PROVIDE (__vte_12, 0xffff)
                0x0000ffff                PROVIDE (__vte_13, 0xffff)
                0x0000ffff                PROVIDE (__vte_14, 0xffff)
                0x0000ffff                PROVIDE (__vte_15, 0xffff)
                0x0000ffff                PROVIDE (__vte_16, 0xffff)
                0x0000ffff                PROVIDE (__vte_17, 0xffff)
                0x0000ffff                PROVIDE (__vte_18, 0xffff)
                0x0000ffff                PROVIDE (__vte_19, 0xffff)
                0x0000ffff                PROVIDE (__vte_20, 0xffff)
                0x0000ffff                PROVIDE (__vte_21, 0xffff)
                0x0000ffff                PROVIDE (__vte_22, 0xffff)
                0x0000ffff                PROVIDE (__vte_23, 0xffff)
                0x0000ffff                PROVIDE (__vte_24, 0xffff)
                0x0000ffff                PROVIDE (__vte_25, 0xffff)
                0x0000ffff                PROVIDE (__vte_26, 0xffff)
                0x0000ffff                PROVIDE (__vte_27, 0xffff)
                0x0000ffff                PROVIDE (__vte_28, 0xffff)
                0x0000ffff                PROVIDE (__vte_29, 0xffff)
                0x0000ffff                PROVIDE (__vte_30, 0xffff)
                0x0000ffff                PROVIDE (__vte_31, 0xffff)

.vectors        0x0000ffe0       0x20
                0x0000ffe0                __vectors_start = .
 *(.vectors*)
 .vectors       0x0000ffe0       0x20 /usr/local/bin/../lib/gcc/msp430/4.7.2/mmpy-16/crt0ivtbl16.o
                0x0000ffe0                __ivtbl_16
                0x00010000                _vectors_end = .

.fartext        0x00000000        0x0
                0x00000000                . = ALIGN (0x2)
 *(.fartext .fartext.*)

.far.text       0x00000000        0x0
                0x00000000                . = ALIGN (0x2)
 *(.far.text .far.text.*)

.far.rodata     0x00000000        0x0
                0x00000000                . = ALIGN (0x2)
 *(.far.rodata .far.rodata.*)
                0x00000000                . = ALIGN (0x2)
                0x00000000                _efartext = .

.far.data       0x00000000        0x0
                0x00000000                . = ALIGN (0x2)
                0x00000000                __far_data_start = .
 *(.far.data .far.data.*)
                0x00000000                . = ALIGN (0x2)
                0x00000000                _efardata = .
                0x00000000                __far_data_load_start = LOADADDR (.far.data)
                0x00000000                __far_data_size = SIZEOF (.far.data)

.far.bss        0x00000000        0x0
                0x00000000                . = ALIGN (0x2)
                0x00000000                __far_bss_start = .
 *(.far.bss .far.bss.*)
                0x00000000                . = ALIGN (0x2)
                0x00000000                __far_bss_end = .
                0x00000000                __far_bss_size = SIZEOF (.far.bss)
                0x00000000                . = ALIGN (0x2)
                0x00000000                _far_end = .

.profiler
 *(.profiler)

.stab           0x00000000    0x2139c
 *(.stab)
 .stab          0x00000000      0xc00 master-unicast.o
 .stab          0x00000c00      0xf18 obj_sky/contiki-main.o
                               0x1434 (size before relaxing)
 .stab          0x00001b18      0x318 contiki-sky.a(node-id.o)
                                0x63c (size before relaxing)
 .stab          0x00001e30      0x228 contiki-sky.a(uart1-putchar.o)
                                0x6fc (size before relaxing)
 .stab          0x00002058      0xba0 contiki-sky.a(platform.o)
                                0xf30 (size before relaxing)
 .stab          0x00002bf8      0x5d0 contiki-sky.a(msp430.o)
                                0x8f4 (size before relaxing)
 .stab          0x000031c8      0x900 contiki-sky.a(clock.o)
                                0xc48 (size before relaxing)
 .stab          0x00003ac8      0x468 contiki-sky.a(leds.o)
                                0x78c (size before relaxing)
 .stab          0x00003f30      0x360 contiki-sky.a(leds-arch.o)
                                0x684 (size before relaxing)
 .stab          0x00004290      0x3b4 contiki-sky.a(watchdog.o)
                                0x6d8 (size before relaxing)
 .stab          0x00004644      0x378 contiki-sky.a(rtimer-arch.o)
                                0x69c (size before relaxing)
 .stab          0x000049bc      0x948 contiki-sky.a(master-net.o)
                                0xf78 (size before relaxing)
 .stab          0x00005304     0x2da8 contiki-sky.a(master-routing.)
                               0x33f0 (size before relaxing)
 .stab          0x000080ac      0x6fc contiki-sky.a(simple-energest)
                                0xc54 (size before relaxing)
 .stab          0x000087a8      0x2ac contiki-sky.a(autostart.o)
                                0x5d0 (size before relaxing)
 .stab          0x00008a54      0x804 contiki-sky.a(ctimer.o)
                                0xb40 (size before relaxing)
 .stab          0x00009258      0x3d8 contiki-sky.a(energest.o)
                                0x720 (size before relaxing)
 .stab          0x00009630      0xa98 contiki-sky.a(etimer.o)
                                0xdbc (size before relaxing)
 .stab          0x0000a0c8      0x51c contiki-sky.a(hash-map.o)
                                0x840 (size before relaxing)
 .stab          0x0000a5e4      0x810 contiki-sky.a(log.o)
                                0xdb0 (size before relaxing)
 .stab          0x0000adf4      0xb88 contiki-sky.a(process.o)
                               0x1098 (size before relaxing)
 .stab          0x0000b97c      0x348 contiki-sky.a(rtimer.o)
                                0x66c (size before relaxing)
 .stab          0x0000bcc4      0x39c contiki-sky.a(timer.o)
                                0x6c0 (size before relaxing)
 .stab          0x0000c060      0x51c contiki-sky.a(serial-line.o)
                                0x9f0 (size before relaxing)
 .stab          0x0000c57c      0x8ac contiki-sky.a(list.o)
                                0xd98 (size before relaxing)
 .stab          0x0000ce28      0x288 contiki-sky.a(random.o)
                                0x774 (size before relaxing)
 .stab          0x0000d0b0      0x450 contiki-sky.a(ringbuf.o)
                                0x78c (size before relaxing)
 .stab          0x0000d500      0x30c contiki-sky.a(linkaddr.o)
                                0x804 (size before relaxing)
 .stab          0x0000d80c      0x42c contiki-sky.a(netstack.o)
                                0x8b8 (size before relaxing)
 .stab          0x0000dc38      0xbb8 contiki-sky.a(packetbuf.o)
                               0x1644 (size before relaxing)
 .stab          0x0000e7f0      0x7a4 contiki-sky.a(framer-802154.o)
                               0x1020 (size before relaxing)
 .stab          0x0000ef94     0x18d8 contiki-sky.a(tsch-schedule.o)
                               0x1fa4 (size before relaxing)
 .stab          0x0001086c     0x1674 contiki-sky.a(tsch-slot-opera)
                               0x210c (size before relaxing)
 .stab          0x00011ee0     0x1bcc contiki-sky.a(tsch.o)
                               0x26b8 (size before relaxing)
 .stab          0x00013aac      0x240 contiki-sky.a(contiki-sky-pla)
                                0x564 (size before relaxing)
 .stab          0x00013cec      0x390 contiki-sky.a(button-sensor.o)
                                0x6cc (size before relaxing)
 .stab          0x0001407c      0x600 contiki-sky.a(ds2411.o)
                                0xaec (size before relaxing)
 .stab          0x0001467c      0x990 contiki-sky.a(xmem.o)
                                0xe88 (size before relaxing)
 .stab          0x0001500c      0x684 contiki-sky.a(sensors.o)
                                0xb70 (size before relaxing)
 .stab          0x00015690     0x2820 contiki-sky.a(cc2420.o)
                               0x2f88 (size before relaxing)
 .stab          0x00017eb0      0x39c contiki-sky.a(cc2420-arch.o)
                                0xda4 (size before relaxing)
 .stab          0x0001824c      0x2f4 contiki-sky.a(cc2420-arch-sfd)
                                0x720 (size before relaxing)
 .stab          0x00018540      0x5d0 contiki-sky.a(uart1.o)
                                0x90c (size before relaxing)
 .stab          0x00018b10      0x5ac contiki-sky.a(memb.o)
                                0xab0 (size before relaxing)
 .stab          0x000190bc      0x5e8 contiki-sky.a(ringbufindex.o)
                                0xaec (size before relaxing)
 .stab          0x000196a4      0x834 contiki-sky.a(link-stats.o)
                               0x11e8 (size before relaxing)
 .stab          0x00019ed8     0x105c contiki-sky.a(nbr-table.o)
                               0x16d4 (size before relaxing)
 .stab          0x0001af34      0x8d0 contiki-sky.a(queuebuf.o)
                               0x1314 (size before relaxing)
 .stab          0x0001b804      0x4d4 contiki-sky.a(mac-sequence.o)
                                0xf30 (size before relaxing)
 .stab          0x0001bcd8      0x294 contiki-sky.a(mac.o)
                                0x864 (size before relaxing)
 .stab          0x0001bf6c     0x1194 contiki-sky.a(frame802154.o)
                               0x1968 (size before relaxing)
 .stab          0x0001d100      0x918 contiki-sky.a(tsch-adaptive-t)
                                0xffc (size before relaxing)
 .stab          0x0001da18      0xca8 contiki-sky.a(tsch-packet.o)
                               0x1740 (size before relaxing)
 .stab          0x0001e6c0     0x16ec contiki-sky.a(tsch-queue.o)
                               0x2118 (size before relaxing)
 .stab          0x0001fdac      0x258 contiki-sky.a(spi.o)
                                0x57c (size before relaxing)
 .stab          0x00020004     0x1398 contiki-sky.a(frame802154e-ie)
                               0x1cf8 (size before relaxing)

.stabstr        0x00000000    0x18cc1
 *(.stabstr)
 .stabstr       0x00000000    0x18cc1 master-unicast.o

.stab.excl
 *(.stab.excl)

.stab.exclstr
 *(.stab.exclstr)

.stab.index
 *(.stab.index)

.stab.indexstr
 *(.stab.indexstr)

.comment        0x00000000       0x30
 *(.comment)
 .comment       0x00000000       0x30 master-unicast.o
                                 0x31 (size before relaxing)
 .comment       0x00000000       0x31 obj_sky/contiki-main.o
 .comment       0x00000000       0x31 contiki-sky.a(node-id.o)
 .comment       0x00000000       0x31 contiki-sky.a(uart1-putchar.o)
 .comment       0x00000000       0x31 contiki-sky.a(platform.o)
 .comment       0x00000000       0x31 contiki-sky.a(msp430.o)
 .comment       0x00000000       0x31 contiki-sky.a(clock.o)
 .comment       0x00000000       0x31 contiki-sky.a(leds.o)
 .comment       0x00000000       0x31 contiki-sky.a(leds-arch.o)
 .comment       0x00000000       0x31 contiki-sky.a(watchdog.o)
 .comment       0x00000000       0x31 contiki-sky.a(rtimer-arch.o)
 .comment       0x00000000       0x31 contiki-sky.a(master-net.o)
 .comment       0x00000000       0x31 contiki-sky.a(master-routing.)
 .comment       0x00000000       0x31 contiki-sky.a(simple-energest)
 .comment       0x00000000       0x31 contiki-sky.a(autostart.o)
 .comment       0x00000000       0x31 contiki-sky.a(ctimer.o)
 .comment       0x00000000       0x31 contiki-sky.a(energest.o)
 .comment       0x00000000       0x31 contiki-sky.a(etimer.o)
 .comment       0x00000000       0x31 contiki-sky.a(hash-map.o)
 .comment       0x00000000       0x31 contiki-sky.a(log.o)
 .comment       0x00000000       0x31 contiki-sky.a(process.o)
 .comment       0x00000000       0x31 contiki-sky.a(rtimer.o)
 .comment       0x00000000       0x31 contiki-sky.a(timer.o)
 .comment       0x00000000       0x31 contiki-sky.a(serial-line.o)
 .comment       0x00000000       0x31 contiki-sky.a(list.o)
 .comment       0x00000000       0x31 contiki-sky.a(random.o)
 .comment       0x00000000       0x31 contiki-sky.a(ringbuf.o)
 .comment       0x00000000       0x31 contiki-sky.a(linkaddr.o)
 .comment       0x00000000       0x31 contiki-sky.a(netstack.o)
 .comment       0x00000000       0x31 contiki-sky.a(packetbuf.o)
 .comment       0x00000000       0x31 contiki-sky.a(framer-802154.o)
 .comment       0x00000000       0x31 contiki-sky.a(tsch-schedule.o)
 .comment       0x00000000       0x31 contiki-sky.a(tsch-slot-opera)
 .comment       0x00000000       0x31 contiki-sky.a(tsch.o)
 .comment       0x00000000       0x31 contiki-sky.a(contiki-sky-pla)
 .comment       0x00000000       0x31 contiki-sky.a(button-sensor.o)
 .comment       0x00000000       0x31 contiki-sky.a(ds2411.o)
 .comment       0x00000000       0x31 contiki-sky.a(xmem.o)
 .comment       0x00000000       0x31 contiki-sky.a(sensors.o)
 .comment       0x00000000       0x31 contiki-sky.a(cc2420.o)
 .comment       0x00000000       0x31 contiki-sky.a(cc2420-arch.o)
 .comment       0x00000000       0x31 contiki-sky.a(cc2420-arch-sfd)
 .comment       0x00000000       0x31 contiki-sky.a(uart1.o)
 .comment       0x00000000       0x31 contiki-sky.a(memb.o)
 .comment       0x00000000       0x31 contiki-sky.a(ringbufindex.o)
 .comment       0x00000000       0x31 contiki-sky.a(link-stats.o)
 .comment       0x00000000       0x31 contiki-sky.a(nbr-table.o)
 .comment       0x00000000       0x31 contiki-sky.a(queuebuf.o)
 .comment       0x00000000       0x31 contiki-sky.a(mac-sequence.o)
 .comment       0x00000000       0x31 contiki-sky.a(mac.o)